[transformers] `causal_conv1d_fn` is falling back to its reference PyTorch implementation because `causal_conv1d` is not installed. This is correct but much slower; install `causal_conv1d` for the optimized kernel.
[transformers] `chunk_gated_delta_rule` is falling back to its reference PyTorch implementation because `flash-linear-attention` is not installed. This is correct but much slower; install `flash-linear-attention` for the optimized kernel.
[fp32_strict_math] Directly loading ONE text model as torch.float32; fresh free memory 21.84 GiB.

Fetching 2 files:   0%|          | 0/2 [00:00<?, ?it/s]
Fetching 2 files:  50%|█████     | 1/2 [00:22<00:22, 22.84s/it]
Fetching 2 files: 100%|██████████| 2/2 [00:24<00:00, 10.35s/it]
Fetching 2 files: 100%|██████████| 2/2 [00:24<00:00, 12.23s/it]

Loading weights:   0%|          | 0/426 [00:00<?, ?it/s]
Loading weights:   0%|          | 1/426 [00:00<06:46,  1.05it/s]
Loading weights:  10%|▉         | 42/426 [00:01<00:07, 52.75it/s]
Loading weights:  15%|█▍        | 62/426 [00:01<00:05, 71.08it/s]
Loading weights:  19%|█▉        | 80/426 [00:01<00:04, 80.35it/s]
Loading weights:  22%|██▏       | 95/426 [00:01<00:03, 85.75it/s]
Loading weights:  26%|██▌       | 109/426 [00:01<00:03, 95.08it/s]
Loading weights:  29%|██▉       | 123/426 [00:01<00:02, 104.43it/s]
Loading weights:  32%|███▏      | 137/426 [00:01<00:02, 107.43it/s]
Loading weights:  35%|███▌      | 150/426 [00:01<00:02, 106.39it/s]
Loading weights:  38%|███▊      | 163/426 [00:02<00:02, 110.40it/s]
Loading weights:  41%|████▏     | 176/426 [00:02<00:02, 115.05it/s]
Loading weights:  44%|████▍     | 189/426 [00:02<00:02, 114.07it/s]
Loading weights:  47%|████▋     | 201/426 [00:02<00:02, 107.94it/s]
Loading weights:  52%|█████▏    | 220/426 [00:02<00:01, 116.48it/s]
Loading weights:  55%|█████▍    | 234/426 [00:02<00:01, 117.66it/s]
Loading weights:  58%|█████▊    | 248/426 [00:02<00:01, 117.29it/s]
Loading weights:  61%|██████    | 260/426 [00:02<00:01, 110.03it/s]
Loading weights:  65%|██████▌   | 278/426 [00:03<00:01, 121.98it/s]
Loading weights:  69%|██████▊   | 292/426 [00:03<00:01, 121.82it/s]
Loading weights:  72%|███████▏  | 305/426 [00:03<00:00, 123.02it/s]
Loading weights:  75%|███████▍  | 318/426 [00:03<00:00, 112.20it/s]
Loading weights:  80%|███████▉  | 340/426 [00:03<00:00, 121.92it/s]
Loading weights:  83%|████████▎ | 354/426 [00:03<00:00, 120.62it/s]
Loading weights:  86%|████████▌ | 367/426 [00:03<00:00, 115.18it/s]
Loading weights:  90%|█████████ | 384/426 [00:03<00:00, 124.27it/s]
Loading weights:  93%|█████████▎| 397/426 [00:04<00:00, 125.06it/s]
Loading weights:  96%|█████████▌| 410/426 [00:04<00:00, 120.98it/s]
Loading weights:  99%|█████████▉| 423/426 [00:04<00:00, 118.87it/s]
Loading weights: 100%|██████████| 426/426 [00:04<00:00, 99.15it/s] 
[fp32_strict_math] Cache/policy parity 1/128 episodes.
[fp32_strict_math] Cache/policy parity 9/128 episodes.
[fp32_strict_math] Cache/policy parity 17/128 episodes.
[fp32_strict_math] Cache/policy parity 25/128 episodes.
[fp32_strict_math] Cache/policy parity 33/128 episodes.
[fp32_strict_math] Cache/policy parity 41/128 episodes.
[fp32_strict_math] Cache/policy parity 49/128 episodes.
[fp32_strict_math] Cache/policy parity 57/128 episodes.
[fp32_strict_math] Cache/policy parity 65/128 episodes.
[fp32_strict_math] Cache/policy parity 73/128 episodes.
[fp32_strict_math] Cache/policy parity 81/128 episodes.
[fp32_strict_math] Cache/policy parity 89/128 episodes.
[fp32_strict_math] Cache/policy parity 97/128 episodes.
[fp32_strict_math] Cache/policy parity 105/128 episodes.
[fp32_strict_math] Cache/policy parity 113/128 episodes.
[fp32_strict_math] Cache/policy parity 121/128 episodes.
[fp32_strict_math] Cache/policy parity 128/128 episodes.
[fp32_strict_math] Component profile 1/16 episodes.
[fp32_strict_math] Component profile 2/16 episodes.
[fp32_strict_math] Component profile 3/16 episodes.
[fp32_strict_math] Component profile 4/16 episodes.
[fp32_strict_math] Component profile 5/16 episodes.
[fp32_strict_math] Component profile 6/16 episodes.
[fp32_strict_math] Component profile 7/16 episodes.
[fp32_strict_math] Component profile 8/16 episodes.
[fp32_strict_math] Component profile 9/16 episodes.
[fp32_strict_math] Component profile 10/16 episodes.
[fp32_strict_math] Component profile 11/16 episodes.
[fp32_strict_math] Component profile 12/16 episodes.
[fp32_strict_math] Component profile 13/16 episodes.
[fp32_strict_math] Component profile 14/16 episodes.
[fp32_strict_math] Component profile 15/16 episodes.
[fp32_strict_math] Component profile 16/16 episodes.
[fp32_strict_math] Complete-request benchmark 1/32 episodes.
[fp32_strict_math] Complete-request benchmark 2/32 episodes.
[fp32_strict_math] Complete-request benchmark 3/32 episodes.
[fp32_strict_math] Complete-request benchmark 4/32 episodes.
[fp32_strict_math] Complete-request benchmark 5/32 episodes.
[fp32_strict_math] Complete-request benchmark 6/32 episodes.
[fp32_strict_math] Complete-request benchmark 7/32 episodes.
[fp32_strict_math] Complete-request benchmark 8/32 episodes.
[fp32_strict_math] Complete-request benchmark 9/32 episodes.
[fp32_strict_math] Complete-request benchmark 10/32 episodes.
[fp32_strict_math] Complete-request benchmark 11/32 episodes.
[fp32_strict_math] Complete-request benchmark 12/32 episodes.
[fp32_strict_math] Complete-request benchmark 13/32 episodes.
[fp32_strict_math] Complete-request benchmark 14/32 episodes.
[fp32_strict_math] Complete-request benchmark 15/32 episodes.
[fp32_strict_math] Complete-request benchmark 16/32 episodes.
[fp32_strict_math] Complete-request benchmark 17/32 episodes.
[fp32_strict_math] Complete-request benchmark 18/32 episodes.
[fp32_strict_math] Complete-request benchmark 19/32 episodes.
[fp32_strict_math] Complete-request benchmark 20/32 episodes.
[fp32_strict_math] Complete-request benchmark 21/32 episodes.
[fp32_strict_math] Complete-request benchmark 22/32 episodes.
[fp32_strict_math] Complete-request benchmark 23/32 episodes.
[fp32_strict_math] Complete-request benchmark 24/32 episodes.
[fp32_strict_math] Complete-request benchmark 25/32 episodes.
[fp32_strict_math] Complete-request benchmark 26/32 episodes.
[fp32_strict_math] Complete-request benchmark 27/32 episodes.
[fp32_strict_math] Complete-request benchmark 28/32 episodes.
[fp32_strict_math] Complete-request benchmark 29/32 episodes.
[fp32_strict_math] Complete-request benchmark 30/32 episodes.
[fp32_strict_math] Complete-request benchmark 31/32 episodes.
[fp32_strict_math] Complete-request benchmark 32/32 episodes.
[fp32_strict_math] Long-prefix mechanics: 64 tokens.
[fp32_strict_math] Long-prefix mechanics: 256 tokens.
[fp32_strict_math] Long-prefix mechanics: 1024 tokens.
