[transformers] `causal_conv1d_fn` is falling back to its reference PyTorch implementation because `causal_conv1d` is not installed. This is correct but much slower; install `causal_conv1d` for the optimized kernel.
[transformers] `chunk_gated_delta_rule` is falling back to its reference PyTorch implementation because `flash-linear-attention` is not installed. This is correct but much slower; install `flash-linear-attention` for the optimized kernel.
[bf16_default] Directly loading ONE text model as torch.bfloat16; fresh free memory 21.84 GiB.

Fetching 2 files:   0%|          | 0/2 [00:00<?, ?it/s]
Fetching 2 files: 100%|██████████| 2/2 [00:00<00:00, 1236.35it/s]

Loading weights:   0%|          | 0/426 [00:00<?, ?it/s]
Loading weights:   0%|          | 1/426 [00:00<01:49,  3.87it/s]
Loading weights:   6%|▋         | 27/426 [00:00<00:04, 89.08it/s]
Loading weights:  12%|█▏        | 50/426 [00:00<00:02, 133.65it/s]
Loading weights:  19%|█▊        | 79/426 [00:00<00:01, 178.77it/s]
Loading weights:  24%|██▎       | 101/426 [00:00<00:01, 179.26it/s]
Loading weights:  30%|███       | 129/426 [00:00<00:01, 207.57it/s]
Loading weights:  36%|███▌      | 152/426 [00:00<00:01, 203.42it/s]
Loading weights:  42%|████▏     | 181/426 [00:01<00:01, 226.80it/s]
Loading weights:  48%|████▊     | 205/426 [00:01<00:01, 212.64it/s]
Loading weights:  54%|█████▍    | 230/426 [00:01<00:00, 221.94it/s]
Loading weights:  60%|█████▉    | 254/426 [00:01<00:00, 223.38it/s]
Loading weights:  65%|██████▌   | 278/426 [00:01<00:00, 227.02it/s]
Loading weights:  72%|███████▏  | 305/426 [00:01<00:00, 234.61it/s]
Loading weights:  77%|███████▋  | 329/426 [00:01<00:00, 226.46it/s]
Loading weights:  83%|████████▎ | 354/426 [00:01<00:00, 232.75it/s]
Loading weights:  89%|████████▊ | 378/426 [00:01<00:00, 232.62it/s]
Loading weights:  94%|█████████▍| 402/426 [00:02<00:00, 223.83it/s]
Loading weights: 100%|█████████▉| 425/426 [00:02<00:00, 216.27it/s]
Loading weights: 100%|██████████| 426/426 [00:02<00:00, 200.32it/s]
[bf16_default] Cache/policy parity 1/128 episodes.
[bf16_default] Cache/policy parity 9/128 episodes.
[bf16_default] Cache/policy parity 17/128 episodes.
[bf16_default] Cache/policy parity 25/128 episodes.
[bf16_default] Cache/policy parity 33/128 episodes.
[bf16_default] Cache/policy parity 41/128 episodes.
[bf16_default] Cache/policy parity 49/128 episodes.
[bf16_default] Cache/policy parity 57/128 episodes.
[bf16_default] Cache/policy parity 65/128 episodes.
[bf16_default] Cache/policy parity 73/128 episodes.
[bf16_default] Cache/policy parity 81/128 episodes.
[bf16_default] Cache/policy parity 89/128 episodes.
[bf16_default] Cache/policy parity 97/128 episodes.
[bf16_default] Cache/policy parity 105/128 episodes.
[bf16_default] Cache/policy parity 113/128 episodes.
[bf16_default] Cache/policy parity 121/128 episodes.
[bf16_default] Cache/policy parity 128/128 episodes.
[bf16_default] Component profile 1/16 episodes.
[bf16_default] Component profile 2/16 episodes.
[bf16_default] Component profile 3/16 episodes.
[bf16_default] Component profile 4/16 episodes.
[bf16_default] Component profile 5/16 episodes.
[bf16_default] Component profile 6/16 episodes.
[bf16_default] Component profile 7/16 episodes.
[bf16_default] Component profile 8/16 episodes.
[bf16_default] Component profile 9/16 episodes.
[bf16_default] Component profile 10/16 episodes.
[bf16_default] Component profile 11/16 episodes.
[bf16_default] Component profile 12/16 episodes.
[bf16_default] Component profile 13/16 episodes.
[bf16_default] Component profile 14/16 episodes.
[bf16_default] Component profile 15/16 episodes.
[bf16_default] Component profile 16/16 episodes.
[bf16_default] Complete-request benchmark 1/32 episodes.
[bf16_default] Complete-request benchmark 2/32 episodes.
[bf16_default] Complete-request benchmark 3/32 episodes.
[bf16_default] Complete-request benchmark 4/32 episodes.
[bf16_default] Complete-request benchmark 5/32 episodes.
[bf16_default] Complete-request benchmark 6/32 episodes.
[bf16_default] Complete-request benchmark 7/32 episodes.
[bf16_default] Complete-request benchmark 8/32 episodes.
[bf16_default] Complete-request benchmark 9/32 episodes.
[bf16_default] Complete-request benchmark 10/32 episodes.
[bf16_default] Complete-request benchmark 11/32 episodes.
[bf16_default] Complete-request benchmark 12/32 episodes.
[bf16_default] Complete-request benchmark 13/32 episodes.
[bf16_default] Complete-request benchmark 14/32 episodes.
[bf16_default] Complete-request benchmark 15/32 episodes.
[bf16_default] Complete-request benchmark 16/32 episodes.
[bf16_default] Complete-request benchmark 17/32 episodes.
[bf16_default] Complete-request benchmark 18/32 episodes.
[bf16_default] Complete-request benchmark 19/32 episodes.
[bf16_default] Complete-request benchmark 20/32 episodes.
[bf16_default] Complete-request benchmark 21/32 episodes.
[bf16_default] Complete-request benchmark 22/32 episodes.
[bf16_default] Complete-request benchmark 23/32 episodes.
[bf16_default] Complete-request benchmark 24/32 episodes.
[bf16_default] Complete-request benchmark 25/32 episodes.
[bf16_default] Complete-request benchmark 26/32 episodes.
[bf16_default] Complete-request benchmark 27/32 episodes.
[bf16_default] Complete-request benchmark 28/32 episodes.
[bf16_default] Complete-request benchmark 29/32 episodes.
[bf16_default] Complete-request benchmark 30/32 episodes.
[bf16_default] Complete-request benchmark 31/32 episodes.
[bf16_default] Complete-request benchmark 32/32 episodes.
[bf16_default] Long-prefix mechanics: 64 tokens.
[bf16_default] Long-prefix mechanics: 256 tokens.
[bf16_default] Long-prefix mechanics: 1024 tokens.
