[transformers] `causal_conv1d_fn` is falling back to its reference PyTorch implementation because `causal_conv1d` is not installed. This is correct but much slower; install `causal_conv1d` for the optimized kernel.
[transformers] `chunk_gated_delta_rule` is falling back to its reference PyTorch implementation because `flash-linear-attention` is not installed. This is correct but much slower; install `flash-linear-attention` for the optimized kernel.
[TurboQuant] Computing Lloyd-Max codebook for d=256, bits=2...
[TurboQuant] MSE per coord = 4.560158e-04, total MSE = 0.116740
[TurboQuant] Computing Lloyd-Max codebook for d=256, bits=3...
[TurboQuant] MSE per coord = 1.338125e-04, total MSE = 0.034256
[fp32_strict_math] Directly loading ONE text model as torch.float32; fresh free memory 21.84 GiB.

Fetching 2 files:   0%|          | 0/2 [00:00<?, ?it/s]
Fetching 2 files:  50%|█████     | 1/2 [00:23<00:23, 23.53s/it]
Fetching 2 files: 100%|██████████| 2/2 [00:25<00:00, 10.67s/it]
Fetching 2 files: 100%|██████████| 2/2 [00:25<00:00, 12.60s/it]

Loading weights:   0%|          | 0/426 [00:00<?, ?it/s]
Loading weights:   0%|          | 1/426 [00:00<06:51,  1.03it/s]
Loading weights:  10%|▉         | 41/426 [00:01<00:07, 51.54it/s]
Loading weights:  15%|█▍        | 63/426 [00:01<00:05, 69.52it/s]
Loading weights:  19%|█▉        | 81/426 [00:01<00:04, 76.95it/s]
Loading weights:  23%|██▎       | 96/426 [00:01<00:03, 85.27it/s]
Loading weights:  26%|██▌       | 110/426 [00:01<00:03, 95.17it/s]
Loading weights:  29%|██▉       | 124/426 [00:01<00:02, 102.28it/s]
Loading weights:  32%|███▏      | 138/426 [00:01<00:02, 104.96it/s]
Loading weights:  35%|███▌      | 151/426 [00:02<00:02, 99.31it/s] 
Loading weights:  39%|███▉      | 167/426 [00:02<00:02, 106.09it/s]
Loading weights:  42%|████▏     | 181/426 [00:02<00:02, 107.83it/s]
Loading weights:  46%|████▌     | 195/426 [00:02<00:02, 108.92it/s]
Loading weights:  49%|████▊     | 207/426 [00:02<00:02, 104.99it/s]
Loading weights:  53%|█████▎    | 224/426 [00:02<00:01, 120.72it/s]
Loading weights:  56%|█████▌    | 237/426 [00:02<00:01, 121.95it/s]
Loading weights:  59%|█████▊    | 250/426 [00:02<00:01, 118.26it/s]
Loading weights:  62%|██████▏   | 263/426 [00:03<00:01, 108.96it/s]
Loading weights:  65%|██████▌   | 278/426 [00:03<00:01, 116.10it/s]
Loading weights:  69%|██████▊   | 292/426 [00:03<00:01, 116.19it/s]
Loading weights:  72%|███████▏  | 305/426 [00:03<00:01, 118.96it/s]
Loading weights:  75%|███████▍  | 318/426 [00:03<00:00, 108.07it/s]
Loading weights:  78%|███████▊  | 332/426 [00:03<00:00, 113.57it/s]
Loading weights:  81%|████████  | 346/426 [00:03<00:00, 116.60it/s]
Loading weights:  85%|████████▍ | 360/426 [00:03<00:00, 115.12it/s]
Loading weights:  87%|████████▋ | 372/426 [00:03<00:00, 115.51it/s]
Loading weights:  90%|█████████ | 385/426 [00:04<00:00, 118.80it/s]
Loading weights:  94%|█████████▎| 399/426 [00:04<00:00, 119.22it/s]
Loading weights:  97%|█████████▋| 412/426 [00:04<00:00, 119.68it/s]
Loading weights: 100%|█████████▉| 425/426 [00:04<00:00, 116.15it/s]
Loading weights: 100%|██████████| 426/426 [00:04<00:00, 96.73it/s] 
[fp32_strict_math] Uncompressed reference/parity 1/128
[fp32_strict_math] Uncompressed reference/parity 9/128
[fp32_strict_math] Uncompressed reference/parity 17/128
[fp32_strict_math] Uncompressed reference/parity 25/128
[fp32_strict_math] Uncompressed reference/parity 33/128
[fp32_strict_math] Uncompressed reference/parity 41/128
[fp32_strict_math] Uncompressed reference/parity 49/128
[fp32_strict_math] Uncompressed reference/parity 57/128
[fp32_strict_math] Uncompressed reference/parity 65/128
[fp32_strict_math] Uncompressed reference/parity 73/128
[fp32_strict_math] Uncompressed reference/parity 81/128
[fp32_strict_math] Uncompressed reference/parity 89/128
[fp32_strict_math] Uncompressed reference/parity 97/128
[fp32_strict_math] Uncompressed reference/parity 105/128
[fp32_strict_math] Uncompressed reference/parity 113/128
[fp32_strict_math] Uncompressed reference/parity 121/128
[fp32_strict_math] Uncompressed reference/parity 128/128
[fp32_strict_math] Packed-cache parity 1/32
[fp32_strict_math] Packed-cache parity 5/32
[fp32_strict_math] Packed-cache parity 9/32
[fp32_strict_math] Packed-cache parity 13/32
[fp32_strict_math] Packed-cache parity 17/32
[fp32_strict_math] Packed-cache parity 21/32
[fp32_strict_math] Packed-cache parity 25/32
[fp32_strict_math] Packed-cache parity 29/32
[fp32_strict_math] Packed-cache parity 32/32
[fp32_strict_math] Cold request timing 1/16
[fp32_strict_math] Cold request timing 2/16
[fp32_strict_math] Cold request timing 3/16
[fp32_strict_math] Cold request timing 4/16
[fp32_strict_math] Cold request timing 5/16
[fp32_strict_math] Cold request timing 6/16
[fp32_strict_math] Cold request timing 7/16
[fp32_strict_math] Cold request timing 8/16
[fp32_strict_math] Cold request timing 9/16
[fp32_strict_math] Cold request timing 10/16
[fp32_strict_math] Cold request timing 11/16
[fp32_strict_math] Cold request timing 12/16
[fp32_strict_math] Cold request timing 13/16
[fp32_strict_math] Cold request timing 14/16
[fp32_strict_math] Cold request timing 15/16
[fp32_strict_math] Cold request timing 16/16
[fp32_strict_math] Traffic grouped_locality: no_persistent_cache
[fp32_strict_math] Traffic grouped_locality: gpu_lru_lossless
[fp32_strict_math] Traffic grouped_locality: cpu_lru_lossless
[fp32_strict_math] Traffic grouped_locality: gpu_lru_tq_k3_v4_r32
[fp32_strict_math] Traffic shuffled_same_requests: no_persistent_cache
[fp32_strict_math] Traffic shuffled_same_requests: gpu_lru_lossless
[fp32_strict_math] Traffic shuffled_same_requests: cpu_lru_lossless
[fp32_strict_math] Traffic shuffled_same_requests: gpu_lru_tq_k3_v4_r32
[fp32_strict_math] Long-prefix mechanics: 64
[fp32_strict_math] Long-prefix mechanics: 256
[fp32_strict_math] Long-prefix mechanics: 1024
