[transformers] `causal_conv1d_fn` is falling back to its reference PyTorch implementation because `causal_conv1d` is not installed. This is correct but much slower; install `causal_conv1d` for the optimized kernel.
[transformers] `chunk_gated_delta_rule` is falling back to its reference PyTorch implementation because `flash-linear-attention` is not installed. This is correct but much slower; install `flash-linear-attention` for the optimized kernel.
[fp32_strict_math] Directly loading ONE text model as torch.float32; fresh free memory 21.84 GiB.

Fetching 2 files:   0%|          | 0/2 [00:00<?, ?it/s]
Fetching 2 files:  50%|█████     | 1/2 [00:21<00:21, 21.37s/it]
Fetching 2 files: 100%|██████████| 2/2 [00:26<00:00, 11.89s/it]
Fetching 2 files: 100%|██████████| 2/2 [00:26<00:00, 13.31s/it]

Loading weights:   0%|          | 0/426 [00:00<?, ?it/s]
Loading weights:   0%|          | 1/426 [00:00<06:42,  1.06it/s]
Loading weights:  10%|▉         | 41/426 [00:01<00:07, 53.15it/s]
Loading weights:  15%|█▌        | 65/426 [00:01<00:05, 71.98it/s]
Loading weights:  20%|█▉        | 84/426 [00:01<00:04, 82.48it/s]
Loading weights:  23%|██▎       | 100/426 [00:01<00:03, 84.64it/s]
Loading weights:  28%|██▊       | 119/426 [00:01<00:03, 100.28it/s]
Loading weights:  31%|███▏      | 134/426 [00:01<00:02, 101.78it/s]
Loading weights:  35%|███▍      | 147/426 [00:01<00:02, 107.31it/s]
Loading weights:  38%|███▊      | 160/426 [00:02<00:02, 105.57it/s]
Loading weights:  41%|████      | 173/426 [00:02<00:02, 110.63it/s]
Loading weights:  44%|████▍     | 187/426 [00:02<00:02, 112.76it/s]
Loading weights:  47%|████▋     | 200/426 [00:02<00:01, 115.92it/s]
Loading weights:  50%|█████     | 213/426 [00:02<00:01, 109.91it/s]
Loading weights:  53%|█████▎    | 226/426 [00:02<00:01, 114.53it/s]
Loading weights:  56%|█████▋    | 240/426 [00:02<00:01, 115.20it/s]
Loading weights:  60%|█████▉    | 254/426 [00:02<00:01, 114.48it/s]
Loading weights:  62%|██████▏   | 266/426 [00:02<00:01, 114.59it/s]
Loading weights:  67%|██████▋   | 287/426 [00:03<00:01, 117.10it/s]
Loading weights:  71%|███████   | 301/426 [00:03<00:01, 118.23it/s]
Loading weights:  73%|███████▎  | 313/426 [00:03<00:00, 115.87it/s]
Loading weights:  78%|███████▊  | 331/426 [00:03<00:00, 126.24it/s]
Loading weights:  81%|████████  | 344/426 [00:03<00:00, 125.66it/s]
Loading weights:  84%|████████▍ | 358/426 [00:03<00:00, 124.44it/s]
Loading weights:  87%|████████▋ | 371/426 [00:03<00:00, 113.29it/s]
Loading weights:  90%|█████████ | 385/426 [00:03<00:00, 118.83it/s]
Loading weights:  94%|█████████▎| 399/426 [00:04<00:00, 120.12it/s]
Loading weights:  97%|█████████▋| 412/426 [00:04<00:00, 122.47it/s]
Loading weights: 100%|█████████▉| 425/426 [00:04<00:00, 116.67it/s]
Loading weights: 100%|██████████| 426/426 [00:04<00:00, 98.89it/s] 
[fp32_strict_math] fresh: 1/416
[fp32_strict_math] fresh: 9/416
[fp32_strict_math] fresh: 17/416
[fp32_strict_math] fresh: 25/416
[fp32_strict_math] fresh: 33/416
[fp32_strict_math] fresh: 41/416
[fp32_strict_math] fresh: 49/416
[fp32_strict_math] fresh: 57/416
[fp32_strict_math] fresh: 65/416
[fp32_strict_math] fresh: 73/416
[fp32_strict_math] fresh: 81/416
[fp32_strict_math] fresh: 89/416
[fp32_strict_math] fresh: 97/416
[fp32_strict_math] fresh: 105/416
[fp32_strict_math] fresh: 113/416
[fp32_strict_math] fresh: 121/416
[fp32_strict_math] fresh: 129/416
[fp32_strict_math] fresh: 137/416
[fp32_strict_math] fresh: 145/416
[fp32_strict_math] fresh: 153/416
[fp32_strict_math] fresh: 161/416
[fp32_strict_math] fresh: 169/416
[fp32_strict_math] fresh: 177/416
[fp32_strict_math] fresh: 185/416
[fp32_strict_math] fresh: 193/416
[fp32_strict_math] fresh: 201/416
[fp32_strict_math] fresh: 209/416
[fp32_strict_math] fresh: 217/416
[fp32_strict_math] fresh: 225/416
[fp32_strict_math] fresh: 233/416
[fp32_strict_math] fresh: 241/416
[fp32_strict_math] fresh: 249/416
[fp32_strict_math] fresh: 257/416
[fp32_strict_math] fresh: 265/416
[fp32_strict_math] fresh: 273/416
[fp32_strict_math] fresh: 281/416
[fp32_strict_math] fresh: 289/416
[fp32_strict_math] fresh: 297/416
[fp32_strict_math] fresh: 305/416
[fp32_strict_math] fresh: 313/416
[fp32_strict_math] fresh: 321/416
[fp32_strict_math] fresh: 329/416
[fp32_strict_math] fresh: 337/416
[fp32_strict_math] fresh: 345/416
[fp32_strict_math] fresh: 353/416
[fp32_strict_math] fresh: 361/416
[fp32_strict_math] fresh: 369/416
[fp32_strict_math] fresh: 377/416
[fp32_strict_math] fresh: 385/416
[fp32_strict_math] fresh: 393/416
[fp32_strict_math] fresh: 401/416
[fp32_strict_math] fresh: 409/416
[fp32_strict_math] fresh: 416/416
[fp32_strict_math] context: 1/72
[fp32_strict_math] context: 9/72
[fp32_strict_math] context: 17/72
[fp32_strict_math] context: 25/72
[fp32_strict_math] context: 33/72
[fp32_strict_math] context: 41/72
[fp32_strict_math] context: 49/72
[fp32_strict_math] context: 57/72
[fp32_strict_math] context: 65/72
[fp32_strict_math] context: 72/72
[fp32_strict_math] trace 1/2: gpu_lru_lossless
[fp32_strict_math] trace 1/2: no_persistent
[fp32_strict_math] trace 1/2: gpu_lru_kv_fp16
[fp32_strict_math] trace 2/2: no_persistent
[fp32_strict_math] trace 2/2: gpu_lru_kv_fp16
[fp32_strict_math] trace 2/2: gpu_lru_lossless
