profile=winnow:4dff8c5b03cfbf680db6
loader=winnow
commit=e3cb136f431e817ac4aca475ea381b0840ef2cd0
host=Apple M4 Max, 14 cores, 36 GiB RAM, macOS arm64

Skipped model-quality metrics; score harness uses mock siblings for routing-cost evidence.
$ /Users/whit3rabbit/Documents/GitHub/openkind/target/release/openkind pull winnow:4dff8c5b03cfbf680db6
Downloading checkpoint/model.safetensors (942.3 MiB)
Verifying checkpoint/model.safetensors (SHA-256)
Verified checkpoint/model.safetensors
Downloading checkpoint/tokenizer.json (6.7 MiB)
Verifying checkpoint/tokenizer.json (SHA-256)
Verified checkpoint/tokenizer.json
Downloading adapter.safetensors (5.6 MiB)
Verifying adapter.safetensors (SHA-256)
Verified adapter.safetensors
Installed winnow:4dff8c5b03cfbf680db6 (rust-loadable); 954.6 MiB downloaded
To activate it, restart the daemon with: openkind serve --installed-models winnow:4dff8c5b03cfbf680db6
[exit 0] pull winnow:4dff8c5b03cfbf680db6

$ /Users/whit3rabbit/Documents/GitHub/openkind/target/release/openkind-bench score /Users/whit3rabbit/Documents/GitHub/openkind/benchmarks/2026-10-01-local-model-suite/shape-smoke-12.jsonl --engine winnow --output-dir /Users/whit3rabbit/Documents/GitHub/openkind/benchmarks/2026-10-01-local-model-suite/performance/winnow/winnow --reps 1 --host 'Apple M4 Max, 14 cores, 36 GiB RAM, macOS arm64' --commit e3cb136f431e817ac4aca475ea381b0840ef2cd0 --model-root /tmp/openkind-local-suite-2026-10-01/models/models/winnow:4dff8c5b03cfbf680db6/checkpoint --adapter /tmp/openkind-local-suite-2026-10-01/models/models/winnow:4dff8c5b03cfbf680db6/adapter.safetensors
[bench] workload /Users/whit3rabbit/Documents/GitHub/openkind/benchmarks/2026-10-01-local-model-suite/shape-smoke-12.jsonl: 12 rows (sha256 c2db6b36351d340b4f55343109cf4a41444d56c96868ab7f467381dd791c3905)
[bench] 4 groups over 12 rows (grouping=true)
[bench] engine winnow starting
[bench] strategy winnow warmup complete
[bench] strategy winnow rep 0: 0.421 s
[bench] summary /Users/whit3rabbit/Documents/GitHub/openkind/benchmarks/2026-10-01-local-model-suite/performance/winnow/winnow/summary-winnow.json
{"bundle_version":null,"commit":"e3cb136f431e817ac4aca475ea381b0840ef2cd0","context":null,"cross_strategy_answer_parity_clean":null,"engine":"winnow","engine_variant":"winnow","fixture":{"groups":4,"path":"/Users/whit3rabbit/Documents/GitHub/openkind/benchmarks/2026-10-01-local-model-suite/shape-smoke-12.jsonl","rows":12,"sha256":"c2db6b36351d340b4f55343109cf4a41444d56c96868ab7f467381dd791c3905"},"grouping":"per-state","history_aba":false,"host":"Apple M4 Max, 14 cores, 36 GiB RAM, macOS arm64","host_hardware":{"cpu_brand":"Apple M4 Max","logical_cores":14,"model":"Mac16,5","total_memory_bytes":38654705664},"measurement_scope":"routing_overhead_with_mock_siblings","model_revision":"7ae557604adf67be50417f59c2c2f167def9a775","notes":{"cpu_time_seconds":"process-wide user+system CPU time diff across the timed region, excluding warmup and model load; avg_cpu_percent exceeds 100 when multiple threads run","input_tokens_per_second":"total input tokens across all timed repetitions divided by their total wall time","percentiles":"p50 is the median rep total and p95 is the ceil(0.95*n)-1 sample; small rep counts are reported alongside as samples_seconds","request_latency_ms":"latency is per request; grouped rows share their request's latency and are not independent timings; includes request construction through answer extraction"},"peak_resident_bytes":3318104064,"prediction_sha256":{"winnow":"83659b165d88505e5f152c925a9779d536a63a32438057bba346327ae30c6407"},"profile_id":"4dff8c5b03cfbf680db6","reps":1,"schema":"openkind-bench/v1","strategies":[{"avg_cpu_percent":372.70146728917206,"backend_id":"winnow/cpu-fp32-lora","cpu_time_seconds":1.5676580000000002,"decisions_per_second":28.529294064585926,"forced":null,"groups":4,"input_tokens_per_second":2151.5842607041886,"input_tokens_total":905,"model_load_seconds":2.198368,"p50_seconds":0.420620292,"p95_seconds":0.420620292,"reps":1,"rows":12,"samples_seconds":[0.420620292],"strategy":"winnow"}],"timing_scope":"request construction, validation, dispatch, and answer extraction; excludes model load (reported per strategy), result writes, and the untimed warmup pass; warm process","warmup":true}
[exit 0] score winnow (winnow, 12 rows)

$ /Users/whit3rabbit/Documents/GitHub/openkind/target/release/openkind rm winnow:4dff8c5b03cfbf680db6
Removed installed model winnow:4dff8c5b03cfbf680db6
[exit 0] remove winnow:4dff8c5b03cfbf680db6
