profile=decider-4b:0529bf6f2bed84641701
loader=decider-4b
commit=e3cb136f431e817ac4aca475ea381b0840ef2cd0
host=Apple M4 Max, 14 cores, 36 GiB RAM, macOS arm64

$ /Users/whit3rabbit/Documents/GitHub/openkind/target/release/openkind pull decider-4b:0529bf6f2bed84641701
Downloading checkpoint/config.json (1.9 KiB)
Verifying checkpoint/config.json (SHA-256)
Verified checkpoint/config.json
Downloading checkpoint/tokenizer.json (19.1 MiB)
Verifying checkpoint/tokenizer.json (SHA-256)
Verified checkpoint/tokenizer.json
Downloading checkpoint/decider_config.json (1.3 KiB)
Verifying checkpoint/decider_config.json (SHA-256)
Verified checkpoint/decider_config.json
Downloading checkpoint/model.safetensors (7.8 GiB)
Verifying checkpoint/model.safetensors (SHA-256)
Verified checkpoint/model.safetensors
Installed decider-4b:0529bf6f2bed84641701 (rust-loadable); 7.9 GiB downloaded
To activate it, restart the daemon with: openkind serve --installed-models decider-4b:0529bf6f2bed84641701
[exit 0] pull decider-4b:0529bf6f2bed84641701

$ /Users/whit3rabbit/Documents/GitHub/openkind/target/release/openkind-bench dataset eval sst2 --datasets-dir /Users/whit3rabbit/Library/Caches/openkind-local-suite-2026-10-01/datasets --limit 50 --engine decider-4b --host 'Apple M4 Max, 14 cores, 36 GiB RAM, macOS arm64' --commit e3cb136f431e817ac4aca475ea381b0840ef2cd0 --output-dir /Users/whit3rabbit/Documents/GitHub/openkind/benchmarks/2026-10-01-local-model-suite/quality/decider-4b/sst2 --pretty --model-root /tmp/openkind-local-suite-2026-10-01/models/models/decider-4b:0529bf6f2bed84641701/checkpoint
[bench] workload /Users/whit3rabbit/Documents/GitHub/openkind/benchmarks/2026-10-01-local-model-suite/quality/decider-4b/sst2/workload-sst2-eval.jsonl: 50 rows (sha256 aec7abbd2b4c0eb841e63b184e85bf2ce6285bd07cc2791db4e5c9eef2e263eb)
[bench] 50 groups over 50 rows (grouping=true)
[bench] engine decider-4b starting
[bench] strategy decider-4b warmup complete
[bench] strategy decider-4b rep 0: 115.585 s
[bench] summary /Users/whit3rabbit/Documents/GitHub/openkind/benchmarks/2026-10-01-local-model-suite/quality/decider-4b/sst2/summary-decider-4b.json
{
  "comparability": {
    "forced_none_option": true,
    "note": "Choice rows always carry an injected __none__ option; accuracy includes it, answerable_ranking_accuracy excludes it for external comparison. Request wording follows the pinned template source."
  },
  "dataset": {
    "convert_revision": "db3daed39bcd33ea25255ab60c1ac86ad52ce79d",
    "description": "Binary sentence sentiment (GLUE SST-2).",
    "files": 2,
    "gated": "none",
    "hf_repo": "stanfordnlp/sst2",
    "hf_revision": "8d51e7e4887a4caaa95b3fbebbf53c0490b58bbb",
    "license": "unstated on the dataset card; internal evaluation only",
    "name": "sst2",
    "task_family": "text-classification"
  },
  "engine": {
    "bundle_version": null,
    "engine": "decider",
    "model_revision": "eb5fbdfc9448473ec25e399882912863afbdb70e",
    "profile_id": "0529bf6f2bed84641701",
    "strategy": "decider-4b"
  },
  "evidence_class": "model-quality (public-dataset); no model or policy promotion",
  "limit": 50,
  "metrics": {
    "accuracy": 0.96,
    "accuracy_at_coverage": {
      "0.5": {
        "accuracy": 1.0,
        "answered": 25,
        "coverage": 0.5
      },
      "0.8": {
        "accuracy": 1.0,
        "answered": 40,
        "coverage": 0.8
      }
    },
    "accuracy_bootstrap": {
      "ci_95": [
        0.9,
        1.0
      ],
      "clusters": 50,
      "point": 0.96,
      "replicates": 2000,
      "seed": 29160717
    },
    "answerable_ranking_accuracy": 0.96,
    "aurc": 0.0038492506336217248,
    "brier": 0.06257998673554672,
    "ece_10_bins": 0.07697119617644135,
    "false_none_rate": 0.0,
    "macro_f1": 0.9583333333333334,
    "nll": 0.15346030989978082,
    "none_recall": null,
    "per_class_recall": [
      {
        "count": 20,
        "label": "negative",
        "recall": 0.95
      },
      {
        "count": 30,
        "label": "positive",
        "recall": 0.9666666666666667
      }
    ],
    "risk_coverage": [
      {
        "accepted_error": 0.020408163265306145,
        "answered": 49,
        "threshold": 0.5
      },
      {
        "accepted_error": 0.021276595744680882,
        "answered": 47,
        "threshold": 0.75
      },
      {
        "accepted_error": 0.0,
        "answered": 34,
        "threshold": 0.9
      },
      {
        "accepted_error": null,
        "answered": 0,
        "threshold": 0.98
      }
    ],
    "rows": 50
  },
  "provenance": {
    "commit": "e3cb136f431e817ac4aca475ea381b0840ef2cd0",
    "executable_sha256": "8b66617d7ef7371feea5adc66d6d7b0b4858726656b987c005cc0d184f14ca27",
    "host": "Apple M4 Max, 14 cores, 36 GiB RAM, macOS arm64",
    "predictions_path": "/Users/whit3rabbit/Documents/GitHub/openkind/benchmarks/2026-10-01-local-model-suite/quality/decider-4b/sst2/predictions-decider-4b-decider-4b.jsonl",
    "predictions_sha256": "67bf433513dcb3dd68830d14be3d9e0d9c7b3fa7b27060572e02e9094f1869a2",
    "summary_sha256": "153c67dfe16eceaf078a61f56265dc83e686c32fdf40c23161eaf60d7f947b16",
    "workload_path": "/Users/whit3rabbit/Documents/GitHub/openkind/benchmarks/2026-10-01-local-model-suite/quality/decider-4b/sst2/workload-sst2-eval.jsonl",
    "workload_sha256": "aec7abbd2b4c0eb841e63b184e85bf2ce6285bd07cc2791db4e5c9eef2e263eb"
  },
  "rows": 50,
  "schema": "openkind-dataset-eval/v1",
  "skipped_duplicates": 0,
  "skipped_template_rows": 0,
  "split": "eval",
  "template": {
    "id": "jev-benchmarking",
    "source": "https://github.com/AppliedMachineLearning-Lab/jev-benchmarking@6bbdeb33474849b6de2f0cccc9f5e19756abd67e",
    "version": 1
  }
}
[exit 0] eval decider-4b/sst2 (decider-4b)

$ /Users/whit3rabbit/Documents/GitHub/openkind/target/release/openkind-bench dataset eval ag_news --datasets-dir /Users/whit3rabbit/Library/Caches/openkind-local-suite-2026-10-01/datasets --limit 50 --engine decider-4b --host 'Apple M4 Max, 14 cores, 36 GiB RAM, macOS arm64' --commit e3cb136f431e817ac4aca475ea381b0840ef2cd0 --output-dir /Users/whit3rabbit/Documents/GitHub/openkind/benchmarks/2026-10-01-local-model-suite/quality/decider-4b/ag_news --pretty --model-root /tmp/openkind-local-suite-2026-10-01/models/models/decider-4b:0529bf6f2bed84641701/checkpoint
[bench] workload /Users/whit3rabbit/Documents/GitHub/openkind/benchmarks/2026-10-01-local-model-suite/quality/decider-4b/ag_news/workload-ag_news-eval.jsonl: 50 rows (sha256 dc1d8893d535881c1e80eedd7012e8ef0dc8db0daa1ee4cf977a7a0e91dcc998)
[bench] 50 groups over 50 rows (grouping=true)
[bench] engine decider-4b starting
[bench] strategy decider-4b warmup complete
[bench] strategy decider-4b rep 0: 167.268 s
[bench] summary /Users/whit3rabbit/Documents/GitHub/openkind/benchmarks/2026-10-01-local-model-suite/quality/decider-4b/ag_news/summary-decider-4b.json
{
  "comparability": {
    "forced_none_option": true,
    "note": "Choice rows always carry an injected __none__ option; accuracy includes it, answerable_ranking_accuracy excludes it for external comparison. Request wording follows the pinned template source."
  },
  "dataset": {
    "convert_revision": "4efd5262b756aee7a12710ca78c74aa258660063",
    "description": "News topic classification, 4 classes.",
    "files": 2,
    "gated": "none",
    "hf_repo": "fancyzhx/ag_news",
    "hf_revision": "eb185aade064a813bc0b7f42de02595523103ca4",
    "license": "unstated on the dataset card; internal evaluation only",
    "name": "ag_news",
    "task_family": "text-classification"
  },
  "engine": {
    "bundle_version": null,
    "engine": "decider",
    "model_revision": "eb5fbdfc9448473ec25e399882912863afbdb70e",
    "profile_id": "0529bf6f2bed84641701",
    "strategy": "decider-4b"
  },
  "evidence_class": "model-quality (public-dataset); no model or policy promotion",
  "limit": 50,
  "metrics": {
    "accuracy": 0.9,
    "accuracy_at_coverage": {
      "0.5": {
        "accuracy": 1.0,
        "answered": 25,
        "coverage": 0.5
      },
      "0.8": {
        "accuracy": 0.975,
        "answered": 40,
        "coverage": 0.8
      }
    },
    "accuracy_bootstrap": {
      "ci_95": [
        0.8,
        0.98
      ],
      "clusters": 50,
      "point": 0.9,
      "replicates": 2000,
      "seed": 29160717
    },
    "answerable_ranking_accuracy": 0.9,
    "aurc": 0.021723158131664838,
    "brier": 0.16212484061335888,
    "ece_10_bins": 0.04853188028577646,
    "false_none_rate": 0.0,
    "macro_f1": 0.889745670995671,
    "nll": 0.2993045322179834,
    "none_recall": null,
    "per_class_recall": [
      {
        "count": 8,
        "label": "Business",
        "recall": 0.75
      },
      {
        "count": 10,
        "label": "Sci/Tech",
        "recall": 0.9
      },
      {
        "count": 16,
        "label": "Sports",
        "recall": 1.0
      },
      {
        "count": 16,
        "label": "World",
        "recall": 0.875
      }
    ],
    "risk_coverage": [
      {
        "accepted_error": 0.09999999999999998,
        "answered": 50,
        "threshold": 0.5
      },
      {
        "accepted_error": 0.08333333333333337,
        "answered": 48,
        "threshold": 0.75
      },
      {
        "accepted_error": 0.024390243902439046,
        "answered": 41,
        "threshold": 0.9
      },
      {
        "accepted_error": 0.0,
        "answered": 20,
        "threshold": 0.98
      }
    ],
    "rows": 50
  },
  "provenance": {
    "commit": "e3cb136f431e817ac4aca475ea381b0840ef2cd0",
    "executable_sha256": "8b66617d7ef7371feea5adc66d6d7b0b4858726656b987c005cc0d184f14ca27",
    "host": "Apple M4 Max, 14 cores, 36 GiB RAM, macOS arm64",
    "predictions_path": "/Users/whit3rabbit/Documents/GitHub/openkind/benchmarks/2026-10-01-local-model-suite/quality/decider-4b/ag_news/predictions-decider-4b-decider-4b.jsonl",
    "predictions_sha256": "14ac8c658b1eca53767e3fb65a8ca99b1f2448de4006ccd86f768cd176059954",
    "summary_sha256": "64ef7dba51d6ee7b6348b2803e0e3195fb3f26b353c6f3ab0279912e46b0fa77",
    "workload_path": "/Users/whit3rabbit/Documents/GitHub/openkind/benchmarks/2026-10-01-local-model-suite/quality/decider-4b/ag_news/workload-ag_news-eval.jsonl",
    "workload_sha256": "dc1d8893d535881c1e80eedd7012e8ef0dc8db0daa1ee4cf977a7a0e91dcc998"
  },
  "rows": 50,
  "schema": "openkind-dataset-eval/v1",
  "skipped_duplicates": 0,
  "skipped_template_rows": 0,
  "split": "eval",
  "template": {
    "id": "jev-benchmarking",
    "source": "https://github.com/AppliedMachineLearning-Lab/jev-benchmarking@6bbdeb33474849b6de2f0cccc9f5e19756abd67e",
    "version": 1
  }
}
[exit 0] eval decider-4b/ag_news (decider-4b)

$ /Users/whit3rabbit/Documents/GitHub/openkind/target/release/openkind-bench dataset eval banking77 --datasets-dir /Users/whit3rabbit/Library/Caches/openkind-local-suite-2026-10-01/datasets --limit 50 --engine decider-4b --host 'Apple M4 Max, 14 cores, 36 GiB RAM, macOS arm64' --commit e3cb136f431e817ac4aca475ea381b0840ef2cd0 --output-dir /Users/whit3rabbit/Documents/GitHub/openkind/benchmarks/2026-10-01-local-model-suite/quality/decider-4b/banking77 --pretty --model-root /tmp/openkind-local-suite-2026-10-01/models/models/decider-4b:0529bf6f2bed84641701/checkpoint
[bench] workload /Users/whit3rabbit/Documents/GitHub/openkind/benchmarks/2026-10-01-local-model-suite/quality/decider-4b/banking77/workload-banking77-eval.jsonl: 50 rows (sha256 9987b6f82a27ab4a5ddc0124ab4a110945d168858aa1ff1352d371422d657b98)
[bench] 50 groups over 50 rows (grouping=true)
[bench] engine decider-4b starting
[bench] strategy decider-4b warmup complete
[bench] strategy decider-4b rep 0: 892.831 s
[bench] summary /Users/whit3rabbit/Documents/GitHub/openkind/benchmarks/2026-10-01-local-model-suite/quality/decider-4b/banking77/summary-decider-4b.json
{
  "comparability": {
    "forced_none_option": true,
    "note": "Choice rows always carry an injected __none__ option; accuracy includes it, answerable_ranking_accuracy excludes it for external comparison. Request wording follows the pinned template source."
  },
  "dataset": {
    "convert_revision": "2f7db33fffeec50f4802e51b5ac250340200e85f",
    "description": "Banking customer-query intent, 77 classes.",
    "files": 2,
    "gated": "none",
    "hf_repo": "mteb/banking77",
    "hf_revision": "18072d2685ea682290f7b8924d94c62acc19c0b2",
    "license": "MIT",
    "name": "banking77",
    "task_family": "intent-routing"
  },
  "engine": {
    "bundle_version": null,
    "engine": "decider",
    "model_revision": "eb5fbdfc9448473ec25e399882912863afbdb70e",
    "profile_id": "0529bf6f2bed84641701",
    "strategy": "decider-4b"
  },
  "evidence_class": "model-quality (public-dataset); no model or policy promotion",
  "limit": 50,
  "metrics": {
    "accuracy": 0.92,
    "accuracy_at_coverage": {
      "0.5": {
        "accuracy": 1.0,
        "answered": 25,
        "coverage": 0.5
      },
      "0.8": {
        "accuracy": 0.975,
        "answered": 40,
        "coverage": 0.8
      }
    },
    "accuracy_bootstrap": {
      "ci_95": [
        0.84,
        0.98
      ],
      "clusters": 50,
      "point": 0.92,
      "replicates": 2000,
      "seed": 29160717
    },
    "answerable_ranking_accuracy": 0.92,
    "aurc": 0.01739912029435225,
    "brier": 0.13037952713468692,
    "ece_10_bins": 0.07034268471222249,
    "false_none_rate": 0.0,
    "macro_f1": 0.9019607843137255,
    "nll": 0.2897958462105332,
    "none_recall": null,
    "per_class_recall": [
      {
        "count": 1,
        "label": "apple_pay_or_google_pay",
        "recall": 0.0
      },
      {
        "count": 1,
        "label": "atm_support",
        "recall": 1.0
      },
      {
        "count": 4,
        "label": "automatic_top_up",
        "recall": 1.0
      },
      {
        "count": 1,
        "label": "balance_not_updated_after_bank_transfer",
        "recall": 1.0
      },
      {
        "count": 4,
        "label": "balance_not_updated_after_cheque_or_cash_deposit",
        "recall": 1.0
      },
      {
        "count": 1,
        "label": "card_delivery_estimate",
        "recall": 1.0
      },
      {
        "count": 2,
        "label": "card_linking",
        "recall": 1.0
      },
      {
        "count": 1,
        "label": "card_not_working",
        "recall": 1.0
      },
      {
        "count": 1,
        "label": "card_swallowed",
        "recall": 1.0
      },
      {
        "count": 1,
        "label": "cash_withdrawal_charge",
        "recall": 1.0
      },
      {
        "count": 3,
        "label": "cash_withdrawal_not_recognised",
        "recall": 1.0
      },
      {
        "count": 1,
        "label": "change_pin",
        "recall": 1.0
      },
      {
        "count": 1,
        "label": "declined_cash_withdrawal",
        "recall": 1.0
      },
      {
        "count": 2,
        "label": "disposable_card_limits",
        "recall": 0.5
      },
      {
        "count": 1,
        "label": "extra_charge_on_statement",
        "recall": 1.0
      },
      {
        "count": 1,
        "label": "fiat_currency_support",
        "recall": 1.0
      },
      {
        "count": 1,
        "label": "getting_spare_card",
        "recall": 1.0
      },
      {
        "count": 1,
        "label": "pending_card_payment",
        "recall": 1.0
      },
      {
        "count": 1,
        "label": "pending_top_up",
        "recall": 1.0
      },
      {
        "count": 1,
        "label": "supported_cards_and_currencies",
        "recall": 0.0
      },
      {
        "count": 2,
        "label": "terminate_account",
        "recall": 1.0
      },
      {
        "count": 2,
        "label": "top_up_by_bank_transfer_charge",
        "recall": 0.5
      },
      {
        "count": 1,
        "label": "top_up_by_cash_or_cheque",
        "recall": 1.0
      },
      {
        "count": 1,
        "label": "top_up_failed",
        "recall": 1.0
      },
      {
        "count": 1,
        "label": "top_up_limits",
        "recall": 1.0
      },
      {
        "count": 1,
        "label": "transfer_fee_charged",
        "recall": 1.0
      },
      {
        "count": 1,
        "label": "transfer_into_account",
        "recall": 1.0
      },
      {
        "count": 1,
        "label": "transfer_not_received_by_recipient",
        "recall": 1.0
      },
      {
        "count": 1,
        "label": "verify_my_identity",
        "recall": 1.0
      },
      {
        "count": 1,
        "label": "verify_source_of_funds",
        "recall": 1.0
      },
      {
        "count": 2,
        "label": "verify_top_up",
        "recall": 1.0
      },
      {
        "count": 3,
        "label": "virtual_card_not_working",
        "recall": 1.0
      },
      {
        "count": 2,
        "label": "why_verify_identity",
        "recall": 1.0
      },
      {
        "count": 1,
        "label": "wrong_exchange_rate_for_cash_withdrawal",
        "recall": 1.0
      }
    ],
    "risk_coverage": [
      {
        "accepted_error": 0.08163265306122447,
        "answered": 49,
        "threshold": 0.5
      },
      {
        "accepted_error": 0.04761904761904767,
        "answered": 42,
        "threshold": 0.75
      },
      {
        "accepted_error": 0.02857142857142858,
        "answered": 35,
        "threshold": 0.9
      },
      {
        "accepted_error": 0.0,
        "answered": 18,
        "threshold": 0.98
      }
    ],
    "rows": 50
  },
  "provenance": {
    "commit": "e3cb136f431e817ac4aca475ea381b0840ef2cd0",
    "executable_sha256": "8b66617d7ef7371feea5adc66d6d7b0b4858726656b987c005cc0d184f14ca27",
    "host": "Apple M4 Max, 14 cores, 36 GiB RAM, macOS arm64",
    "predictions_path": "/Users/whit3rabbit/Documents/GitHub/openkind/benchmarks/2026-10-01-local-model-suite/quality/decider-4b/banking77/predictions-decider-4b-decider-4b.jsonl",
    "predictions_sha256": "1056b1676ded42f6da8616ab5b75a854d5267b1fe6cb80c59c80ec9cf9c54ad6",
    "summary_sha256": "b6e6f018e2f3a95b49f570051af30adb119846a149a9d5af5f5af8b2bb4848a7",
    "workload_path": "/Users/whit3rabbit/Documents/GitHub/openkind/benchmarks/2026-10-01-local-model-suite/quality/decider-4b/banking77/workload-banking77-eval.jsonl",
    "workload_sha256": "9987b6f82a27ab4a5ddc0124ab4a110945d168858aa1ff1352d371422d657b98"
  },
  "rows": 50,
  "schema": "openkind-dataset-eval/v1",
  "skipped_duplicates": 0,
  "skipped_template_rows": 0,
  "split": "eval",
  "template": {
    "id": "jev-benchmarking",
    "source": "https://github.com/AppliedMachineLearning-Lab/jev-benchmarking@6bbdeb33474849b6de2f0cccc9f5e19756abd67e",
    "version": 1
  }
}
[exit 0] eval decider-4b/banking77 (decider-4b)

$ /Users/whit3rabbit/Documents/GitHub/openkind/target/release/openkind-bench dataset eval clinc150 --datasets-dir /Users/whit3rabbit/Library/Caches/openkind-local-suite-2026-10-01/datasets --limit 50 --engine decider-4b --host 'Apple M4 Max, 14 cores, 36 GiB RAM, macOS arm64' --commit e3cb136f431e817ac4aca475ea381b0840ef2cd0 --output-dir /Users/whit3rabbit/Documents/GitHub/openkind/benchmarks/2026-10-01-local-model-suite/quality/decider-4b/clinc150 --pretty --model-root /tmp/openkind-local-suite-2026-10-01/models/models/decider-4b:0529bf6f2bed84641701/checkpoint
[bench] workload /Users/whit3rabbit/Documents/GitHub/openkind/benchmarks/2026-10-01-local-model-suite/quality/decider-4b/clinc150/workload-clinc150-eval.jsonl: 50 rows (sha256 c4fa558b966c0c72618366e1b6b6024566b5de14d3eeba7e0085c260ebdf1701)
[bench] 50 groups over 50 rows (grouping=true)
[bench] engine decider-4b starting
