profile=schema-scorer:5a7350af556f0ee66566
loader=schema-scorer
commit=e3cb136f431e817ac4aca475ea381b0840ef2cd0
host=Apple M4 Max, 14 cores, 36 GiB RAM, macOS arm64

$ /Users/whit3rabbit/Documents/GitHub/openkind/target/release/openkind pull schema-scorer:5a7350af556f0ee66566
Downloading checkpoint/config.json (794 B)
Verifying checkpoint/config.json (SHA-256)
Verified checkpoint/config.json
Downloading checkpoint/tokenizer.json (694.7 KiB)
Verifying checkpoint/tokenizer.json (SHA-256)
Verified checkpoint/tokenizer.json
Downloading checkpoint/model.safetensors (86.7 MiB)
Verifying checkpoint/model.safetensors (SHA-256)
Verified checkpoint/model.safetensors
Installed schema-scorer:5a7350af556f0ee66566 (rust-loadable); 87.3 MiB downloaded
To activate it, restart the daemon with: openkind serve --installed-models schema-scorer:5a7350af556f0ee66566
[exit 0] pull schema-scorer:5a7350af556f0ee66566

$ /Users/whit3rabbit/Documents/GitHub/openkind/target/release/openkind-bench dataset eval sst2 --datasets-dir /Users/whit3rabbit/Library/Caches/openkind-local-suite-2026-10-01/datasets --limit 50 --engine schema-scorer --host 'Apple M4 Max, 14 cores, 36 GiB RAM, macOS arm64' --commit e3cb136f431e817ac4aca475ea381b0840ef2cd0 --output-dir /Users/whit3rabbit/Documents/GitHub/openkind/benchmarks/2026-10-01-local-model-suite/quality/schema-scorer/sst2 --pretty --model-root /tmp/openkind-local-suite-2026-10-01/models/models/schema-scorer:5a7350af556f0ee66566/checkpoint
[bench] workload /Users/whit3rabbit/Documents/GitHub/openkind/benchmarks/2026-10-01-local-model-suite/quality/schema-scorer/sst2/workload-sst2-eval.jsonl: 50 rows (sha256 aec7abbd2b4c0eb841e63b184e85bf2ce6285bd07cc2791db4e5c9eef2e263eb)
[bench] 50 groups over 50 rows (grouping=true)
[bench] engine schema-scorer starting
[bench] strategy schema-scorer warmup complete
[bench] strategy schema-scorer rep 0: 1.706 s
[bench] summary /Users/whit3rabbit/Documents/GitHub/openkind/benchmarks/2026-10-01-local-model-suite/quality/schema-scorer/sst2/summary-schema-scorer.json
{
  "comparability": {
    "forced_none_option": true,
    "note": "Choice rows always carry an injected __none__ option; accuracy includes it, answerable_ranking_accuracy excludes it for external comparison. Request wording follows the pinned template source."
  },
  "dataset": {
    "convert_revision": "db3daed39bcd33ea25255ab60c1ac86ad52ce79d",
    "description": "Binary sentence sentiment (GLUE SST-2).",
    "files": 2,
    "gated": "none",
    "hf_repo": "stanfordnlp/sst2",
    "hf_revision": "8d51e7e4887a4caaa95b3fbebbf53c0490b58bbb",
    "license": "unstated on the dataset card; internal evaluation only",
    "name": "sst2",
    "task_family": "text-classification"
  },
  "engine": {
    "bundle_version": null,
    "engine": "schema-scorer",
    "model_revision": "233902d25c440f23af6f7d6e94d2946bac0bee0a",
    "profile_id": "5a7350af556f0ee66566",
    "strategy": "schema-scorer"
  },
  "evidence_class": "model-quality (public-dataset); no model or policy promotion",
  "limit": 50,
  "metrics": {
    "accuracy": 0.5,
    "accuracy_at_coverage": {
      "0.5": {
        "accuracy": 0.52,
        "answered": 25,
        "coverage": 0.5
      },
      "0.8": {
        "accuracy": 0.5,
        "answered": 40,
        "coverage": 0.8
      }
    },
    "accuracy_bootstrap": {
      "ci_95": [
        0.36,
        0.64
      ],
      "clusters": 50,
      "point": 0.5,
      "replicates": 2000,
      "seed": 29160717
    },
    "answerable_ranking_accuracy": 0.6,
    "aurc": 0.45284489748639983,
    "brier": 0.6410661419931631,
    "ece_10_bins": 0.22923345874588721,
    "false_none_rate": 0.14,
    "macro_f1": 0.5268867924528302,
    "nll": 0.9949973408876039,
    "none_recall": null,
    "per_class_recall": [
      {
        "count": 20,
        "label": "negative",
        "recall": 0.8
      },
      {
        "count": 30,
        "label": "positive",
        "recall": 0.3
      }
    ],
    "risk_coverage": [
      {
        "accepted_error": 0.5217391304347826,
        "answered": 46,
        "threshold": 0.5
      },
      {
        "accepted_error": 0.38888888888888884,
        "answered": 18,
        "threshold": 0.75
      },
      {
        "accepted_error": 0.5,
        "answered": 6,
        "threshold": 0.9
      },
      {
        "accepted_error": 0.5,
        "answered": 2,
        "threshold": 0.98
      }
    ],
    "rows": 50
  },
  "provenance": {
    "commit": "e3cb136f431e817ac4aca475ea381b0840ef2cd0",
    "executable_sha256": "8b66617d7ef7371feea5adc66d6d7b0b4858726656b987c005cc0d184f14ca27",
    "host": "Apple M4 Max, 14 cores, 36 GiB RAM, macOS arm64",
    "predictions_path": "/Users/whit3rabbit/Documents/GitHub/openkind/benchmarks/2026-10-01-local-model-suite/quality/schema-scorer/sst2/predictions-schema-scorer-schema-scorer.jsonl",
    "predictions_sha256": "8ff46905478ac8298f5ace8a7a932636d6282ae71271be35197e775677943d03",
    "summary_sha256": "2042c7dd395fa0f96828a8dd89f7b767122e5a3d43a66be6af8062442753801f",
    "workload_path": "/Users/whit3rabbit/Documents/GitHub/openkind/benchmarks/2026-10-01-local-model-suite/quality/schema-scorer/sst2/workload-sst2-eval.jsonl",
    "workload_sha256": "aec7abbd2b4c0eb841e63b184e85bf2ce6285bd07cc2791db4e5c9eef2e263eb"
  },
  "rows": 50,
  "schema": "openkind-dataset-eval/v1",
  "skipped_duplicates": 0,
  "skipped_template_rows": 0,
  "split": "eval",
  "template": {
    "id": "jev-benchmarking",
    "source": "https://github.com/AppliedMachineLearning-Lab/jev-benchmarking@6bbdeb33474849b6de2f0cccc9f5e19756abd67e",
    "version": 1
  }
}
[exit 0] eval schema-scorer/sst2 (schema-scorer)

$ /Users/whit3rabbit/Documents/GitHub/openkind/target/release/openkind-bench dataset eval ag_news --datasets-dir /Users/whit3rabbit/Library/Caches/openkind-local-suite-2026-10-01/datasets --limit 50 --engine schema-scorer --host 'Apple M4 Max, 14 cores, 36 GiB RAM, macOS arm64' --commit e3cb136f431e817ac4aca475ea381b0840ef2cd0 --output-dir /Users/whit3rabbit/Documents/GitHub/openkind/benchmarks/2026-10-01-local-model-suite/quality/schema-scorer/ag_news --pretty --model-root /tmp/openkind-local-suite-2026-10-01/models/models/schema-scorer:5a7350af556f0ee66566/checkpoint
[bench] workload /Users/whit3rabbit/Documents/GitHub/openkind/benchmarks/2026-10-01-local-model-suite/quality/schema-scorer/ag_news/workload-ag_news-eval.jsonl: 50 rows (sha256 dc1d8893d535881c1e80eedd7012e8ef0dc8db0daa1ee4cf977a7a0e91dcc998)
[bench] 50 groups over 50 rows (grouping=true)
[bench] engine schema-scorer starting
[bench] strategy schema-scorer warmup complete
[bench] strategy schema-scorer rep 0: 3.781 s
[bench] summary /Users/whit3rabbit/Documents/GitHub/openkind/benchmarks/2026-10-01-local-model-suite/quality/schema-scorer/ag_news/summary-schema-scorer.json
{
  "comparability": {
    "forced_none_option": true,
    "note": "Choice rows always carry an injected __none__ option; accuracy includes it, answerable_ranking_accuracy excludes it for external comparison. Request wording follows the pinned template source."
  },
  "dataset": {
    "convert_revision": "4efd5262b756aee7a12710ca78c74aa258660063",
    "description": "News topic classification, 4 classes.",
    "files": 2,
    "gated": "none",
    "hf_repo": "fancyzhx/ag_news",
    "hf_revision": "eb185aade064a813bc0b7f42de02595523103ca4",
    "license": "unstated on the dataset card; internal evaluation only",
    "name": "ag_news",
    "task_family": "text-classification"
  },
  "engine": {
    "bundle_version": null,
    "engine": "schema-scorer",
    "model_revision": "233902d25c440f23af6f7d6e94d2946bac0bee0a",
    "profile_id": "5a7350af556f0ee66566",
    "strategy": "schema-scorer"
  },
  "evidence_class": "model-quality (public-dataset); no model or policy promotion",
  "limit": 50,
  "metrics": {
    "accuracy": 0.16,
    "accuracy_at_coverage": {
      "0.5": {
        "accuracy": 0.16,
        "answered": 25,
        "coverage": 0.5
      },
      "0.8": {
        "accuracy": 0.15,
        "answered": 40,
        "coverage": 0.8
      }
    },
    "accuracy_bootstrap": {
      "ci_95": [
        0.06,
        0.26
      ],
      "clusters": 50,
      "point": 0.16,
      "replicates": 2000,
      "seed": 29160717
    },
    "answerable_ranking_accuracy": 0.36,
    "aurc": 0.871937013204423,
    "brier": 1.297811665601754,
    "ece_10_bins": 0.5974948849883683,
    "false_none_rate": 0.5,
    "macro_f1": 0.2318865345181135,
    "nll": 3.2715142820907657,
    "none_recall": null,
    "per_class_recall": [
      {
        "count": 8,
        "label": "Business",
        "recall": 0.25
      },
      {
        "count": 10,
        "label": "Sci/Tech",
        "recall": 0.4
      },
      {
        "count": 16,
        "label": "Sports",
        "recall": 0.0
      },
      {
        "count": 16,
        "label": "World",
        "recall": 0.125
      }
    ],
    "risk_coverage": [
      {
        "accepted_error": 0.8409090909090909,
        "answered": 44,
        "threshold": 0.5
      },
      {
        "accepted_error": 0.8571428571428572,
        "answered": 28,
        "threshold": 0.75
      },
      {
        "accepted_error": 0.8333333333333334,
        "answered": 18,
        "threshold": 0.9
      },
      {
        "accepted_error": 0.875,
        "answered": 8,
        "threshold": 0.98
      }
    ],
    "rows": 50
  },
  "provenance": {
    "commit": "e3cb136f431e817ac4aca475ea381b0840ef2cd0",
    "executable_sha256": "8b66617d7ef7371feea5adc66d6d7b0b4858726656b987c005cc0d184f14ca27",
    "host": "Apple M4 Max, 14 cores, 36 GiB RAM, macOS arm64",
    "predictions_path": "/Users/whit3rabbit/Documents/GitHub/openkind/benchmarks/2026-10-01-local-model-suite/quality/schema-scorer/ag_news/predictions-schema-scorer-schema-scorer.jsonl",
    "predictions_sha256": "188f5fdb36e15724a4243474498b1a2702ef20bb73dd037d769eb3b9d1350243",
    "summary_sha256": "e2537d27b2ad87234e7b3726a4bcc0990d7083b551e5016395be6e01e9d64c78",
    "workload_path": "/Users/whit3rabbit/Documents/GitHub/openkind/benchmarks/2026-10-01-local-model-suite/quality/schema-scorer/ag_news/workload-ag_news-eval.jsonl",
    "workload_sha256": "dc1d8893d535881c1e80eedd7012e8ef0dc8db0daa1ee4cf977a7a0e91dcc998"
  },
  "rows": 50,
  "schema": "openkind-dataset-eval/v1",
  "skipped_duplicates": 0,
  "skipped_template_rows": 0,
  "split": "eval",
  "template": {
    "id": "jev-benchmarking",
    "source": "https://github.com/AppliedMachineLearning-Lab/jev-benchmarking@6bbdeb33474849b6de2f0cccc9f5e19756abd67e",
    "version": 1
  }
}
[exit 0] eval schema-scorer/ag_news (schema-scorer)

$ /Users/whit3rabbit/Documents/GitHub/openkind/target/release/openkind-bench dataset eval banking77 --datasets-dir /Users/whit3rabbit/Library/Caches/openkind-local-suite-2026-10-01/datasets --limit 50 --engine schema-scorer --host 'Apple M4 Max, 14 cores, 36 GiB RAM, macOS arm64' --commit e3cb136f431e817ac4aca475ea381b0840ef2cd0 --output-dir /Users/whit3rabbit/Documents/GitHub/openkind/benchmarks/2026-10-01-local-model-suite/quality/schema-scorer/banking77 --pretty --model-root /tmp/openkind-local-suite-2026-10-01/models/models/schema-scorer:5a7350af556f0ee66566/checkpoint
[bench] workload /Users/whit3rabbit/Documents/GitHub/openkind/benchmarks/2026-10-01-local-model-suite/quality/schema-scorer/banking77/workload-banking77-eval.jsonl: 50 rows (sha256 9987b6f82a27ab4a5ddc0124ab4a110945d168858aa1ff1352d371422d657b98)
[bench] 50 groups over 50 rows (grouping=true)
[bench] engine schema-scorer starting
Error: warmup dispatch failed: backend `schema-scorer/cpu-fp32` does not support this request: question `banking77/1039` offers 78 candidates but the profile accepts at most 32
[exit 1] eval schema-scorer/banking77 (schema-scorer)

$ /Users/whit3rabbit/Documents/GitHub/openkind/target/release/openkind-bench dataset eval clinc150 --datasets-dir /Users/whit3rabbit/Library/Caches/openkind-local-suite-2026-10-01/datasets --limit 50 --engine schema-scorer --host 'Apple M4 Max, 14 cores, 36 GiB RAM, macOS arm64' --commit e3cb136f431e817ac4aca475ea381b0840ef2cd0 --output-dir /Users/whit3rabbit/Documents/GitHub/openkind/benchmarks/2026-10-01-local-model-suite/quality/schema-scorer/clinc150 --pretty --model-root /tmp/openkind-local-suite-2026-10-01/models/models/schema-scorer:5a7350af556f0ee66566/checkpoint
[bench] workload /Users/whit3rabbit/Documents/GitHub/openkind/benchmarks/2026-10-01-local-model-suite/quality/schema-scorer/clinc150/workload-clinc150-eval.jsonl: 50 rows (sha256 c4fa558b966c0c72618366e1b6b6024566b5de14d3eeba7e0085c260ebdf1701)
[bench] 50 groups over 50 rows (grouping=true)
[bench] engine schema-scorer starting
Error: warmup dispatch failed: backend `schema-scorer/cpu-fp32` does not support this request: question `clinc150/plus/1394` offers 152 candidates but the profile accepts at most 32
[exit 1] eval schema-scorer/clinc150 (schema-scorer)

$ /Users/whit3rabbit/Documents/GitHub/openkind/target/release/openkind-bench dataset eval arc --datasets-dir /Users/whit3rabbit/Library/Caches/openkind-local-suite-2026-10-01/datasets --limit 50 --engine schema-scorer --host 'Apple M4 Max, 14 cores, 36 GiB RAM, macOS arm64' --commit e3cb136f431e817ac4aca475ea381b0840ef2cd0 --output-dir /Users/whit3rabbit/Documents/GitHub/openkind/benchmarks/2026-10-01-local-model-suite/quality/schema-scorer/arc --pretty --model-root /tmp/openkind-local-suite-2026-10-01/models/models/schema-scorer:5a7350af556f0ee66566/checkpoint
[bench] workload /Users/whit3rabbit/Documents/GitHub/openkind/benchmarks/2026-10-01-local-model-suite/quality/schema-scorer/arc/workload-arc-eval.jsonl: 50 rows (sha256 a075d83ef393eaf6312d06148ced5f742adda040cd5d4b5055592a5925d2608e)
[bench] 50 groups over 50 rows (grouping=true)
[bench] engine schema-scorer starting
[bench] strategy schema-scorer warmup complete
[bench] strategy schema-scorer rep 0: 2.590 s
[bench] summary /Users/whit3rabbit/Documents/GitHub/openkind/benchmarks/2026-10-01-local-model-suite/quality/schema-scorer/arc/summary-schema-scorer.json
{
  "comparability": {
    "forced_none_option": true,
    "note": "Choice rows always carry an injected __none__ option; accuracy includes it, answerable_ranking_accuracy excludes it for external comparison. Request wording follows the pinned template source."
  },
  "dataset": {
    "convert_revision": "5a61ed188b8810abf32686fa83eb93787cbc5f25",
    "description": "Grade-school science QA (Challenge + Easy), 3-5 options.",
    "files": 4,
    "gated": "none",
    "hf_repo": "allenai/ai2_arc",
    "hf_revision": "210d026faf9955653af8916fad021475a3f00453",
    "license": "CC-BY-SA-4.0",
    "name": "arc",
    "task_family": "multiple-choice"
  },
  "engine": {
    "bundle_version": null,
    "engine": "schema-scorer",
    "model_revision": "233902d25c440f23af6f7d6e94d2946bac0bee0a",
    "profile_id": "5a7350af556f0ee66566",
    "strategy": "schema-scorer"
  },
  "evidence_class": "model-quality (public-dataset); no model or policy promotion",
  "limit": 50,
  "metrics": {
    "accuracy": 0.22,
    "accuracy_at_coverage": {
      "0.5": {
        "accuracy": 0.16,
        "answered": 25,
        "coverage": 0.5
      },
      "0.8": {
        "accuracy": 0.2,
        "answered": 40,
        "coverage": 0.8
      }
    },
    "accuracy_bootstrap": {
      "ci_95": [
        0.12,
        0.34
      ],
      "clusters": 50,
      "point": 0.22,
      "replicates": 2000,
      "seed": 29160717
    },
    "answerable_ranking_accuracy": 0.38,
    "aurc": 0.7709779892753882,
    "brier": 1.3282950856522597,
    "ece_10_bins": 0.6283260446852548,
    "false_none_rate": 0.34,
    "macro_f1": 0.28768905021173624,
    "nll": 5.580276205332051,
    "none_recall": null,
    "per_class_recall": [
      {
        "count": 8,
        "label": "A",
        "recall": 0.5
      },
      {
        "count": 19,
        "label": "B",
        "recall": 0.15789473684210525
      },
      {
        "count": 13,
        "label": "C",
        "recall": 0.15384615384615385
      },
      {
        "count": 10,
        "label": "D",
        "recall": 0.2
      }
    ],
    "risk_coverage": [
      {
        "accepted_error": 0.7916666666666666,
        "answered": 48,
        "threshold": 0.5
      },
      {
        "accepted_error": 0.8055555555555556,
        "answered": 36,
        "threshold": 0.75
      },
      {
        "accepted_error": 0.8333333333333334,
        "answered": 24,
        "threshold": 0.9
      },
      {
        "accepted_error": 0.85,
        "answered": 20,
        "threshold": 0.98
      }
    ],
    "rows": 50
  },
  "provenance": {
    "commit": "e3cb136f431e817ac4aca475ea381b0840ef2cd0",
    "executable_sha256": "8b66617d7ef7371feea5adc66d6d7b0b4858726656b987c005cc0d184f14ca27",
    "host": "Apple M4 Max, 14 cores, 36 GiB RAM, macOS arm64",
    "predictions_path": "/Users/whit3rabbit/Documents/GitHub/openkind/benchmarks/2026-10-01-local-model-suite/quality/schema-scorer/arc/predictions-schema-scorer-schema-scorer.jsonl",
    "predictions_sha256": "3a53842f8efcc88fe03c484385d30a698e904c35bf34be3c16721625efb799f4",
    "summary_sha256": "e0e21fd364d647cf00a821fa3e1d4912deed38423f81fec6d63bcb9fafec020f",
    "workload_path": "/Users/whit3rabbit/Documents/GitHub/openkind/benchmarks/2026-10-01-local-model-suite/quality/schema-scorer/arc/workload-arc-eval.jsonl",
    "workload_sha256": "a075d83ef393eaf6312d06148ced5f742adda040cd5d4b5055592a5925d2608e"
  },
  "rows": 50,
  "schema": "openkind-dataset-eval/v1",
  "skipped_duplicates": 0,
  "skipped_template_rows": 0,
  "split": "eval",
  "template": {
    "id": "jev-benchmarking",
    "source": "https://github.com/AppliedMachineLearning-Lab/jev-benchmarking@6bbdeb33474849b6de2f0cccc9f5e19756abd67e",
    "version": 1
  }
}
[exit 0] eval schema-scorer/arc (schema-scorer)

$ /Users/whit3rabbit/Documents/GitHub/openkind/target/release/openkind-bench dataset eval hellaswag --datasets-dir /Users/whit3rabbit/Library/Caches/openkind-local-suite-2026-10-01/datasets --limit 50 --engine schema-scorer --host 'Apple M4 Max, 14 cores, 36 GiB RAM, macOS arm64' --commit e3cb136f431e817ac4aca475ea381b0840ef2cd0 --output-dir /Users/whit3rabbit/Documents/GitHub/openkind/benchmarks/2026-10-01-local-model-suite/quality/schema-scorer/hellaswag --pretty --model-root /tmp/openkind-local-suite-2026-10-01/models/models/schema-scorer:5a7350af556f0ee66566/checkpoint
[bench] workload /Users/whit3rabbit/Documents/GitHub/openkind/benchmarks/2026-10-01-local-model-suite/quality/schema-scorer/hellaswag/workload-hellaswag-eval.jsonl: 50 rows (sha256 01256c366f308738acba00c48cf7a384e5e4fd433fe7970a4042b04acb0efc7e)
[bench] 50 groups over 50 rows (grouping=true)
[bench] engine schema-scorer starting
[bench] strategy schema-scorer warmup complete
[bench] strategy schema-scorer rep 0: 4.596 s
[bench] summary /Users/whit3rabbit/Documents/GitHub/openkind/benchmarks/2026-10-01-local-model-suite/quality/schema-scorer/hellaswag/summary-schema-scorer.json
{
  "comparability": {
    "forced_none_option": true,
    "note": "Choice rows always carry an injected __none__ option; accuracy includes it, answerable_ranking_accuracy excludes it for external comparison. Request wording follows the pinned template source."
  },
  "dataset": {
    "convert_revision": "382ffb520660cc2ba98092cd8aa07cafc9c47f6d",
    "description": "Commonsense sentence completion, 4 options.",
    "files": 2,
    "gated": "none",
    "hf_repo": "Rowan/hellaswag",
    "hf_revision": "218ec52e09a7e7462a5400043bb9a69a41d06b76",
    "license": "MIT (dataset card); underlying corpus terms not detailed",
    "name": "hellaswag",
    "task_family": "multiple-choice"
  },
  "engine": {
    "bundle_version": null,
    "engine": "schema-scorer",
    "model_revision": "233902d25c440f23af6f7d6e94d2946bac0bee0a",
    "profile_id": "5a7350af556f0ee66566",
    "strategy": "schema-scorer"
  },
  "evidence_class": "model-quality (public-dataset); no model or policy promotion",
  "limit": 50,
  "metrics": {
    "accuracy": 0.42,
    "accuracy_at_coverage": {
      "0.5": {
        "accuracy": 0.48,
        "answered": 25,
        "coverage": 0.5
      },
      "0.8": {
        "accuracy": 0.425,
        "answered": 40,
        "coverage": 0.8
      }
    },
    "accuracy_bootstrap": {
      "ci_95": [
        0.28,
        0.56
      ],
      "clusters": 50,
      "point": 0.42,
      "replicates": 2000,
      "seed": 29160717
    },
    "answerable_ranking_accuracy": 0.42,
    "aurc": 0.48869481761820294,
    "brier": 1.057139826906142,
    "ece_10_bins": 0.5183538646153213,
    "false_none_rate": 0.04,
    "macro_f1": 0.42221407624633434,
    "nll": 6.3122565712773095,
    "none_recall": null,
    "per_class_recall": [
      {
        "count": 12,
        "label": "A",
        "recall": 0.4166666666666667
      },
      {
        "count": 8,
        "label": "B",
        "recall": 0.625
      },
      {
        "count": 11,
        "label": "C",
        "recall": 0.2727272727272727
      },
      {
        "count": 19,
        "label": "D",
        "recall": 0.42105263157894735
      }
    ],
    "risk_coverage": [
      {
        "accepted_error": 0.5714285714285714,
        "answered": 49,
        "threshold": 0.5
      },
      {
        "accepted_error": 0.5652173913043479,
        "answered": 46,
        "threshold": 0.75
      },
      {
        "accepted_error": 0.5833333333333333,
        "answered": 36,
        "threshold": 0.9
      },
      {
        "accepted_error": 0.5517241379310345,
        "answered": 29,
        "threshold": 0.98
      }
    ],
    "rows": 50
  },
  "provenance": {
    "commit": "e3cb136f431e817ac4aca475ea381b0840ef2cd0",
    "executable_sha256": "8b66617d7ef7371feea5adc66d6d7b0b4858726656b987c005cc0d184f14ca27",
    "host": "Apple M4 Max, 14 cores, 36 GiB RAM, macOS arm64",
    "predictions_path": "/Users/whit3rabbit/Documents/GitHub/openkind/benchmarks/2026-10-01-local-model-suite/quality/schema-scorer/hellaswag/predictions-schema-scorer-schema-scorer.jsonl",
    "predictions_sha256": "183dcea8a94f41903ea6312bbc91d79f8a80306a0e255d9ce62dfff3ddd76a76",
    "summary_sha256": "64569cc6e6660b0c415b4490769bb11e73330898364d13a3471f2a6e335177f0",
    "workload_path": "/Users/whit3rabbit/Documents/GitHub/openkind/benchmarks/2026-10-01-local-model-suite/quality/schema-scorer/hellaswag/workload-hellaswag-eval.jsonl",
    "workload_sha256": "01256c366f308738acba00c48cf7a384e5e4fd433fe7970a4042b04acb0efc7e"
  },
  "rows": 50,
  "schema": "openkind-dataset-eval/v1",
  "skipped_duplicates": 0,
  "skipped_template_rows": 0,
  "split": "eval",
  "template": {
    "id": "jev-benchmarking",
    "source": "https://github.com/AppliedMachineLearning-Lab/jev-benchmarking@6bbdeb33474849b6de2f0cccc9f5e19756abd67e",
    "version": 1
  }
}
[exit 0] eval schema-scorer/hellaswag (schema-scorer)

$ /Users/whit3rabbit/Documents/GitHub/openkind/target/release/openkind-bench dataset eval winogrande --datasets-dir /Users/whit3rabbit/Library/Caches/openkind-local-suite-2026-10-01/datasets --limit 50 --engine schema-scorer --host 'Apple M4 Max, 14 cores, 36 GiB RAM, macOS arm64' --commit e3cb136f431e817ac4aca475ea381b0840ef2cd0 --output-dir /Users/whit3rabbit/Documents/GitHub/openkind/benchmarks/2026-10-01-local-model-suite/quality/schema-scorer/winogrande --pretty --model-root /tmp/openkind-local-suite-2026-10-01/models/models/schema-scorer:5a7350af556f0ee66566/checkpoint
[bench] workload /Users/whit3rabbit/Documents/GitHub/openkind/benchmarks/2026-10-01-local-model-suite/quality/schema-scorer/winogrande/workload-winogrande-eval.jsonl: 50 rows (sha256 43971ef7f5207f9208acc7b1674b661e2998b24dcc221d2e0de084899d57e4ef)
[bench] 50 groups over 50 rows (grouping=true)
[bench] engine schema-scorer starting
[bench] strategy schema-scorer warmup complete
[bench] strategy schema-scorer rep 0: 1.556 s
[bench] summary /Users/whit3rabbit/Documents/GitHub/openkind/benchmarks/2026-10-01-local-model-suite/quality/schema-scorer/winogrande/summary-schema-scorer.json
{
  "comparability": {
    "forced_none_option": true,
    "note": "Choice rows always carry an injected __none__ option; accuracy includes it, answerable_ranking_accuracy excludes it for external comparison. Request wording follows the pinned template source."
  },
  "dataset": {
    "convert_revision": "546d5aa0e42fc0fa9ad2c13260322ec969e083ee",
    "description": "Commonsense pronoun/blank resolution, 2 options.",
    "files": 2,
    "gated": "none",
    "hf_repo": "allenai/winogrande",
    "hf_revision": "01e74176c63542e6b0bcb004dcdea22d94fb67b5",
    "license": "unstated on the dataset card; internal evaluation only",
    "name": "winogrande",
    "task_family": "multiple-choice"
  },
  "engine": {
    "bundle_version": null,
    "engine": "schema-scorer",
    "model_revision": "233902d25c440f23af6f7d6e94d2946bac0bee0a",
    "profile_id": "5a7350af556f0ee66566",
    "strategy": "schema-scorer"
  },
  "evidence_class": "model-quality (public-dataset); no model or policy promotion",
  "limit": 50,
  "metrics": {
    "accuracy": 0.5,
    "accuracy_at_coverage": {
      "0.5": {
        "accuracy": 0.52,
        "answered": 25,
        "coverage": 0.5
      },
      "0.8": {
        "accuracy": 0.5,
        "answered": 40,
        "coverage": 0.8
      }
    },
    "accuracy_bootstrap": {
      "ci_95": [
        0.36,
        0.64
      ],
      "clusters": 50,
      "point": 0.5,
      "replicates": 2000,
      "seed": 29160717
    },
    "answerable_ranking_accuracy": 0.5,
    "aurc": 0.44436317468472963,
    "brier": 0.9387827005238144,
    "ece_10_bins": 0.46874882105383525,
    "false_none_rate": 0.0,
    "macro_f1": 0.49000407996736023,
    "nll": 4.470888088840561,
    "none_recall": null,
    "per_class_recall": [
      {
        "count": 25,
        "label": "A",
        "recall": 0.64
      },
      {
        "count": 25,
        "label": "B",
        "recall": 0.36
      }
    ],
    "risk_coverage": [
      {
        "accepted_error": 0.5,
        "answered": 50,
        "threshold": 0.5
      },
      {
        "accepted_error": 0.48888888888888893,
        "answered": 45,
        "threshold": 0.75
      },
      {
        "accepted_error": 0.5,
        "answered": 42,
        "threshold": 0.9
      },
      {
        "accepted_error": 0.5128205128205128,
        "answered": 39,
        "threshold": 0.98
      }
    ],
    "rows": 50
  },
  "provenance": {
    "commit": "e3cb136f431e817ac4aca475ea381b0840ef2cd0",
    "executable_sha256": "8b66617d7ef7371feea5adc66d6d7b0b4858726656b987c005cc0d184f14ca27",
    "host": "Apple M4 Max, 14 cores, 36 GiB RAM, macOS arm64",
    "predictions_path": "/Users/whit3rabbit/Documents/GitHub/openkind/benchmarks/2026-10-01-local-model-suite/quality/schema-scorer/winogrande/predictions-schema-scorer-schema-scorer.jsonl",
    "predictions_sha256": "7521eb2c59740f0365aaa3c805820bd3467b3bff90bc581df269e63c8e1e288c",
    "summary_sha256": "2b8748d89b43494496c2f31bc4985679bbccc4c84c3d2ff4e0608fa663dcb6bf",
    "workload_path": "/Users/whit3rabbit/Documents/GitHub/openkind/benchmarks/2026-10-01-local-model-suite/quality/schema-scorer/winogrande/workload-winogrande-eval.jsonl",
    "workload_sha256": "43971ef7f5207f9208acc7b1674b661e2998b24dcc221d2e0de084899d57e4ef"
  },
  "rows": 50,
  "schema": "openkind-dataset-eval/v1",
  "skipped_duplicates": 0,
  "skipped_template_rows": 0,
  "split": "eval",
  "template": {
    "id": "jev-benchmarking",
    "source": "https://github.com/AppliedMachineLearning-Lab/jev-benchmarking@6bbdeb33474849b6de2f0cccc9f5e19756abd67e",
    "version": 1
  }
}
[exit 0] eval schema-scorer/winogrande (schema-scorer)

$ /Users/whit3rabbit/Documents/GitHub/openkind/target/release/openkind-bench dataset eval commonsense_qa --datasets-dir /Users/whit3rabbit/Library/Caches/openkind-local-suite-2026-10-01/datasets --limit 50 --engine schema-scorer --host 'Apple M4 Max, 14 cores, 36 GiB RAM, macOS arm64' --commit e3cb136f431e817ac4aca475ea381b0840ef2cd0 --output-dir /Users/whit3rabbit/Documents/GitHub/openkind/benchmarks/2026-10-01-local-model-suite/quality/schema-scorer/commonsense_qa --pretty --model-root /tmp/openkind-local-suite-2026-10-01/models/models/schema-scorer:5a7350af556f0ee66566/checkpoint
[bench] workload /Users/whit3rabbit/Documents/GitHub/openkind/benchmarks/2026-10-01-local-model-suite/quality/schema-scorer/commonsense_qa/workload-commonsense_qa-eval.jsonl: 50 rows (sha256 197771028f499cf4daba2c389f99f876c48ebebae094ce528182f504028f72bd)
[bench] 50 groups over 50 rows (grouping=true)
[bench] engine schema-scorer starting
[bench] strategy schema-scorer warmup complete
[bench] strategy schema-scorer rep 0: 2.535 s
[bench] summary /Users/whit3rabbit/Documents/GitHub/openkind/benchmarks/2026-10-01-local-model-suite/quality/schema-scorer/commonsense_qa/summary-schema-scorer.json
{
  "comparability": {
    "forced_none_option": true,
    "note": "Choice rows always carry an injected __none__ option; accuracy includes it, answerable_ranking_accuracy excludes it for external comparison. Request wording follows the pinned template source."
  },
  "dataset": {
    "convert_revision": "ae0768efa72432cb9c8e3945bd39f6dad24b2808",
    "description": "Commonsense QA, 5 options.",
    "files": 2,
    "gated": "none",
    "hf_repo": "tau/commonsense_qa",
    "hf_revision": "94630fe30dad47192a8546eb75f094926d47e155",
    "license": "MIT",
    "name": "commonsense_qa",
    "task_family": "multiple-choice"
  },
  "engine": {
    "bundle_version": null,
    "engine": "schema-scorer",
    "model_revision": "233902d25c440f23af6f7d6e94d2946bac0bee0a",
    "profile_id": "5a7350af556f0ee66566",
    "strategy": "schema-scorer"
  },
  "evidence_class": "model-quality (public-dataset); no model or policy promotion",
  "limit": 50,
  "metrics": {
    "accuracy": 0.22,
    "accuracy_at_coverage": {
      "0.5": {
        "accuracy": 0.24,
        "answered": 25,
        "coverage": 0.5
      },
      "0.8": {
        "accuracy": 0.225,
        "answered": 40,
        "coverage": 0.8
      }
    },
    "accuracy_bootstrap": {
      "ci_95": [
        0.12,
        0.34
      ],
      "clusters": 50,
      "point": 0.22,
      "replicates": 2000,
      "seed": 29160717
    },
    "answerable_ranking_accuracy": 0.38,
    "aurc": 0.7624581897564817,
    "brier": 1.2613428966587064,
    "ece_10_bins": 0.6130610508578326,
    "false_none_rate": 0.34,
    "macro_f1": 0.2618392134181608,
    "nll": 4.8397573604720225,
    "none_recall": null,
    "per_class_recall": [
      {
        "count": 7,
        "label": "A",
        "recall": 0.2857142857142857
      },
      {
        "count": 11,
        "label": "B",
        "recall": 0.18181818181818182
      },
      {
        "count": 14,
        "label": "C",
        "recall": 0.21428571428571427
      },
      {
        "count": 5,
        "label": "D",
        "recall": 0.2
      },
      {
        "count": 13,
        "label": "E",
        "recall": 0.23076923076923078
      }
    ],
    "risk_coverage": [
      {
        "accepted_error": 0.8,
        "answered": 45,
        "threshold": 0.5
      },
      {
        "accepted_error": 0.75,
        "answered": 32,
        "threshold": 0.75
      },
      {
        "accepted_error": 0.7391304347826086,
        "answered": 23,
        "threshold": 0.9
      },
      {
        "accepted_error": 0.6923076923076923,
        "answered": 13,
        "threshold": 0.98
      }
    ],
    "rows": 50
  },
  "provenance": {
    "commit": "e3cb136f431e817ac4aca475ea381b0840ef2cd0",
    "executable_sha256": "8b66617d7ef7371feea5adc66d6d7b0b4858726656b987c005cc0d184f14ca27",
    "host": "Apple M4 Max, 14 cores, 36 GiB RAM, macOS arm64",
    "predictions_path": "/Users/whit3rabbit/Documents/GitHub/openkind/benchmarks/2026-10-01-local-model-suite/quality/schema-scorer/commonsense_qa/predictions-schema-scorer-schema-scorer.jsonl",
    "predictions_sha256": "d47cdd5ed46946c1f2acff2b50658fcbebf3cf552c8824c6e1c1076ec5c13851",
    "summary_sha256": "d18df393210428d1810cdea9c4a84cd20b037cfdfd4ec91e292f72624fbb580b",
    "workload_path": "/Users/whit3rabbit/Documents/GitHub/openkind/benchmarks/2026-10-01-local-model-suite/quality/schema-scorer/commonsense_qa/workload-commonsense_qa-eval.jsonl",
    "workload_sha256": "197771028f499cf4daba2c389f99f876c48ebebae094ce528182f504028f72bd"
  },
  "rows": 50,
  "schema": "openkind-dataset-eval/v1",
  "skipped_duplicates": 0,
  "skipped_template_rows": 0,
  "split": "eval",
  "template": {
    "id": "jev-benchmarking",
    "source": "https://github.com/AppliedMachineLearning-Lab/jev-benchmarking@6bbdeb33474849b6de2f0cccc9f5e19756abd67e",
    "version": 1
  }
}
[exit 0] eval schema-scorer/commonsense_qa (schema-scorer)

$ /Users/whit3rabbit/Documents/GitHub/openkind/target/release/openkind-bench dataset eval paws --datasets-dir /Users/whit3rabbit/Library/Caches/openkind-local-suite-2026-10-01/datasets --limit 50 --engine schema-scorer --host 'Apple M4 Max, 14 cores, 36 GiB RAM, macOS arm64' --commit e3cb136f431e817ac4aca475ea381b0840ef2cd0 --output-dir /Users/whit3rabbit/Documents/GitHub/openkind/benchmarks/2026-10-01-local-model-suite/quality/schema-scorer/paws --pretty --model-root /tmp/openkind-local-suite-2026-10-01/models/models/schema-scorer:5a7350af556f0ee66566/checkpoint --tune-threshold
[bench] workload /Users/whit3rabbit/Documents/GitHub/openkind/benchmarks/2026-10-01-local-model-suite/quality/schema-scorer/paws/tuning-paws/workload-paws-dev.jsonl: 50 rows (sha256 f9c04db8a2189dc90a3981b384703273ab29fb29778decf3895a80de707c1f75)
[bench] 50 groups over 50 rows (grouping=true)
[bench] engine schema-scorer starting
[bench] strategy schema-scorer warmup complete
[bench] strategy schema-scorer rep 0: 2.025 s
[bench] summary /Users/whit3rabbit/Documents/GitHub/openkind/benchmarks/2026-10-01-local-model-suite/quality/schema-scorer/paws/tuning-paws/summary-schema-scorer.json
[bench] workload /Users/whit3rabbit/Documents/GitHub/openkind/benchmarks/2026-10-01-local-model-suite/quality/schema-scorer/paws/workload-paws-eval.jsonl: 50 rows (sha256 36ecb2af4e6c31d6529afaf2a85abbb1581be6ff6544263029794b66a6defc70)
[bench] 50 groups over 50 rows (grouping=true)
[bench] engine schema-scorer starting
[bench] strategy schema-scorer warmup complete
[bench] strategy schema-scorer rep 0: 1.988 s
[bench] summary /Users/whit3rabbit/Documents/GitHub/openkind/benchmarks/2026-10-01-local-model-suite/quality/schema-scorer/paws/summary-schema-scorer.json
{
  "comparability": {
    "forced_none_option": false,
    "note": "Choice rows always carry an injected __none__ option; accuracy includes it, answerable_ranking_accuracy excludes it for external comparison. Request wording follows the pinned template source."
  },
  "dataset": {
    "convert_revision": "254f2df8677712ee0972ddb92870dc79fed48aec",
    "description": "Adversarial paraphrase identification (high word overlap).",
    "files": 2,
    "gated": "none",
    "hf_repo": "google-research-datasets/paws",
    "hf_revision": "161ece9501cf0a11f3e48bd356eaa82de46d6a09",
    "license": "custom terms on the dataset card; review before broader use",
    "name": "paws",
    "task_family": "nli"
  },
  "engine": {
    "bundle_version": null,
    "engine": "schema-scorer",
    "model_revision": "233902d25c440f23af6f7d6e94d2946bac0bee0a",
    "profile_id": "5a7350af556f0ee66566",
    "strategy": "schema-scorer"
  },
  "evidence_class": "model-quality (public-dataset); no model or policy promotion",
  "limit": 50,
  "metrics": {
    "accuracy_at_0.5": 0.52,
    "accuracy_at_coverage": {
      "0.5": {
        "accuracy": 0.56,
        "answered": 25,
        "coverage": 0.5
      },
      "0.8": {
        "accuracy": 0.55,
        "answered": 40,
        "coverage": 0.8
      }
    },
    "accuracy_bootstrap": {
      "ci_95": [
        0.38,
        0.66
      ],
      "clusters": 50,
      "point": 0.52,
      "replicates": 2000,
      "seed": 29160717
    },
    "aurc": 0.416854265263164,
    "auroc": 0.5,
    "brier": 0.39860105542961444,
    "ece_10_bins": 0.5473840354120105,
    "negative_recall": 0.8,
    "positive_recall": 0.1,
    "rows": 50,
    "tuned_threshold": {
      "dev_rows": 50,
      "eval_accuracy": 0.56,
      "protocol": "threshold selected on dev, applied to eval",
      "threshold": 0.802574701330398,
      "tuning_accuracy_on_dev": 0.64
    }
  },
  "provenance": {
    "commit": "e3cb136f431e817ac4aca475ea381b0840ef2cd0",
    "executable_sha256": "8b66617d7ef7371feea5adc66d6d7b0b4858726656b987c005cc0d184f14ca27",
    "host": "Apple M4 Max, 14 cores, 36 GiB RAM, macOS arm64",
    "predictions_path": "/Users/whit3rabbit/Documents/GitHub/openkind/benchmarks/2026-10-01-local-model-suite/quality/schema-scorer/paws/predictions-schema-scorer-schema-scorer.jsonl",
    "predictions_sha256": "80450d78868ad002e10e0bfa365a618bd7f7ab53e997a04d1991bc77b51bfb51",
    "summary_sha256": "166cb349c4b72ee86d713c0a29b58ed32639289fb153d2e35a23dd1167197e86",
    "workload_path": "/Users/whit3rabbit/Documents/GitHub/openkind/benchmarks/2026-10-01-local-model-suite/quality/schema-scorer/paws/workload-paws-eval.jsonl",
    "workload_sha256": "36ecb2af4e6c31d6529afaf2a85abbb1581be6ff6544263029794b66a6defc70"
  },
  "rows": 50,
  "schema": "openkind-dataset-eval/v1",
  "skipped_duplicates": 18,
  "skipped_template_rows": 0,
  "split": "eval",
  "template": {
    "id": "jev-benchmarking",
    "source": "https://github.com/AppliedMachineLearning-Lab/jev-benchmarking@6bbdeb33474849b6de2f0cccc9f5e19756abd67e",
    "version": 1
  }
}
[exit 0] eval schema-scorer/paws (schema-scorer)

$ /Users/whit3rabbit/Documents/GitHub/openkind/target/release/openkind-bench dataset eval boolq --datasets-dir /Users/whit3rabbit/Library/Caches/openkind-local-suite-2026-10-01/datasets --limit 50 --engine schema-scorer --host 'Apple M4 Max, 14 cores, 36 GiB RAM, macOS arm64' --commit e3cb136f431e817ac4aca475ea381b0840ef2cd0 --output-dir /Users/whit3rabbit/Documents/GitHub/openkind/benchmarks/2026-10-01-local-model-suite/quality/schema-scorer/boolq --pretty --model-root /tmp/openkind-local-suite-2026-10-01/models/models/schema-scorer:5a7350af556f0ee66566/checkpoint --tune-threshold
[bench] workload /Users/whit3rabbit/Documents/GitHub/openkind/benchmarks/2026-10-01-local-model-suite/quality/schema-scorer/boolq/tuning-boolq/workload-boolq-dev.jsonl: 50 rows (sha256 1344c51d3a9d27d9cbf428f2e823b6324a62c5e15d9d4beba09f034c57950ea9)
[bench] 50 groups over 50 rows (grouping=true)
[bench] engine schema-scorer starting
[bench] strategy schema-scorer warmup complete
[bench] strategy schema-scorer rep 0: 3.272 s
[bench] summary /Users/whit3rabbit/Documents/GitHub/openkind/benchmarks/2026-10-01-local-model-suite/quality/schema-scorer/boolq/tuning-boolq/summary-schema-scorer.json
[bench] workload /Users/whit3rabbit/Documents/GitHub/openkind/benchmarks/2026-10-01-local-model-suite/quality/schema-scorer/boolq/workload-boolq-eval.jsonl: 50 rows (sha256 449d16d61bdfeba20b1323e394af130cf9e9e70670365f052602e59eed64373c)
[bench] 50 groups over 50 rows (grouping=true)
[bench] engine schema-scorer starting
Error: warmup dispatch failed: backend `schema-scorer/cpu-fp32` does not support this request: encoded pair length 773 exceeds frozen maximum 512; truncation is forbidden
[exit 1] eval schema-scorer/boolq (schema-scorer)

$ /Users/whit3rabbit/Documents/GitHub/openkind/target/release/openkind-bench dataset eval stsb --datasets-dir /Users/whit3rabbit/Library/Caches/openkind-local-suite-2026-10-01/datasets --limit 50 --engine schema-scorer --host 'Apple M4 Max, 14 cores, 36 GiB RAM, macOS arm64' --commit e3cb136f431e817ac4aca475ea381b0840ef2cd0 --output-dir /Users/whit3rabbit/Documents/GitHub/openkind/benchmarks/2026-10-01-local-model-suite/quality/schema-scorer/stsb --pretty --model-root /tmp/openkind-local-suite-2026-10-01/models/models/schema-scorer:5a7350af556f0ee66566/checkpoint
[bench] workload /Users/whit3rabbit/Documents/GitHub/openkind/benchmarks/2026-10-01-local-model-suite/quality/schema-scorer/stsb/workload-stsb-eval.jsonl: 50 rows (sha256 fbcbdc284c4c7e1d9f950740770134c5eaab52175a16eaafb059749acf610453)
[bench] 50 groups over 50 rows (grouping=true)
[bench] engine schema-scorer starting
[bench] strategy schema-scorer warmup complete
[bench] strategy schema-scorer rep 0: 4.374 s
[bench] summary /Users/whit3rabbit/Documents/GitHub/openkind/benchmarks/2026-10-01-local-model-suite/quality/schema-scorer/stsb/summary-schema-scorer.json
{
  "comparability": {
    "forced_none_option": false,
    "note": "Choice rows always carry an injected __none__ option; accuracy includes it, answerable_ranking_accuracy excludes it for external comparison. Request wording follows the pinned template source."
  },
  "dataset": {
    "convert_revision": "58372e8197f43125a85d75e3c5121ccabc61413a",
    "description": "Semantic textual similarity on a 0-5 scale.",
    "files": 2,
    "gated": "none",
    "hf_repo": "sentence-transformers/stsb",
    "hf_revision": "ab7a5ac0e35aa22088bdcf23e7fd99b220e53308",
    "license": "unstated on the dataset card; internal evaluation only",
    "name": "stsb",
    "task_family": "rubric-scoring"
  },
  "engine": {
    "bundle_version": null,
    "engine": "schema-scorer",
    "model_revision": "233902d25c440f23af6f7d6e94d2946bac0bee0a",
    "profile_id": "5a7350af556f0ee66566",
    "strategy": "schema-scorer"
  },
  "evidence_class": "model-quality (public-dataset); no model or policy promotion",
  "limit": 50,
  "metrics": {
    "argmax_level_accuracy": 0.08,
    "mae": 2.701029132896406,
    "nll": 5.194966911796729,
    "pearson": -0.310347543691323,
    "rows": 50,
    "spearman": -0.3727240100659263
  },
  "provenance": {
    "commit": "e3cb136f431e817ac4aca475ea381b0840ef2cd0",
    "executable_sha256": "8b66617d7ef7371feea5adc66d6d7b0b4858726656b987c005cc0d184f14ca27",
    "host": "Apple M4 Max, 14 cores, 36 GiB RAM, macOS arm64",
    "predictions_path": "/Users/whit3rabbit/Documents/GitHub/openkind/benchmarks/2026-10-01-local-model-suite/quality/schema-scorer/stsb/predictions-schema-scorer-schema-scorer.jsonl",
    "predictions_sha256": "bf2ca1d0b8e257a4ac423062f270d99355638d388a70158c3d12272e310bdeb5",
    "summary_sha256": "cdb4632ed2bba47eea980cebad683b722ca8b694fd95e1dc8cc050e519f74a50",
    "workload_path": "/Users/whit3rabbit/Documents/GitHub/openkind/benchmarks/2026-10-01-local-model-suite/quality/schema-scorer/stsb/workload-stsb-eval.jsonl",
    "workload_sha256": "fbcbdc284c4c7e1d9f950740770134c5eaab52175a16eaafb059749acf610453"
  },
  "rows": 50,
  "schema": "openkind-dataset-eval/v1",
  "skipped_duplicates": 1,
  "skipped_template_rows": 0,
  "split": "eval",
  "template": {
    "id": "jev-benchmarking",
    "source": "https://github.com/AppliedMachineLearning-Lab/jev-benchmarking@6bbdeb33474849b6de2f0cccc9f5e19756abd67e",
    "version": 1
  }
}
[exit 0] eval schema-scorer/stsb (schema-scorer)

$ /Users/whit3rabbit/Documents/GitHub/openkind/target/release/openkind-bench dataset eval sst5 --datasets-dir /Users/whit3rabbit/Library/Caches/openkind-local-suite-2026-10-01/datasets --limit 50 --engine schema-scorer --host 'Apple M4 Max, 14 cores, 36 GiB RAM, macOS arm64' --commit e3cb136f431e817ac4aca475ea381b0840ef2cd0 --output-dir /Users/whit3rabbit/Documents/GitHub/openkind/benchmarks/2026-10-01-local-model-suite/quality/schema-scorer/sst5 --pretty --model-root /tmp/openkind-local-suite-2026-10-01/models/models/schema-scorer:5a7350af556f0ee66566/checkpoint
[bench] workload /Users/whit3rabbit/Documents/GitHub/openkind/benchmarks/2026-10-01-local-model-suite/quality/schema-scorer/sst5/workload-sst5-eval.jsonl: 50 rows (sha256 6bb721c089a9da937cb5b7f49e671fad585a979df1fc22bacbebefe021d7c2c4)
[bench] 50 groups over 50 rows (grouping=true)
[bench] engine schema-scorer starting
[bench] strategy schema-scorer warmup complete
[bench] strategy schema-scorer rep 0: 2.456 s
[bench] summary /Users/whit3rabbit/Documents/GitHub/openkind/benchmarks/2026-10-01-local-model-suite/quality/schema-scorer/sst5/summary-schema-scorer.json
{
  "comparability": {
    "forced_none_option": false,
    "note": "Choice rows always carry an injected __none__ option; accuracy includes it, answerable_ranking_accuracy excludes it for external comparison. Request wording follows the pinned template source."
  },
  "dataset": {
    "convert_revision": "956d888e7bc9c029fd96e3cece49c054ec0ddbd9",
    "description": "Fine-grained sentence sentiment, 5 ordered levels.",
    "files": 2,
    "gated": "none",
    "hf_repo": "SetFit/sst5",
    "hf_revision": "e51bdcd8cd3a30da231967c1a249ba59361279a3",
    "license": "unstated on the dataset card; internal evaluation only",
    "name": "sst5",
    "task_family": "rubric-scoring"
  },
  "engine": {
    "bundle_version": null,
    "engine": "schema-scorer",
    "model_revision": "233902d25c440f23af6f7d6e94d2946bac0bee0a",
    "profile_id": "5a7350af556f0ee66566",
    "strategy": "schema-scorer"
  },
  "evidence_class": "model-quality (public-dataset); no model or policy promotion",
  "limit": 50,
  "metrics": {
    "argmax_level_accuracy": 0.32,
    "mae": 1.1633014132566293,
    "nll": 2.650987635672241,
    "pearson": 0.34398498915292314,
    "rows": 50,
    "spearman": 0.3133969076167108
  },
  "provenance": {
    "commit": "e3cb136f431e817ac4aca475ea381b0840ef2cd0",
    "executable_sha256": "8b66617d7ef7371feea5adc66d6d7b0b4858726656b987c005cc0d184f14ca27",
    "host": "Apple M4 Max, 14 cores, 36 GiB RAM, macOS arm64",
    "predictions_path": "/Users/whit3rabbit/Documents/GitHub/openkind/benchmarks/2026-10-01-local-model-suite/quality/schema-scorer/sst5/predictions-schema-scorer-schema-scorer.jsonl",
    "predictions_sha256": "3cab0c954a16ec3a37dac821ffa5c7c8870480a4a72d418d105e39246b2a4e1e",
    "summary_sha256": "e5dff4c91a5a82f031bac6620d56145ee715bd7f66a8ae3ad0bbc5bbe7300a90",
    "workload_path": "/Users/whit3rabbit/Documents/GitHub/openkind/benchmarks/2026-10-01-local-model-suite/quality/schema-scorer/sst5/workload-sst5-eval.jsonl",
    "workload_sha256": "6bb721c089a9da937cb5b7f49e671fad585a979df1fc22bacbebefe021d7c2c4"
  },
  "rows": 50,
  "schema": "openkind-dataset-eval/v1",
  "skipped_duplicates": 0,
  "skipped_template_rows": 0,
  "split": "eval",
  "template": {
    "id": "jev-benchmarking",
    "source": "https://github.com/AppliedMachineLearning-Lab/jev-benchmarking@6bbdeb33474849b6de2f0cccc9f5e19756abd67e",
    "version": 1
  }
}
[exit 0] eval schema-scorer/sst5 (schema-scorer)

$ /Users/whit3rabbit/Documents/GitHub/openkind/target/release/openkind-bench score /Users/whit3rabbit/Documents/GitHub/openkind/benchmarks/2026-10-01-local-model-suite/shape-smoke-12.jsonl --engine schema-scorer --output-dir /Users/whit3rabbit/Documents/GitHub/openkind/benchmarks/2026-10-01-local-model-suite/performance/schema-scorer/schema-scorer --reps 1 --host 'Apple M4 Max, 14 cores, 36 GiB RAM, macOS arm64' --commit e3cb136f431e817ac4aca475ea381b0840ef2cd0 --model-root /tmp/openkind-local-suite-2026-10-01/models/models/schema-scorer:5a7350af556f0ee66566/checkpoint
[bench] workload /Users/whit3rabbit/Documents/GitHub/openkind/benchmarks/2026-10-01-local-model-suite/shape-smoke-12.jsonl: 12 rows (sha256 c2db6b36351d340b4f55343109cf4a41444d56c96868ab7f467381dd791c3905)
[bench] 4 groups over 12 rows (grouping=true)
[bench] engine schema-scorer starting
[bench] strategy schema-scorer warmup complete
[bench] strategy schema-scorer rep 0: 0.984 s
[bench] summary /Users/whit3rabbit/Documents/GitHub/openkind/benchmarks/2026-10-01-local-model-suite/performance/schema-scorer/schema-scorer/summary-schema-scorer.json
{"bundle_version":null,"commit":"e3cb136f431e817ac4aca475ea381b0840ef2cd0","context":null,"cross_strategy_answer_parity_clean":null,"engine":"schema-scorer","engine_variant":"schema-scorer","fixture":{"groups":4,"path":"/Users/whit3rabbit/Documents/GitHub/openkind/benchmarks/2026-10-01-local-model-suite/shape-smoke-12.jsonl","rows":12,"sha256":"c2db6b36351d340b4f55343109cf4a41444d56c96868ab7f467381dd791c3905"},"grouping":"per-state","history_aba":false,"host":"Apple M4 Max, 14 cores, 36 GiB RAM, macOS arm64","host_hardware":{"cpu_brand":"Apple M4 Max","logical_cores":14,"model":"Mac16,5","total_memory_bytes":38654705664},"measurement_scope":"model_request_path","model_revision":"233902d25c440f23af6f7d6e94d2946bac0bee0a","notes":{"cpu_time_seconds":"process-wide user+system CPU time diff across the timed region, excluding warmup and model load; avg_cpu_percent exceeds 100 when multiple threads run","input_tokens_per_second":"total input tokens across all timed repetitions divided by their total wall time","percentiles":"p50 is the median rep total and p95 is the ceil(0.95*n)-1 sample; small rep counts are reported alongside as samples_seconds","request_latency_ms":"latency is per request; grouped rows share their request's latency and are not independent timings; includes request construction through answer extraction"},"peak_resident_bytes":264798208,"prediction_sha256":{"schema-scorer":"fd8a9d164e7c627299ae24a230f800b978fb772a7323fd7985ef5fb25da02ae4"},"profile_id":"5a7350af556f0ee66566","reps":1,"schema":"openkind-bench/v1","strategies":[{"avg_cpu_percent":170.39279620092395,"backend_id":"schema-scorer/cpu-fp32","cpu_time_seconds":1.6773419999999999,"decisions_per_second":12.190200653242378,"forced":null,"groups":4,"input_tokens_per_second":5260.0715818740855,"input_tokens_total":5178,"model_load_seconds":0.186294875,"p50_seconds":0.98439725,"p95_seconds":0.98439725,"reps":1,"rows":12,"samples_seconds":[0.98439725],"strategy":"schema-scorer"}],"timing_scope":"request construction, validation, dispatch, and answer extraction; excludes model load (reported per strategy), result writes, and the untimed warmup pass; warm process","warmup":true}
[exit 0] score schema-scorer (schema-scorer, 12 rows)

$ /Users/whit3rabbit/Documents/GitHub/openkind/target/release/openkind rm schema-scorer:5a7350af556f0ee66566
Removed installed model schema-scorer:5a7350af556f0ee66566
[exit 0] remove schema-scorer:5a7350af556f0ee66566

