profile=encoder-instruct-label:9fd68313a5606eca42f2
loader=encoder-instruct-label
commit=e3cb136f431e817ac4aca475ea381b0840ef2cd0
host=Apple M4 Max, 14 cores, 36 GiB RAM, macOS arm64

$ /Users/whit3rabbit/Documents/GitHub/openkind/target/release/openkind pull encoder-instruct-label:9fd68313a5606eca42f2
Downloading checkpoint/config.json (3.8 KiB)
Verifying checkpoint/config.json (SHA-256)
Verified checkpoint/config.json
Downloading checkpoint/tokenizer.json (3.4 MiB)
Verifying checkpoint/tokenizer.json (SHA-256)
Verified checkpoint/tokenizer.json
Downloading checkpoint/model.safetensors (577.5 MiB)
Verifying checkpoint/model.safetensors (SHA-256)
Verified checkpoint/model.safetensors
Installed encoder-instruct-label:9fd68313a5606eca42f2 (rust-loadable); 580.9 MiB downloaded
To activate it, restart the daemon with: openkind serve --installed-models encoder-instruct-label:9fd68313a5606eca42f2
[exit 0] pull encoder-instruct-label:9fd68313a5606eca42f2

$ /Users/whit3rabbit/Documents/GitHub/openkind/target/release/openkind-bench dataset eval sst2 --datasets-dir /Users/whit3rabbit/Library/Caches/openkind-local-suite-2026-10-01/datasets --limit 50 --engine encoder-instruct-label-mlx-fp32 --host 'Apple M4 Max, 14 cores, 36 GiB RAM, macOS arm64' --commit e3cb136f431e817ac4aca475ea381b0840ef2cd0 --output-dir /Users/whit3rabbit/Documents/GitHub/openkind/benchmarks/2026-10-01-local-model-suite/quality/encoder-instruct-label/sst2 --pretty --model-root /tmp/openkind-local-suite-2026-10-01/models/models/encoder-instruct-label:9fd68313a5606eca42f2/checkpoint
[bench] workload /Users/whit3rabbit/Documents/GitHub/openkind/benchmarks/2026-10-01-local-model-suite/quality/encoder-instruct-label/sst2/workload-sst2-eval.jsonl: 50 rows (sha256 aec7abbd2b4c0eb841e63b184e85bf2ce6285bd07cc2791db4e5c9eef2e263eb)
[bench] 50 groups over 50 rows (grouping=true)
[bench] engine encoder-instruct-label-mlx-fp32 starting
[bench] strategy encoder-instruct-label-mlx-fp32 warmup complete
[bench] strategy encoder-instruct-label-mlx-fp32 rep 0: 0.455 s
[bench] summary /Users/whit3rabbit/Documents/GitHub/openkind/benchmarks/2026-10-01-local-model-suite/quality/encoder-instruct-label/sst2/summary-encoder-instruct-label-mlx-fp32.json
{
  "comparability": {
    "forced_none_option": true,
    "note": "Choice rows always carry an injected __none__ option; accuracy includes it, answerable_ranking_accuracy excludes it for external comparison. Request wording follows the pinned template source."
  },
  "dataset": {
    "convert_revision": "db3daed39bcd33ea25255ab60c1ac86ad52ce79d",
    "description": "Binary sentence sentiment (GLUE SST-2).",
    "files": 2,
    "gated": "none",
    "hf_repo": "stanfordnlp/sst2",
    "hf_revision": "8d51e7e4887a4caaa95b3fbebbf53c0490b58bbb",
    "license": "unstated on the dataset card; internal evaluation only",
    "name": "sst2",
    "task_family": "text-classification"
  },
  "engine": {
    "bundle_version": null,
    "engine": "encoder-instruct-label",
    "model_revision": "ac369222ca4375ca66ebaf7fb5220f223514c035",
    "profile_id": "9fd68313a5606eca42f2",
    "strategy": "encoder-instruct-label-mlx-fp32"
  },
  "evidence_class": "model-quality (public-dataset); no model or policy promotion",
  "limit": 50,
  "metrics": {
    "accuracy": 0.92,
    "accuracy_at_coverage": {
      "0.5": {
        "accuracy": 0.92,
        "answered": 25,
        "coverage": 0.5
      },
      "0.8": {
        "accuracy": 0.95,
        "answered": 40,
        "coverage": 0.8
      }
    },
    "accuracy_bootstrap": {
      "ci_95": [
        0.84,
        0.98
      ],
      "clusters": 50,
      "point": 0.92,
      "replicates": 2000,
      "seed": 29160717
    },
    "answerable_ranking_accuracy": 0.92,
    "aurc": 0.07865177068715175,
    "brier": 0.14312681803146285,
    "ece_10_bins": 0.07073099709418697,
    "false_none_rate": 0.0,
    "macro_f1": 0.9151103565365025,
    "nll": 0.6963658927219832,
    "none_recall": null,
    "per_class_recall": [
      {
        "count": 20,
        "label": "negative",
        "recall": 0.85
      },
      {
        "count": 30,
        "label": "positive",
        "recall": 0.9666666666666667
      }
    ],
    "risk_coverage": [
      {
        "accepted_error": 0.07999999999999996,
        "answered": 50,
        "threshold": 0.5
      },
      {
        "accepted_error": 0.06382978723404253,
        "answered": 47,
        "threshold": 0.75
      },
      {
        "accepted_error": 0.06666666666666665,
        "answered": 45,
        "threshold": 0.9
      },
      {
        "accepted_error": 0.04878048780487809,
        "answered": 41,
        "threshold": 0.98
      }
    ],
    "rows": 50
  },
  "provenance": {
    "commit": "e3cb136f431e817ac4aca475ea381b0840ef2cd0",
    "executable_sha256": "8b66617d7ef7371feea5adc66d6d7b0b4858726656b987c005cc0d184f14ca27",
    "host": "Apple M4 Max, 14 cores, 36 GiB RAM, macOS arm64",
    "predictions_path": "/Users/whit3rabbit/Documents/GitHub/openkind/benchmarks/2026-10-01-local-model-suite/quality/encoder-instruct-label/sst2/predictions-encoder-instruct-label-mlx-fp32-encoder-instruct-label-mlx-fp32.jsonl",
    "predictions_sha256": "ca0649a69d13a95f4d409abfeb9a5ebef235a23af5468baa2beb5fb128dc683b",
    "summary_sha256": "85c72bcd6795e6d5292874fe1498c206d57bb14011396147741342ad69f24d2b",
    "workload_path": "/Users/whit3rabbit/Documents/GitHub/openkind/benchmarks/2026-10-01-local-model-suite/quality/encoder-instruct-label/sst2/workload-sst2-eval.jsonl",
    "workload_sha256": "aec7abbd2b4c0eb841e63b184e85bf2ce6285bd07cc2791db4e5c9eef2e263eb"
  },
  "rows": 50,
  "schema": "openkind-dataset-eval/v1",
  "skipped_duplicates": 0,
  "skipped_template_rows": 0,
  "split": "eval",
  "template": {
    "id": "jev-benchmarking",
    "source": "https://github.com/AppliedMachineLearning-Lab/jev-benchmarking@6bbdeb33474849b6de2f0cccc9f5e19756abd67e",
    "version": 1
  }
}
[exit 0] eval encoder-instruct-label/sst2 (encoder-instruct-label-mlx-fp32)

$ /Users/whit3rabbit/Documents/GitHub/openkind/target/release/openkind-bench dataset eval ag_news --datasets-dir /Users/whit3rabbit/Library/Caches/openkind-local-suite-2026-10-01/datasets --limit 50 --engine encoder-instruct-label-mlx-fp32 --host 'Apple M4 Max, 14 cores, 36 GiB RAM, macOS arm64' --commit e3cb136f431e817ac4aca475ea381b0840ef2cd0 --output-dir /Users/whit3rabbit/Documents/GitHub/openkind/benchmarks/2026-10-01-local-model-suite/quality/encoder-instruct-label/ag_news --pretty --model-root /tmp/openkind-local-suite-2026-10-01/models/models/encoder-instruct-label:9fd68313a5606eca42f2/checkpoint
[bench] workload /Users/whit3rabbit/Documents/GitHub/openkind/benchmarks/2026-10-01-local-model-suite/quality/encoder-instruct-label/ag_news/workload-ag_news-eval.jsonl: 50 rows (sha256 dc1d8893d535881c1e80eedd7012e8ef0dc8db0daa1ee4cf977a7a0e91dcc998)
[bench] 50 groups over 50 rows (grouping=true)
[bench] engine encoder-instruct-label-mlx-fp32 starting
[bench] strategy encoder-instruct-label-mlx-fp32 warmup complete
[bench] strategy encoder-instruct-label-mlx-fp32 rep 0: 0.509 s
[bench] summary /Users/whit3rabbit/Documents/GitHub/openkind/benchmarks/2026-10-01-local-model-suite/quality/encoder-instruct-label/ag_news/summary-encoder-instruct-label-mlx-fp32.json
{
  "comparability": {
    "forced_none_option": true,
    "note": "Choice rows always carry an injected __none__ option; accuracy includes it, answerable_ranking_accuracy excludes it for external comparison. Request wording follows the pinned template source."
  },
  "dataset": {
    "convert_revision": "4efd5262b756aee7a12710ca78c74aa258660063",
    "description": "News topic classification, 4 classes.",
    "files": 2,
    "gated": "none",
    "hf_repo": "fancyzhx/ag_news",
    "hf_revision": "eb185aade064a813bc0b7f42de02595523103ca4",
    "license": "unstated on the dataset card; internal evaluation only",
    "name": "ag_news",
    "task_family": "text-classification"
  },
  "engine": {
    "bundle_version": null,
    "engine": "encoder-instruct-label",
    "model_revision": "ac369222ca4375ca66ebaf7fb5220f223514c035",
    "profile_id": "9fd68313a5606eca42f2",
    "strategy": "encoder-instruct-label-mlx-fp32"
  },
  "evidence_class": "model-quality (public-dataset); no model or policy promotion",
  "limit": 50,
  "metrics": {
    "accuracy": 0.78,
    "accuracy_at_coverage": {
      "0.5": {
        "accuracy": 0.92,
        "answered": 25,
        "coverage": 0.5
      },
      "0.8": {
        "accuracy": 0.85,
        "answered": 40,
        "coverage": 0.8
      }
    },
    "accuracy_bootstrap": {
      "ci_95": [
        0.66,
        0.88
      ],
      "clusters": 50,
      "point": 0.78,
      "replicates": 2000,
      "seed": 29160717
    },
    "answerable_ranking_accuracy": 0.78,
    "aurc": 0.11005150961866311,
    "brier": 0.3494994712629056,
    "ece_10_bins": 0.10663278998779022,
    "false_none_rate": 0.0,
    "macro_f1": 0.7428919202816261,
    "nll": 0.8376772541846406,
    "none_recall": null,
    "per_class_recall": [
      {
        "count": 8,
        "label": "Business",
        "recall": 0.75
      },
      {
        "count": 10,
        "label": "Sci/Tech",
        "recall": 0.4
      },
      {
        "count": 16,
        "label": "Sports",
        "recall": 0.9375
      },
      {
        "count": 16,
        "label": "World",
        "recall": 0.875
      }
    ],
    "risk_coverage": [
      {
        "accepted_error": 0.21999999999999997,
        "answered": 50,
        "threshold": 0.5
      },
      {
        "accepted_error": 0.15384615384615385,
        "answered": 39,
        "threshold": 0.75
      },
      {
        "accepted_error": 0.09677419354838712,
        "answered": 31,
        "threshold": 0.9
      },
      {
        "accepted_error": 0.10526315789473684,
        "answered": 19,
        "threshold": 0.98
      }
    ],
    "rows": 50
  },
  "provenance": {
    "commit": "e3cb136f431e817ac4aca475ea381b0840ef2cd0",
    "executable_sha256": "8b66617d7ef7371feea5adc66d6d7b0b4858726656b987c005cc0d184f14ca27",
    "host": "Apple M4 Max, 14 cores, 36 GiB RAM, macOS arm64",
    "predictions_path": "/Users/whit3rabbit/Documents/GitHub/openkind/benchmarks/2026-10-01-local-model-suite/quality/encoder-instruct-label/ag_news/predictions-encoder-instruct-label-mlx-fp32-encoder-instruct-label-mlx-fp32.jsonl",
    "predictions_sha256": "a3a3571f959d1a71cadc39bb9e222682841a1eebe6cfe98e89670d153d2c0df0",
    "summary_sha256": "df142a152c51693d24c592c8a2dced23402d0ba172ae34c718ccfc987f384011",
    "workload_path": "/Users/whit3rabbit/Documents/GitHub/openkind/benchmarks/2026-10-01-local-model-suite/quality/encoder-instruct-label/ag_news/workload-ag_news-eval.jsonl",
    "workload_sha256": "dc1d8893d535881c1e80eedd7012e8ef0dc8db0daa1ee4cf977a7a0e91dcc998"
  },
  "rows": 50,
  "schema": "openkind-dataset-eval/v1",
  "skipped_duplicates": 0,
  "skipped_template_rows": 0,
  "split": "eval",
  "template": {
    "id": "jev-benchmarking",
    "source": "https://github.com/AppliedMachineLearning-Lab/jev-benchmarking@6bbdeb33474849b6de2f0cccc9f5e19756abd67e",
    "version": 1
  }
}
[exit 0] eval encoder-instruct-label/ag_news (encoder-instruct-label-mlx-fp32)

$ /Users/whit3rabbit/Documents/GitHub/openkind/target/release/openkind-bench dataset eval banking77 --datasets-dir /Users/whit3rabbit/Library/Caches/openkind-local-suite-2026-10-01/datasets --limit 50 --engine encoder-instruct-label-mlx-fp32 --host 'Apple M4 Max, 14 cores, 36 GiB RAM, macOS arm64' --commit e3cb136f431e817ac4aca475ea381b0840ef2cd0 --output-dir /Users/whit3rabbit/Documents/GitHub/openkind/benchmarks/2026-10-01-local-model-suite/quality/encoder-instruct-label/banking77 --pretty --model-root /tmp/openkind-local-suite-2026-10-01/models/models/encoder-instruct-label:9fd68313a5606eca42f2/checkpoint
[bench] workload /Users/whit3rabbit/Documents/GitHub/openkind/benchmarks/2026-10-01-local-model-suite/quality/encoder-instruct-label/banking77/workload-banking77-eval.jsonl: 50 rows (sha256 9987b6f82a27ab4a5ddc0124ab4a110945d168858aa1ff1352d371422d657b98)
[bench] 50 groups over 50 rows (grouping=true)
[bench] engine encoder-instruct-label-mlx-fp32 starting
Error: warmup dispatch failed: backend `encoder-instruct-label/mlx-fp32` does not support this request: question `banking77/1039` offers 78 candidates but the profile accepts at most 25
[exit 1] eval encoder-instruct-label/banking77 (encoder-instruct-label-mlx-fp32)

$ /Users/whit3rabbit/Documents/GitHub/openkind/target/release/openkind-bench dataset eval clinc150 --datasets-dir /Users/whit3rabbit/Library/Caches/openkind-local-suite-2026-10-01/datasets --limit 50 --engine encoder-instruct-label-mlx-fp32 --host 'Apple M4 Max, 14 cores, 36 GiB RAM, macOS arm64' --commit e3cb136f431e817ac4aca475ea381b0840ef2cd0 --output-dir /Users/whit3rabbit/Documents/GitHub/openkind/benchmarks/2026-10-01-local-model-suite/quality/encoder-instruct-label/clinc150 --pretty --model-root /tmp/openkind-local-suite-2026-10-01/models/models/encoder-instruct-label:9fd68313a5606eca42f2/checkpoint
[bench] workload /Users/whit3rabbit/Documents/GitHub/openkind/benchmarks/2026-10-01-local-model-suite/quality/encoder-instruct-label/clinc150/workload-clinc150-eval.jsonl: 50 rows (sha256 c4fa558b966c0c72618366e1b6b6024566b5de14d3eeba7e0085c260ebdf1701)
[bench] 50 groups over 50 rows (grouping=true)
[bench] engine encoder-instruct-label-mlx-fp32 starting
Error: warmup dispatch failed: backend `encoder-instruct-label/mlx-fp32` does not support this request: question `clinc150/plus/1394` offers 152 candidates but the profile accepts at most 25
[exit 1] eval encoder-instruct-label/clinc150 (encoder-instruct-label-mlx-fp32)

$ /Users/whit3rabbit/Documents/GitHub/openkind/target/release/openkind-bench dataset eval arc --datasets-dir /Users/whit3rabbit/Library/Caches/openkind-local-suite-2026-10-01/datasets --limit 50 --engine encoder-instruct-label-mlx-fp32 --host 'Apple M4 Max, 14 cores, 36 GiB RAM, macOS arm64' --commit e3cb136f431e817ac4aca475ea381b0840ef2cd0 --output-dir /Users/whit3rabbit/Documents/GitHub/openkind/benchmarks/2026-10-01-local-model-suite/quality/encoder-instruct-label/arc --pretty --model-root /tmp/openkind-local-suite-2026-10-01/models/models/encoder-instruct-label:9fd68313a5606eca42f2/checkpoint
[bench] workload /Users/whit3rabbit/Documents/GitHub/openkind/benchmarks/2026-10-01-local-model-suite/quality/encoder-instruct-label/arc/workload-arc-eval.jsonl: 50 rows (sha256 a075d83ef393eaf6312d06148ced5f742adda040cd5d4b5055592a5925d2608e)
[bench] 50 groups over 50 rows (grouping=true)
[bench] engine encoder-instruct-label-mlx-fp32 starting
[bench] strategy encoder-instruct-label-mlx-fp32 warmup complete
[bench] strategy encoder-instruct-label-mlx-fp32 rep 0: 0.458 s
[bench] summary /Users/whit3rabbit/Documents/GitHub/openkind/benchmarks/2026-10-01-local-model-suite/quality/encoder-instruct-label/arc/summary-encoder-instruct-label-mlx-fp32.json
{
  "comparability": {
    "forced_none_option": true,
    "note": "Choice rows always carry an injected __none__ option; accuracy includes it, answerable_ranking_accuracy excludes it for external comparison. Request wording follows the pinned template source."
  },
  "dataset": {
    "convert_revision": "5a61ed188b8810abf32686fa83eb93787cbc5f25",
    "description": "Grade-school science QA (Challenge + Easy), 3-5 options.",
    "files": 4,
    "gated": "none",
    "hf_repo": "allenai/ai2_arc",
    "hf_revision": "210d026faf9955653af8916fad021475a3f00453",
    "license": "CC-BY-SA-4.0",
    "name": "arc",
    "task_family": "multiple-choice"
  },
  "engine": {
    "bundle_version": null,
    "engine": "encoder-instruct-label",
    "model_revision": "ac369222ca4375ca66ebaf7fb5220f223514c035",
    "profile_id": "9fd68313a5606eca42f2",
    "strategy": "encoder-instruct-label-mlx-fp32"
  },
  "evidence_class": "model-quality (public-dataset); no model or policy promotion",
  "limit": 50,
  "metrics": {
    "accuracy": 0.46,
    "accuracy_at_coverage": {
      "0.5": {
        "accuracy": 0.64,
        "answered": 25,
        "coverage": 0.5
      },
      "0.8": {
        "accuracy": 0.525,
        "answered": 40,
        "coverage": 0.8
      }
    },
    "accuracy_bootstrap": {
      "ci_95": [
        0.32,
        0.6
      ],
      "clusters": 50,
      "point": 0.46,
      "replicates": 2000,
      "seed": 29160717
    },
    "answerable_ranking_accuracy": 0.46,
    "aurc": 0.3798143310994256,
    "brier": 0.6757243031074143,
    "ece_10_bins": 0.2663402316958581,
    "false_none_rate": 0.0,
    "macro_f1": 0.45155279503105594,
    "nll": 1.4023759801919127,
    "none_recall": null,
    "per_class_recall": [
      {
        "count": 8,
        "label": "A",
        "recall": 0.5
      },
      {
        "count": 19,
        "label": "B",
        "recall": 0.47368421052631576
      },
      {
        "count": 13,
        "label": "C",
        "recall": 0.38461538461538464
      },
      {
        "count": 10,
        "label": "D",
        "recall": 0.5
      }
    ],
    "risk_coverage": [
      {
        "accepted_error": 0.43243243243243246,
        "answered": 37,
        "threshold": 0.5
      },
      {
        "accepted_error": 0.4,
        "answered": 20,
        "threshold": 0.75
      },
      {
        "accepted_error": 0.41666666666666663,
        "answered": 12,
        "threshold": 0.9
      },
      {
        "accepted_error": 0.16666666666666663,
        "answered": 6,
        "threshold": 0.98
      }
    ],
    "rows": 50
  },
  "provenance": {
    "commit": "e3cb136f431e817ac4aca475ea381b0840ef2cd0",
    "executable_sha256": "8b66617d7ef7371feea5adc66d6d7b0b4858726656b987c005cc0d184f14ca27",
    "host": "Apple M4 Max, 14 cores, 36 GiB RAM, macOS arm64",
    "predictions_path": "/Users/whit3rabbit/Documents/GitHub/openkind/benchmarks/2026-10-01-local-model-suite/quality/encoder-instruct-label/arc/predictions-encoder-instruct-label-mlx-fp32-encoder-instruct-label-mlx-fp32.jsonl",
    "predictions_sha256": "177087f339a5e52169bfddbd0c18d6e877cb579ac004ce13ea37b750026c11a5",
    "summary_sha256": "3762ea9b66a38531be27e85e8853a51bb6f419e98eee790996a3627f45b62513",
    "workload_path": "/Users/whit3rabbit/Documents/GitHub/openkind/benchmarks/2026-10-01-local-model-suite/quality/encoder-instruct-label/arc/workload-arc-eval.jsonl",
    "workload_sha256": "a075d83ef393eaf6312d06148ced5f742adda040cd5d4b5055592a5925d2608e"
  },
  "rows": 50,
  "schema": "openkind-dataset-eval/v1",
  "skipped_duplicates": 0,
  "skipped_template_rows": 0,
  "split": "eval",
  "template": {
    "id": "jev-benchmarking",
    "source": "https://github.com/AppliedMachineLearning-Lab/jev-benchmarking@6bbdeb33474849b6de2f0cccc9f5e19756abd67e",
    "version": 1
  }
}
[exit 0] eval encoder-instruct-label/arc (encoder-instruct-label-mlx-fp32)

$ /Users/whit3rabbit/Documents/GitHub/openkind/target/release/openkind-bench dataset eval hellaswag --datasets-dir /Users/whit3rabbit/Library/Caches/openkind-local-suite-2026-10-01/datasets --limit 50 --engine encoder-instruct-label-mlx-fp32 --host 'Apple M4 Max, 14 cores, 36 GiB RAM, macOS arm64' --commit e3cb136f431e817ac4aca475ea381b0840ef2cd0 --output-dir /Users/whit3rabbit/Documents/GitHub/openkind/benchmarks/2026-10-01-local-model-suite/quality/encoder-instruct-label/hellaswag --pretty --model-root /tmp/openkind-local-suite-2026-10-01/models/models/encoder-instruct-label:9fd68313a5606eca42f2/checkpoint
[bench] workload /Users/whit3rabbit/Documents/GitHub/openkind/benchmarks/2026-10-01-local-model-suite/quality/encoder-instruct-label/hellaswag/workload-hellaswag-eval.jsonl: 50 rows (sha256 01256c366f308738acba00c48cf7a384e5e4fd433fe7970a4042b04acb0efc7e)
[bench] 50 groups over 50 rows (grouping=true)
[bench] engine encoder-instruct-label-mlx-fp32 starting
[bench] strategy encoder-instruct-label-mlx-fp32 warmup complete
[bench] strategy encoder-instruct-label-mlx-fp32 rep 0: 0.682 s
[bench] summary /Users/whit3rabbit/Documents/GitHub/openkind/benchmarks/2026-10-01-local-model-suite/quality/encoder-instruct-label/hellaswag/summary-encoder-instruct-label-mlx-fp32.json
{
  "comparability": {
    "forced_none_option": true,
    "note": "Choice rows always carry an injected __none__ option; accuracy includes it, answerable_ranking_accuracy excludes it for external comparison. Request wording follows the pinned template source."
  },
  "dataset": {
    "convert_revision": "382ffb520660cc2ba98092cd8aa07cafc9c47f6d",
    "description": "Commonsense sentence completion, 4 options.",
    "files": 2,
    "gated": "none",
    "hf_repo": "Rowan/hellaswag",
    "hf_revision": "218ec52e09a7e7462a5400043bb9a69a41d06b76",
    "license": "MIT (dataset card); underlying corpus terms not detailed",
    "name": "hellaswag",
    "task_family": "multiple-choice"
  },
  "engine": {
    "bundle_version": null,
    "engine": "encoder-instruct-label",
    "model_revision": "ac369222ca4375ca66ebaf7fb5220f223514c035",
    "profile_id": "9fd68313a5606eca42f2",
    "strategy": "encoder-instruct-label-mlx-fp32"
  },
  "evidence_class": "model-quality (public-dataset); no model or policy promotion",
  "limit": 50,
  "metrics": {
    "accuracy": 0.38,
    "accuracy_at_coverage": {
      "0.5": {
        "accuracy": 0.44,
        "answered": 25,
        "coverage": 0.5
      },
      "0.8": {
        "accuracy": 0.4,
        "answered": 40,
        "coverage": 0.8
      }
    },
    "accuracy_bootstrap": {
      "ci_95": [
        0.24,
        0.52
      ],
      "clusters": 50,
      "point": 0.38,
      "replicates": 2000,
      "seed": 29160717
    },
    "answerable_ranking_accuracy": 0.38,
    "aurc": 0.4607463496718431,
    "brier": 0.7252159698475343,
    "ece_10_bins": 0.19035931658846192,
    "false_none_rate": 0.0,
    "macro_f1": 0.37722968009083013,
    "nll": 1.647772429682994,
    "none_recall": null,
    "per_class_recall": [
      {
        "count": 12,
        "label": "A",
        "recall": 0.5
      },
      {
        "count": 8,
        "label": "B",
        "recall": 0.5
      },
      {
        "count": 11,
        "label": "C",
        "recall": 0.2727272727272727
      },
      {
        "count": 19,
        "label": "D",
        "recall": 0.3157894736842105
      }
    ],
    "risk_coverage": [
      {
        "accepted_error": 0.56,
        "answered": 25,
        "threshold": 0.5
      },
      {
        "accepted_error": 0.19999999999999996,
        "answered": 5,
        "threshold": 0.75
      },
      {
        "accepted_error": 0.0,
        "answered": 2,
        "threshold": 0.9
      },
      {
        "accepted_error": null,
        "answered": 0,
        "threshold": 0.98
      }
    ],
    "rows": 50
  },
  "provenance": {
    "commit": "e3cb136f431e817ac4aca475ea381b0840ef2cd0",
    "executable_sha256": "8b66617d7ef7371feea5adc66d6d7b0b4858726656b987c005cc0d184f14ca27",
    "host": "Apple M4 Max, 14 cores, 36 GiB RAM, macOS arm64",
    "predictions_path": "/Users/whit3rabbit/Documents/GitHub/openkind/benchmarks/2026-10-01-local-model-suite/quality/encoder-instruct-label/hellaswag/predictions-encoder-instruct-label-mlx-fp32-encoder-instruct-label-mlx-fp32.jsonl",
    "predictions_sha256": "a7978bbc7b0ba8a4d38029ea151d3148f9924c7ee9ed704763b73e70106a8907",
    "summary_sha256": "896012dd5c281660bef3bc6b3c5628752b95494d9a3e14e7e057c6c0c0870a57",
    "workload_path": "/Users/whit3rabbit/Documents/GitHub/openkind/benchmarks/2026-10-01-local-model-suite/quality/encoder-instruct-label/hellaswag/workload-hellaswag-eval.jsonl",
    "workload_sha256": "01256c366f308738acba00c48cf7a384e5e4fd433fe7970a4042b04acb0efc7e"
  },
  "rows": 50,
  "schema": "openkind-dataset-eval/v1",
  "skipped_duplicates": 0,
  "skipped_template_rows": 0,
  "split": "eval",
  "template": {
    "id": "jev-benchmarking",
    "source": "https://github.com/AppliedMachineLearning-Lab/jev-benchmarking@6bbdeb33474849b6de2f0cccc9f5e19756abd67e",
    "version": 1
  }
}
[exit 0] eval encoder-instruct-label/hellaswag (encoder-instruct-label-mlx-fp32)

$ /Users/whit3rabbit/Documents/GitHub/openkind/target/release/openkind-bench dataset eval winogrande --datasets-dir /Users/whit3rabbit/Library/Caches/openkind-local-suite-2026-10-01/datasets --limit 50 --engine encoder-instruct-label-mlx-fp32 --host 'Apple M4 Max, 14 cores, 36 GiB RAM, macOS arm64' --commit e3cb136f431e817ac4aca475ea381b0840ef2cd0 --output-dir /Users/whit3rabbit/Documents/GitHub/openkind/benchmarks/2026-10-01-local-model-suite/quality/encoder-instruct-label/winogrande --pretty --model-root /tmp/openkind-local-suite-2026-10-01/models/models/encoder-instruct-label:9fd68313a5606eca42f2/checkpoint
[bench] workload /Users/whit3rabbit/Documents/GitHub/openkind/benchmarks/2026-10-01-local-model-suite/quality/encoder-instruct-label/winogrande/workload-winogrande-eval.jsonl: 50 rows (sha256 43971ef7f5207f9208acc7b1674b661e2998b24dcc221d2e0de084899d57e4ef)
[bench] 50 groups over 50 rows (grouping=true)
[bench] engine encoder-instruct-label-mlx-fp32 starting
[bench] strategy encoder-instruct-label-mlx-fp32 warmup complete
[bench] strategy encoder-instruct-label-mlx-fp32 rep 0: 0.417 s
[bench] summary /Users/whit3rabbit/Documents/GitHub/openkind/benchmarks/2026-10-01-local-model-suite/quality/encoder-instruct-label/winogrande/summary-encoder-instruct-label-mlx-fp32.json
{
  "comparability": {
    "forced_none_option": true,
    "note": "Choice rows always carry an injected __none__ option; accuracy includes it, answerable_ranking_accuracy excludes it for external comparison. Request wording follows the pinned template source."
  },
  "dataset": {
    "convert_revision": "546d5aa0e42fc0fa9ad2c13260322ec969e083ee",
    "description": "Commonsense pronoun/blank resolution, 2 options.",
    "files": 2,
    "gated": "none",
    "hf_repo": "allenai/winogrande",
    "hf_revision": "01e74176c63542e6b0bcb004dcdea22d94fb67b5",
    "license": "unstated on the dataset card; internal evaluation only",
    "name": "winogrande",
    "task_family": "multiple-choice"
  },
  "engine": {
    "bundle_version": null,
    "engine": "encoder-instruct-label",
    "model_revision": "ac369222ca4375ca66ebaf7fb5220f223514c035",
    "profile_id": "9fd68313a5606eca42f2",
    "strategy": "encoder-instruct-label-mlx-fp32"
  },
  "evidence_class": "model-quality (public-dataset); no model or policy promotion",
  "limit": 50,
  "metrics": {
    "accuracy": 0.48,
    "accuracy_at_coverage": {
      "0.5": {
        "accuracy": 0.48,
        "answered": 25,
        "coverage": 0.5
      },
      "0.8": {
        "accuracy": 0.525,
        "answered": 40,
        "coverage": 0.8
      }
    },
    "accuracy_bootstrap": {
      "ci_95": [
        0.36,
        0.62
      ],
      "clusters": 50,
      "point": 0.48,
      "replicates": 2000,
      "seed": 29160717
    },
    "answerable_ranking_accuracy": 0.48,
    "aurc": 0.452970402613192,
    "brier": 0.6701381800380071,
    "ece_10_bins": 0.2874708382976549,
    "false_none_rate": 0.0,
    "macro_f1": 0.45833333333333337,
    "nll": 1.0377360631406278,
    "none_recall": null,
    "per_class_recall": [
      {
        "count": 25,
        "label": "A",
        "recall": 0.68
      },
      {
        "count": 25,
        "label": "B",
        "recall": 0.28
      }
    ],
    "risk_coverage": [
      {
        "accepted_error": 0.52,
        "answered": 50,
        "threshold": 0.5
      },
      {
        "accepted_error": 0.5454545454545454,
        "answered": 22,
        "threshold": 0.75
      },
      {
        "accepted_error": 0.5384615384615384,
        "answered": 13,
        "threshold": 0.9
      },
      {
        "accepted_error": 0.19999999999999996,
        "answered": 5,
        "threshold": 0.98
      }
    ],
    "rows": 50
  },
  "provenance": {
    "commit": "e3cb136f431e817ac4aca475ea381b0840ef2cd0",
    "executable_sha256": "8b66617d7ef7371feea5adc66d6d7b0b4858726656b987c005cc0d184f14ca27",
    "host": "Apple M4 Max, 14 cores, 36 GiB RAM, macOS arm64",
    "predictions_path": "/Users/whit3rabbit/Documents/GitHub/openkind/benchmarks/2026-10-01-local-model-suite/quality/encoder-instruct-label/winogrande/predictions-encoder-instruct-label-mlx-fp32-encoder-instruct-label-mlx-fp32.jsonl",
    "predictions_sha256": "f7dc04b8c517c328898d2cc117f53d657212674335fee0b670a41891c43ed3c5",
    "summary_sha256": "6cee31e71f5642bb36bfcc5c575b3a79668b96141ae1867429a44c8e0d16a5b4",
    "workload_path": "/Users/whit3rabbit/Documents/GitHub/openkind/benchmarks/2026-10-01-local-model-suite/quality/encoder-instruct-label/winogrande/workload-winogrande-eval.jsonl",
    "workload_sha256": "43971ef7f5207f9208acc7b1674b661e2998b24dcc221d2e0de084899d57e4ef"
  },
  "rows": 50,
  "schema": "openkind-dataset-eval/v1",
  "skipped_duplicates": 0,
  "skipped_template_rows": 0,
  "split": "eval",
  "template": {
    "id": "jev-benchmarking",
    "source": "https://github.com/AppliedMachineLearning-Lab/jev-benchmarking@6bbdeb33474849b6de2f0cccc9f5e19756abd67e",
    "version": 1
  }
}
[exit 0] eval encoder-instruct-label/winogrande (encoder-instruct-label-mlx-fp32)

$ /Users/whit3rabbit/Documents/GitHub/openkind/target/release/openkind-bench dataset eval commonsense_qa --datasets-dir /Users/whit3rabbit/Library/Caches/openkind-local-suite-2026-10-01/datasets --limit 50 --engine encoder-instruct-label-mlx-fp32 --host 'Apple M4 Max, 14 cores, 36 GiB RAM, macOS arm64' --commit e3cb136f431e817ac4aca475ea381b0840ef2cd0 --output-dir /Users/whit3rabbit/Documents/GitHub/openkind/benchmarks/2026-10-01-local-model-suite/quality/encoder-instruct-label/commonsense_qa --pretty --model-root /tmp/openkind-local-suite-2026-10-01/models/models/encoder-instruct-label:9fd68313a5606eca42f2/checkpoint
[bench] workload /Users/whit3rabbit/Documents/GitHub/openkind/benchmarks/2026-10-01-local-model-suite/quality/encoder-instruct-label/commonsense_qa/workload-commonsense_qa-eval.jsonl: 50 rows (sha256 197771028f499cf4daba2c389f99f876c48ebebae094ce528182f504028f72bd)
[bench] 50 groups over 50 rows (grouping=true)
[bench] engine encoder-instruct-label-mlx-fp32 starting
[bench] strategy encoder-instruct-label-mlx-fp32 warmup complete
[bench] strategy encoder-instruct-label-mlx-fp32 rep 0: 0.423 s
[bench] summary /Users/whit3rabbit/Documents/GitHub/openkind/benchmarks/2026-10-01-local-model-suite/quality/encoder-instruct-label/commonsense_qa/summary-encoder-instruct-label-mlx-fp32.json
{
  "comparability": {
    "forced_none_option": true,
    "note": "Choice rows always carry an injected __none__ option; accuracy includes it, answerable_ranking_accuracy excludes it for external comparison. Request wording follows the pinned template source."
  },
  "dataset": {
    "convert_revision": "ae0768efa72432cb9c8e3945bd39f6dad24b2808",
    "description": "Commonsense QA, 5 options.",
    "files": 2,
    "gated": "none",
    "hf_repo": "tau/commonsense_qa",
    "hf_revision": "94630fe30dad47192a8546eb75f094926d47e155",
    "license": "MIT",
    "name": "commonsense_qa",
    "task_family": "multiple-choice"
  },
  "engine": {
    "bundle_version": null,
    "engine": "encoder-instruct-label",
    "model_revision": "ac369222ca4375ca66ebaf7fb5220f223514c035",
    "profile_id": "9fd68313a5606eca42f2",
    "strategy": "encoder-instruct-label-mlx-fp32"
  },
  "evidence_class": "model-quality (public-dataset); no model or policy promotion",
  "limit": 50,
  "metrics": {
    "accuracy": 0.52,
    "accuracy_at_coverage": {
      "0.5": {
        "accuracy": 0.72,
        "answered": 25,
        "coverage": 0.5
      },
      "0.8": {
        "accuracy": 0.6,
        "answered": 40,
        "coverage": 0.8
      }
    },
    "accuracy_bootstrap": {
      "ci_95": [
        0.38,
        0.66
      ],
      "clusters": 50,
      "point": 0.52,
      "replicates": 2000,
      "seed": 29160717
    },
    "answerable_ranking_accuracy": 0.52,
    "aurc": 0.25899640010876923,
    "brier": 0.6632341540007651,
    "ece_10_bins": 0.2071392642630408,
    "false_none_rate": 0.0,
    "macro_f1": 0.4914832535885167,
    "nll": 1.9200841440617396,
    "none_recall": null,
    "per_class_recall": [
      {
        "count": 7,
        "label": "A",
        "recall": 0.5714285714285714
      },
      {
        "count": 11,
        "label": "B",
        "recall": 0.36363636363636365
      },
      {
        "count": 14,
        "label": "C",
        "recall": 0.5
      },
      {
        "count": 5,
        "label": "D",
        "recall": 0.4
      },
      {
        "count": 13,
        "label": "E",
        "recall": 0.6923076923076923
      }
    ],
    "risk_coverage": [
      {
        "accepted_error": 0.4285714285714286,
        "answered": 42,
        "threshold": 0.5
      },
      {
        "accepted_error": 0.21052631578947367,
        "answered": 19,
        "threshold": 0.75
      },
      {
        "accepted_error": 0.1428571428571429,
        "answered": 14,
        "threshold": 0.9
      },
      {
        "accepted_error": 0.0,
        "answered": 5,
        "threshold": 0.98
      }
    ],
    "rows": 50
  },
  "provenance": {
    "commit": "e3cb136f431e817ac4aca475ea381b0840ef2cd0",
    "executable_sha256": "8b66617d7ef7371feea5adc66d6d7b0b4858726656b987c005cc0d184f14ca27",
    "host": "Apple M4 Max, 14 cores, 36 GiB RAM, macOS arm64",
    "predictions_path": "/Users/whit3rabbit/Documents/GitHub/openkind/benchmarks/2026-10-01-local-model-suite/quality/encoder-instruct-label/commonsense_qa/predictions-encoder-instruct-label-mlx-fp32-encoder-instruct-label-mlx-fp32.jsonl",
    "predictions_sha256": "d1a4e4d2d14ab2d244926021e0bca073d2926fe86fa7636fb630df87f7825bbd",
    "summary_sha256": "7bb532955294f799322be3c467e09dd6a1ff45873e1c94e9960ae195322a29ba",
    "workload_path": "/Users/whit3rabbit/Documents/GitHub/openkind/benchmarks/2026-10-01-local-model-suite/quality/encoder-instruct-label/commonsense_qa/workload-commonsense_qa-eval.jsonl",
    "workload_sha256": "197771028f499cf4daba2c389f99f876c48ebebae094ce528182f504028f72bd"
  },
  "rows": 50,
  "schema": "openkind-dataset-eval/v1",
  "skipped_duplicates": 0,
  "skipped_template_rows": 0,
  "split": "eval",
  "template": {
    "id": "jev-benchmarking",
    "source": "https://github.com/AppliedMachineLearning-Lab/jev-benchmarking@6bbdeb33474849b6de2f0cccc9f5e19756abd67e",
    "version": 1
  }
}
[exit 0] eval encoder-instruct-label/commonsense_qa (encoder-instruct-label-mlx-fp32)

$ /Users/whit3rabbit/Documents/GitHub/openkind/target/release/openkind-bench dataset eval paws --datasets-dir /Users/whit3rabbit/Library/Caches/openkind-local-suite-2026-10-01/datasets --limit 50 --engine encoder-instruct-label-mlx-fp32 --host 'Apple M4 Max, 14 cores, 36 GiB RAM, macOS arm64' --commit e3cb136f431e817ac4aca475ea381b0840ef2cd0 --output-dir /Users/whit3rabbit/Documents/GitHub/openkind/benchmarks/2026-10-01-local-model-suite/quality/encoder-instruct-label/paws --pretty --model-root /tmp/openkind-local-suite-2026-10-01/models/models/encoder-instruct-label:9fd68313a5606eca42f2/checkpoint --tune-threshold
[bench] workload /Users/whit3rabbit/Documents/GitHub/openkind/benchmarks/2026-10-01-local-model-suite/quality/encoder-instruct-label/paws/tuning-paws/workload-paws-dev.jsonl: 50 rows (sha256 f9c04db8a2189dc90a3981b384703273ab29fb29778decf3895a80de707c1f75)
[bench] 50 groups over 50 rows (grouping=true)
[bench] engine encoder-instruct-label-mlx-fp32 starting
[bench] strategy encoder-instruct-label-mlx-fp32 warmup complete
[bench] strategy encoder-instruct-label-mlx-fp32 rep 0: 0.500 s
[bench] summary /Users/whit3rabbit/Documents/GitHub/openkind/benchmarks/2026-10-01-local-model-suite/quality/encoder-instruct-label/paws/tuning-paws/summary-encoder-instruct-label-mlx-fp32.json
[bench] workload /Users/whit3rabbit/Documents/GitHub/openkind/benchmarks/2026-10-01-local-model-suite/quality/encoder-instruct-label/paws/workload-paws-eval.jsonl: 50 rows (sha256 36ecb2af4e6c31d6529afaf2a85abbb1581be6ff6544263029794b66a6defc70)
[bench] 50 groups over 50 rows (grouping=true)
[bench] engine encoder-instruct-label-mlx-fp32 starting
[bench] strategy encoder-instruct-label-mlx-fp32 warmup complete
[bench] strategy encoder-instruct-label-mlx-fp32 rep 0: 0.490 s
[bench] summary /Users/whit3rabbit/Documents/GitHub/openkind/benchmarks/2026-10-01-local-model-suite/quality/encoder-instruct-label/paws/summary-encoder-instruct-label-mlx-fp32.json
{
  "comparability": {
    "forced_none_option": false,
    "note": "Choice rows always carry an injected __none__ option; accuracy includes it, answerable_ranking_accuracy excludes it for external comparison. Request wording follows the pinned template source."
  },
  "dataset": {
    "convert_revision": "254f2df8677712ee0972ddb92870dc79fed48aec",
    "description": "Adversarial paraphrase identification (high word overlap).",
    "files": 2,
    "gated": "none",
    "hf_repo": "google-research-datasets/paws",
    "hf_revision": "161ece9501cf0a11f3e48bd356eaa82de46d6a09",
    "license": "custom terms on the dataset card; review before broader use",
    "name": "paws",
    "task_family": "nli"
  },
  "engine": {
    "bundle_version": null,
    "engine": "encoder-instruct-label",
    "model_revision": "ac369222ca4375ca66ebaf7fb5220f223514c035",
    "profile_id": "9fd68313a5606eca42f2",
    "strategy": "encoder-instruct-label-mlx-fp32"
  },
  "evidence_class": "model-quality (public-dataset); no model or policy promotion",
  "limit": 50,
  "metrics": {
    "accuracy_at_0.5": 0.38,
    "accuracy_at_coverage": {
      "0.5": {
        "accuracy": 0.32,
        "answered": 25,
        "coverage": 0.5
      },
      "0.8": {
        "accuracy": 0.35,
        "answered": 40,
        "coverage": 0.8
      }
    },
    "accuracy_bootstrap": {
      "ci_95": [
        0.24,
        0.52
      ],
      "clusters": 50,
      "point": 0.38,
      "replicates": 2000,
      "seed": 29160717
    },
    "aurc": 0.6638777974257443,
    "auroc": 0.4116666666666667,
    "brier": 0.28855996316681765,
    "ece_10_bins": 0.2018440861362857,
    "negative_recall": 0.1,
    "positive_recall": 0.8,
    "rows": 50,
    "tuned_threshold": {
      "dev_rows": 50,
      "eval_accuracy": 0.6,
      "protocol": "threshold selected on dev, applied to eval",
      "threshold": 0.7552315588531401,
      "tuning_accuracy_on_dev": 0.64
    }
  },
  "provenance": {
    "commit": "e3cb136f431e817ac4aca475ea381b0840ef2cd0",
    "executable_sha256": "8b66617d7ef7371feea5adc66d6d7b0b4858726656b987c005cc0d184f14ca27",
    "host": "Apple M4 Max, 14 cores, 36 GiB RAM, macOS arm64",
    "predictions_path": "/Users/whit3rabbit/Documents/GitHub/openkind/benchmarks/2026-10-01-local-model-suite/quality/encoder-instruct-label/paws/predictions-encoder-instruct-label-mlx-fp32-encoder-instruct-label-mlx-fp32.jsonl",
    "predictions_sha256": "ee32a1d87536b1374164aa98986ddafdcbacdbd240b06d36756ca45a284e7e1d",
    "summary_sha256": "2c4f4c0cc7da780a3d79e6840bcbf983e68f7df4519c78f086ca7d1c4461b5ef",
    "workload_path": "/Users/whit3rabbit/Documents/GitHub/openkind/benchmarks/2026-10-01-local-model-suite/quality/encoder-instruct-label/paws/workload-paws-eval.jsonl",
    "workload_sha256": "36ecb2af4e6c31d6529afaf2a85abbb1581be6ff6544263029794b66a6defc70"
  },
  "rows": 50,
  "schema": "openkind-dataset-eval/v1",
  "skipped_duplicates": 18,
  "skipped_template_rows": 0,
  "split": "eval",
  "template": {
    "id": "jev-benchmarking",
    "source": "https://github.com/AppliedMachineLearning-Lab/jev-benchmarking@6bbdeb33474849b6de2f0cccc9f5e19756abd67e",
    "version": 1
  }
}
[exit 0] eval encoder-instruct-label/paws (encoder-instruct-label-mlx-fp32)

$ /Users/whit3rabbit/Documents/GitHub/openkind/target/release/openkind-bench dataset eval boolq --datasets-dir /Users/whit3rabbit/Library/Caches/openkind-local-suite-2026-10-01/datasets --limit 50 --engine encoder-instruct-label-mlx-fp32 --host 'Apple M4 Max, 14 cores, 36 GiB RAM, macOS arm64' --commit e3cb136f431e817ac4aca475ea381b0840ef2cd0 --output-dir /Users/whit3rabbit/Documents/GitHub/openkind/benchmarks/2026-10-01-local-model-suite/quality/encoder-instruct-label/boolq --pretty --model-root /tmp/openkind-local-suite-2026-10-01/models/models/encoder-instruct-label:9fd68313a5606eca42f2/checkpoint --tune-threshold
[bench] workload /Users/whit3rabbit/Documents/GitHub/openkind/benchmarks/2026-10-01-local-model-suite/quality/encoder-instruct-label/boolq/tuning-boolq/workload-boolq-dev.jsonl: 50 rows (sha256 1344c51d3a9d27d9cbf428f2e823b6324a62c5e15d9d4beba09f034c57950ea9)
[bench] 50 groups over 50 rows (grouping=true)
[bench] engine encoder-instruct-label-mlx-fp32 starting
[bench] strategy encoder-instruct-label-mlx-fp32 warmup complete
[bench] strategy encoder-instruct-label-mlx-fp32 rep 0: 0.621 s
[bench] summary /Users/whit3rabbit/Documents/GitHub/openkind/benchmarks/2026-10-01-local-model-suite/quality/encoder-instruct-label/boolq/tuning-boolq/summary-encoder-instruct-label-mlx-fp32.json
[bench] workload /Users/whit3rabbit/Documents/GitHub/openkind/benchmarks/2026-10-01-local-model-suite/quality/encoder-instruct-label/boolq/workload-boolq-eval.jsonl: 50 rows (sha256 449d16d61bdfeba20b1323e394af130cf9e9e70670365f052602e59eed64373c)
[bench] 50 groups over 50 rows (grouping=true)
[bench] engine encoder-instruct-label-mlx-fp32 starting
[bench] strategy encoder-instruct-label-mlx-fp32 warmup complete
[bench] strategy encoder-instruct-label-mlx-fp32 rep 0: 0.663 s
[bench] summary /Users/whit3rabbit/Documents/GitHub/openkind/benchmarks/2026-10-01-local-model-suite/quality/encoder-instruct-label/boolq/summary-encoder-instruct-label-mlx-fp32.json
{
  "comparability": {
    "forced_none_option": false,
    "note": "Choice rows always carry an injected __none__ option; accuracy includes it, answerable_ranking_accuracy excludes it for external comparison. Request wording follows the pinned template source."
  },
  "dataset": {
    "convert_revision": "d89fc6ef4da46f056176dcf941ba670524ab1c87",
    "description": "Yes/no questions over Wikipedia passages.",
    "files": 2,
    "gated": "none",
    "hf_repo": "google/boolq",
    "hf_revision": "35b264d03638db9f4ce671b711558bf7ff0f80d5",
    "license": "CC-BY-SA-3.0",
    "name": "boolq",
    "task_family": "reading-comprehension"
  },
  "engine": {
    "bundle_version": null,
    "engine": "encoder-instruct-label",
    "model_revision": "ac369222ca4375ca66ebaf7fb5220f223514c035",
    "profile_id": "9fd68313a5606eca42f2",
    "strategy": "encoder-instruct-label-mlx-fp32"
  },
  "evidence_class": "model-quality (public-dataset); no model or policy promotion",
  "limit": 50,
  "metrics": {
    "accuracy_at_0.5": 0.42,
    "accuracy_at_coverage": {
      "0.5": {
        "accuracy": 0.44,
        "answered": 25,
        "coverage": 0.5
      },
      "0.8": {
        "accuracy": 0.425,
        "answered": 40,
        "coverage": 0.8
      }
    },
    "accuracy_bootstrap": {
      "ci_95": [
        0.28,
        0.56
      ],
      "clusters": 50,
      "point": 0.42,
      "replicates": 2000,
      "seed": 29160717
    },
    "aurc": 0.6064321885588722,
    "auroc": 0.5416666666666666,
    "brier": 0.3788801925350739,
    "ece_10_bins": 0.29976665509553274,
    "negative_recall": 0.7222222222222222,
    "positive_recall": 0.25,
    "rows": 50,
    "tuned_threshold": {
      "dev_rows": 50,
      "eval_accuracy": 0.56,
      "protocol": "threshold selected on dev, applied to eval",
      "threshold": 0.19143775352374637,
      "tuning_accuracy_on_dev": 0.58
    }
  },
  "provenance": {
    "commit": "e3cb136f431e817ac4aca475ea381b0840ef2cd0",
    "executable_sha256": "8b66617d7ef7371feea5adc66d6d7b0b4858726656b987c005cc0d184f14ca27",
    "host": "Apple M4 Max, 14 cores, 36 GiB RAM, macOS arm64",
    "predictions_path": "/Users/whit3rabbit/Documents/GitHub/openkind/benchmarks/2026-10-01-local-model-suite/quality/encoder-instruct-label/boolq/predictions-encoder-instruct-label-mlx-fp32-encoder-instruct-label-mlx-fp32.jsonl",
    "predictions_sha256": "92ca75787620de2496402e04a7503e5e6041954e30044daa85e09ee00006629c",
    "summary_sha256": "893155d041f7dc6f71d13d37dea92c9e33b3480093a85d90fbcec49f7eda8835",
    "workload_path": "/Users/whit3rabbit/Documents/GitHub/openkind/benchmarks/2026-10-01-local-model-suite/quality/encoder-instruct-label/boolq/workload-boolq-eval.jsonl",
    "workload_sha256": "449d16d61bdfeba20b1323e394af130cf9e9e70670365f052602e59eed64373c"
  },
  "rows": 50,
  "schema": "openkind-dataset-eval/v1",
  "skipped_duplicates": 0,
  "skipped_template_rows": 0,
  "split": "eval",
  "template": {
    "id": "jev-benchmarking",
    "source": "https://github.com/AppliedMachineLearning-Lab/jev-benchmarking@6bbdeb33474849b6de2f0cccc9f5e19756abd67e",
    "version": 1
  }
}
[exit 0] eval encoder-instruct-label/boolq (encoder-instruct-label-mlx-fp32)

$ /Users/whit3rabbit/Documents/GitHub/openkind/target/release/openkind-bench dataset eval stsb --datasets-dir /Users/whit3rabbit/Library/Caches/openkind-local-suite-2026-10-01/datasets --limit 50 --engine encoder-instruct-label-mlx-fp32 --host 'Apple M4 Max, 14 cores, 36 GiB RAM, macOS arm64' --commit e3cb136f431e817ac4aca475ea381b0840ef2cd0 --output-dir /Users/whit3rabbit/Documents/GitHub/openkind/benchmarks/2026-10-01-local-model-suite/quality/encoder-instruct-label/stsb --pretty --model-root /tmp/openkind-local-suite-2026-10-01/models/models/encoder-instruct-label:9fd68313a5606eca42f2/checkpoint
[bench] workload /Users/whit3rabbit/Documents/GitHub/openkind/benchmarks/2026-10-01-local-model-suite/quality/encoder-instruct-label/stsb/workload-stsb-eval.jsonl: 50 rows (sha256 fbcbdc284c4c7e1d9f950740770134c5eaab52175a16eaafb059749acf610453)
[bench] 50 groups over 50 rows (grouping=true)
[bench] engine encoder-instruct-label-mlx-fp32 starting
[bench] strategy encoder-instruct-label-mlx-fp32 warmup complete
[bench] strategy encoder-instruct-label-mlx-fp32 rep 0: 0.535 s
[bench] summary /Users/whit3rabbit/Documents/GitHub/openkind/benchmarks/2026-10-01-local-model-suite/quality/encoder-instruct-label/stsb/summary-encoder-instruct-label-mlx-fp32.json
{
  "comparability": {
    "forced_none_option": false,
    "note": "Choice rows always carry an injected __none__ option; accuracy includes it, answerable_ranking_accuracy excludes it for external comparison. Request wording follows the pinned template source."
  },
  "dataset": {
    "convert_revision": "58372e8197f43125a85d75e3c5121ccabc61413a",
    "description": "Semantic textual similarity on a 0-5 scale.",
    "files": 2,
    "gated": "none",
    "hf_repo": "sentence-transformers/stsb",
    "hf_revision": "ab7a5ac0e35aa22088bdcf23e7fd99b220e53308",
    "license": "unstated on the dataset card; internal evaluation only",
    "name": "stsb",
    "task_family": "rubric-scoring"
  },
  "engine": {
    "bundle_version": null,
    "engine": "encoder-instruct-label",
    "model_revision": "ac369222ca4375ca66ebaf7fb5220f223514c035",
    "profile_id": "9fd68313a5606eca42f2",
    "strategy": "encoder-instruct-label-mlx-fp32"
  },
  "evidence_class": "model-quality (public-dataset); no model or policy promotion",
  "limit": 50,
  "metrics": {
    "argmax_level_accuracy": 0.06,
    "mae": 1.5148327001525934,
    "nll": 6.219723434528345,
    "pearson": -0.2344470960579345,
    "rows": 50,
    "spearman": -0.23629114130712695
  },
  "provenance": {
    "commit": "e3cb136f431e817ac4aca475ea381b0840ef2cd0",
    "executable_sha256": "8b66617d7ef7371feea5adc66d6d7b0b4858726656b987c005cc0d184f14ca27",
    "host": "Apple M4 Max, 14 cores, 36 GiB RAM, macOS arm64",
    "predictions_path": "/Users/whit3rabbit/Documents/GitHub/openkind/benchmarks/2026-10-01-local-model-suite/quality/encoder-instruct-label/stsb/predictions-encoder-instruct-label-mlx-fp32-encoder-instruct-label-mlx-fp32.jsonl",
    "predictions_sha256": "4552096c68e72e5149c19e6e2b2369a2c71b15ed0e3a8d8d490de6e0a0acfcdd",
    "summary_sha256": "b38d22badc2e49961131ee47c8fe9760e57271bcabe7bc26ade753cd4b773896",
    "workload_path": "/Users/whit3rabbit/Documents/GitHub/openkind/benchmarks/2026-10-01-local-model-suite/quality/encoder-instruct-label/stsb/workload-stsb-eval.jsonl",
    "workload_sha256": "fbcbdc284c4c7e1d9f950740770134c5eaab52175a16eaafb059749acf610453"
  },
  "rows": 50,
  "schema": "openkind-dataset-eval/v1",
  "skipped_duplicates": 1,
  "skipped_template_rows": 0,
  "split": "eval",
  "template": {
    "id": "jev-benchmarking",
    "source": "https://github.com/AppliedMachineLearning-Lab/jev-benchmarking@6bbdeb33474849b6de2f0cccc9f5e19756abd67e",
    "version": 1
  }
}
[exit 0] eval encoder-instruct-label/stsb (encoder-instruct-label-mlx-fp32)

$ /Users/whit3rabbit/Documents/GitHub/openkind/target/release/openkind-bench dataset eval sst5 --datasets-dir /Users/whit3rabbit/Library/Caches/openkind-local-suite-2026-10-01/datasets --limit 50 --engine encoder-instruct-label-mlx-fp32 --host 'Apple M4 Max, 14 cores, 36 GiB RAM, macOS arm64' --commit e3cb136f431e817ac4aca475ea381b0840ef2cd0 --output-dir /Users/whit3rabbit/Documents/GitHub/openkind/benchmarks/2026-10-01-local-model-suite/quality/encoder-instruct-label/sst5 --pretty --model-root /tmp/openkind-local-suite-2026-10-01/models/models/encoder-instruct-label:9fd68313a5606eca42f2/checkpoint
[bench] workload /Users/whit3rabbit/Documents/GitHub/openkind/benchmarks/2026-10-01-local-model-suite/quality/encoder-instruct-label/sst5/workload-sst5-eval.jsonl: 50 rows (sha256 6bb721c089a9da937cb5b7f49e671fad585a979df1fc22bacbebefe021d7c2c4)
[bench] 50 groups over 50 rows (grouping=true)
[bench] engine encoder-instruct-label-mlx-fp32 starting
[bench] strategy encoder-instruct-label-mlx-fp32 warmup complete
[bench] strategy encoder-instruct-label-mlx-fp32 rep 0: 0.433 s
[bench] summary /Users/whit3rabbit/Documents/GitHub/openkind/benchmarks/2026-10-01-local-model-suite/quality/encoder-instruct-label/sst5/summary-encoder-instruct-label-mlx-fp32.json
{
  "comparability": {
    "forced_none_option": false,
    "note": "Choice rows always carry an injected __none__ option; accuracy includes it, answerable_ranking_accuracy excludes it for external comparison. Request wording follows the pinned template source."
  },
  "dataset": {
    "convert_revision": "956d888e7bc9c029fd96e3cece49c054ec0ddbd9",
    "description": "Fine-grained sentence sentiment, 5 ordered levels.",
    "files": 2,
    "gated": "none",
    "hf_repo": "SetFit/sst5",
    "hf_revision": "e51bdcd8cd3a30da231967c1a249ba59361279a3",
    "license": "unstated on the dataset card; internal evaluation only",
    "name": "sst5",
    "task_family": "rubric-scoring"
  },
  "engine": {
    "bundle_version": null,
    "engine": "encoder-instruct-label",
    "model_revision": "ac369222ca4375ca66ebaf7fb5220f223514c035",
    "profile_id": "9fd68313a5606eca42f2",
    "strategy": "encoder-instruct-label-mlx-fp32"
  },
  "evidence_class": "model-quality (public-dataset); no model or policy promotion",
  "limit": 50,
  "metrics": {
    "argmax_level_accuracy": 0.6,
    "mae": 0.46697183293494215,
    "nll": 2.2428517949648437,
    "pearson": 0.8144293552893397,
    "rows": 50,
    "spearman": 0.7879765656298617
  },
  "provenance": {
    "commit": "e3cb136f431e817ac4aca475ea381b0840ef2cd0",
    "executable_sha256": "8b66617d7ef7371feea5adc66d6d7b0b4858726656b987c005cc0d184f14ca27",
    "host": "Apple M4 Max, 14 cores, 36 GiB RAM, macOS arm64",
    "predictions_path": "/Users/whit3rabbit/Documents/GitHub/openkind/benchmarks/2026-10-01-local-model-suite/quality/encoder-instruct-label/sst5/predictions-encoder-instruct-label-mlx-fp32-encoder-instruct-label-mlx-fp32.jsonl",
    "predictions_sha256": "e97b771f1e375eee95cdea688c18fb322396c96148d298e4a0688313b91cf064",
    "summary_sha256": "021a2233b5cfdffa7b1db40a7aadb9e5c2fac9636765256e0aff775f81243b93",
    "workload_path": "/Users/whit3rabbit/Documents/GitHub/openkind/benchmarks/2026-10-01-local-model-suite/quality/encoder-instruct-label/sst5/workload-sst5-eval.jsonl",
    "workload_sha256": "6bb721c089a9da937cb5b7f49e671fad585a979df1fc22bacbebefe021d7c2c4"
  },
  "rows": 50,
  "schema": "openkind-dataset-eval/v1",
  "skipped_duplicates": 0,
  "skipped_template_rows": 0,
  "split": "eval",
  "template": {
    "id": "jev-benchmarking",
    "source": "https://github.com/AppliedMachineLearning-Lab/jev-benchmarking@6bbdeb33474849b6de2f0cccc9f5e19756abd67e",
    "version": 1
  }
}
[exit 0] eval encoder-instruct-label/sst5 (encoder-instruct-label-mlx-fp32)

$ /Users/whit3rabbit/Documents/GitHub/openkind/target/release/openkind-bench score /Users/whit3rabbit/Documents/GitHub/openkind/benchmarks/2026-10-01-local-model-suite/shape-smoke-12.jsonl --engine encoder-instruct-label-mlx-fp32 --output-dir /Users/whit3rabbit/Documents/GitHub/openkind/benchmarks/2026-10-01-local-model-suite/performance/encoder-instruct-label/encoder-instruct-label-mlx-fp32 --reps 1 --host 'Apple M4 Max, 14 cores, 36 GiB RAM, macOS arm64' --commit e3cb136f431e817ac4aca475ea381b0840ef2cd0 --model-root /tmp/openkind-local-suite-2026-10-01/models/models/encoder-instruct-label:9fd68313a5606eca42f2/checkpoint
[bench] workload /Users/whit3rabbit/Documents/GitHub/openkind/benchmarks/2026-10-01-local-model-suite/shape-smoke-12.jsonl: 12 rows (sha256 c2db6b36351d340b4f55343109cf4a41444d56c96868ab7f467381dd791c3905)
[bench] 4 groups over 12 rows (grouping=true)
[bench] engine encoder-instruct-label-mlx-fp32 starting
[bench] strategy encoder-instruct-label-mlx-fp32 warmup complete
[bench] strategy encoder-instruct-label-mlx-fp32 rep 0: 0.166 s
[bench] summary /Users/whit3rabbit/Documents/GitHub/openkind/benchmarks/2026-10-01-local-model-suite/performance/encoder-instruct-label/encoder-instruct-label-mlx-fp32/summary-encoder-instruct-label-mlx-fp32.json
{"bundle_version":null,"commit":"e3cb136f431e817ac4aca475ea381b0840ef2cd0","context":null,"cross_strategy_answer_parity_clean":null,"engine":"encoder-instruct-label","engine_variant":"encoder-instruct-label-mlx-fp32","fixture":{"groups":4,"path":"/Users/whit3rabbit/Documents/GitHub/openkind/benchmarks/2026-10-01-local-model-suite/shape-smoke-12.jsonl","rows":12,"sha256":"c2db6b36351d340b4f55343109cf4a41444d56c96868ab7f467381dd791c3905"},"grouping":"per-state","history_aba":false,"host":"Apple M4 Max, 14 cores, 36 GiB RAM, macOS arm64","host_hardware":{"cpu_brand":"Apple M4 Max","logical_cores":14,"model":"Mac16,5","total_memory_bytes":38654705664},"measurement_scope":"model_request_path","model_revision":"ac369222ca4375ca66ebaf7fb5220f223514c035","notes":{"cpu_time_seconds":"process-wide user+system CPU time diff across the timed region, excluding warmup and model load; avg_cpu_percent exceeds 100 when multiple threads run","input_tokens_per_second":"total input tokens across all timed repetitions divided by their total wall time","percentiles":"p50 is the median rep total and p95 is the ceil(0.95*n)-1 sample; small rep counts are reported alongside as samples_seconds","request_latency_ms":"latency is per request; grouped rows share their request's latency and are not independent timings; includes request construction through answer extraction"},"peak_resident_bytes":1010647040,"prediction_sha256":{"encoder-instruct-label-mlx-fp32":"a004ba0b01933010e25003e3a7dbbd9f26300503bddc2482822a3f11af6502dd"},"profile_id":"9fd68313a5606eca42f2","reps":1,"schema":"openkind-bench/v1","strategies":[{"avg_cpu_percent":66.0454479027462,"backend_id":"encoder-instruct-label/mlx-fp32","cpu_time_seconds":0.10959399999999975,"decisions_per_second":72.31649313219305,"forced":null,"groups":4,"input_tokens_per_second":15535.993274566137,"input_tokens_total":2578,"model_load_seconds":1.332167208,"p50_seconds":0.16593725,"p95_seconds":0.16593725,"reps":1,"rows":12,"samples_seconds":[0.16593725],"strategy":"encoder-instruct-label-mlx-fp32"}],"timing_scope":"request construction, validation, dispatch, and answer extraction; excludes model load (reported per strategy), result writes, and the untimed warmup pass; warm process","warmup":true}
[exit 0] score encoder-instruct-label (encoder-instruct-label-mlx-fp32, 12 rows)

$ /Users/whit3rabbit/Documents/GitHub/openkind/target/release/openkind rm encoder-instruct-label:9fd68313a5606eca42f2
Removed installed model encoder-instruct-label:9fd68313a5606eca42f2
[exit 0] remove encoder-instruct-label:9fd68313a5606eca42f2
