profile=laya-typed-decisions:9d28cfa9567902801ed1
loader=laya-typed-decisions
commit=e3cb136f431e817ac4aca475ea381b0840ef2cd0
host=Apple M4 Max, 14 cores, 36 GiB RAM, macOS arm64

$ /Users/whit3rabbit/Documents/GitHub/openkind/target/release/openkind pull laya-typed-decisions:9d28cfa9567902801ed1
Downloading model.safetensors (803.6 MiB)
Verifying model.safetensors (SHA-256)
Verified model.safetensors
Downloading rl_agent_config.json (847 B)
Verifying rl_agent_config.json (SHA-256)
Verified rl_agent_config.json
Downloading encoder/config.json (2.0 KiB)
Verifying encoder/config.json (SHA-256)
Verified encoder/config.json
Downloading tokenizer/tokenizer.json (3.4 MiB)
Verifying tokenizer/tokenizer.json (SHA-256)
Verified tokenizer/tokenizer.json
Downloading tokenizer/tokenizer_config.json (337 B)
Verifying tokenizer/tokenizer_config.json (SHA-256)
Verified tokenizer/tokenizer_config.json
Installed laya-typed-decisions:9d28cfa9567902801ed1 (rust-loadable); 807.0 MiB downloaded
To activate it, restart the daemon with: openkind serve --installed-models laya-typed-decisions:9d28cfa9567902801ed1
[exit 0] pull laya-typed-decisions:9d28cfa9567902801ed1

$ /Users/whit3rabbit/Documents/GitHub/openkind/target/release/openkind-bench dataset eval sst2 --datasets-dir /Users/whit3rabbit/Library/Caches/openkind-local-suite-2026-10-01/datasets --limit 50 --engine laya-typed-decisions-mlx-fp32 --host 'Apple M4 Max, 14 cores, 36 GiB RAM, macOS arm64' --commit e3cb136f431e817ac4aca475ea381b0840ef2cd0 --output-dir /Users/whit3rabbit/Documents/GitHub/openkind/benchmarks/2026-10-01-local-model-suite/quality/laya-typed-decisions/sst2 --pretty --model-root /tmp/openkind-local-suite-2026-10-01/models/models/laya-typed-decisions:9d28cfa9567902801ed1
[bench] workload /Users/whit3rabbit/Documents/GitHub/openkind/benchmarks/2026-10-01-local-model-suite/quality/laya-typed-decisions/sst2/workload-sst2-eval.jsonl: 50 rows (sha256 aec7abbd2b4c0eb841e63b184e85bf2ce6285bd07cc2791db4e5c9eef2e263eb)
[bench] 50 groups over 50 rows (grouping=true)
[bench] engine laya-typed-decisions-mlx-fp32 starting
[bench] strategy laya-typed-decisions-mlx-fp32 warmup complete
[bench] strategy laya-typed-decisions-mlx-fp32 rep 0: 0.881 s
[bench] summary /Users/whit3rabbit/Documents/GitHub/openkind/benchmarks/2026-10-01-local-model-suite/quality/laya-typed-decisions/sst2/summary-laya-typed-decisions-mlx-fp32.json
{
  "comparability": {
    "forced_none_option": true,
    "note": "Choice rows always carry an injected __none__ option; accuracy includes it, answerable_ranking_accuracy excludes it for external comparison. Request wording follows the pinned template source."
  },
  "dataset": {
    "convert_revision": "db3daed39bcd33ea25255ab60c1ac86ad52ce79d",
    "description": "Binary sentence sentiment (GLUE SST-2).",
    "files": 2,
    "gated": "none",
    "hf_repo": "stanfordnlp/sst2",
    "hf_revision": "8d51e7e4887a4caaa95b3fbebbf53c0490b58bbb",
    "license": "unstated on the dataset card; internal evaluation only",
    "name": "sst2",
    "task_family": "text-classification"
  },
  "engine": {
    "bundle_version": null,
    "engine": "laya",
    "model_revision": "1a793eb568e6718f15941d08f85432581df534e3",
    "profile_id": "9d28cfa9567902801ed1",
    "strategy": "laya-typed-decisions-mlx-fp32"
  },
  "evidence_class": "model-quality (public-dataset); no model or policy promotion",
  "limit": 50,
  "metrics": {
    "accuracy": 0.92,
    "accuracy_at_coverage": {
      "0.5": {
        "accuracy": 1.0,
        "answered": 25,
        "coverage": 0.5
      },
      "0.8": {
        "accuracy": 0.975,
        "answered": 40,
        "coverage": 0.8
      }
    },
    "accuracy_bootstrap": {
      "ci_95": [
        0.84,
        0.98
      ],
      "clusters": 50,
      "point": 0.92,
      "replicates": 2000,
      "seed": 29160717
    },
    "answerable_ranking_accuracy": 0.94,
    "aurc": 0.008650998153173607,
    "brier": 0.17559603845432417,
    "ece_10_bins": 0.19787154840779725,
    "false_none_rate": 0.02,
    "macro_f1": 0.9282051282051282,
    "nll": 0.3809394809301472,
    "none_recall": null,
    "per_class_recall": [
      {
        "count": 20,
        "label": "negative",
        "recall": 0.9
      },
      {
        "count": 30,
        "label": "positive",
        "recall": 0.9333333333333333
      }
    ],
    "risk_coverage": [
      {
        "accepted_error": 0.04255319148936165,
        "answered": 47,
        "threshold": 0.5
      },
      {
        "accepted_error": 0.0,
        "answered": 29,
        "threshold": 0.75
      },
      {
        "accepted_error": 0.0,
        "answered": 1,
        "threshold": 0.9
      },
      {
        "accepted_error": null,
        "answered": 0,
        "threshold": 0.98
      }
    ],
    "rows": 50
  },
  "provenance": {
    "commit": "e3cb136f431e817ac4aca475ea381b0840ef2cd0",
    "executable_sha256": "8b66617d7ef7371feea5adc66d6d7b0b4858726656b987c005cc0d184f14ca27",
    "host": "Apple M4 Max, 14 cores, 36 GiB RAM, macOS arm64",
    "predictions_path": "/Users/whit3rabbit/Documents/GitHub/openkind/benchmarks/2026-10-01-local-model-suite/quality/laya-typed-decisions/sst2/predictions-laya-typed-decisions-mlx-fp32-laya-typed-decisions-mlx-fp32.jsonl",
    "predictions_sha256": "f9f50a91f7b5f07856366e4d721e9e155803a021c43e449bd4d62d1fe63a3050",
    "summary_sha256": "7ec49c2d3f0c67773931d6052d13a34859f21791c18a88c8670399d356772c19",
    "workload_path": "/Users/whit3rabbit/Documents/GitHub/openkind/benchmarks/2026-10-01-local-model-suite/quality/laya-typed-decisions/sst2/workload-sst2-eval.jsonl",
    "workload_sha256": "aec7abbd2b4c0eb841e63b184e85bf2ce6285bd07cc2791db4e5c9eef2e263eb"
  },
  "rows": 50,
  "schema": "openkind-dataset-eval/v1",
  "skipped_duplicates": 0,
  "skipped_template_rows": 0,
  "split": "eval",
  "template": {
    "id": "jev-benchmarking",
    "source": "https://github.com/AppliedMachineLearning-Lab/jev-benchmarking@6bbdeb33474849b6de2f0cccc9f5e19756abd67e",
    "version": 1
  }
}
[exit 0] eval laya-typed-decisions/sst2 (laya-typed-decisions-mlx-fp32)

$ /Users/whit3rabbit/Documents/GitHub/openkind/target/release/openkind-bench dataset eval ag_news --datasets-dir /Users/whit3rabbit/Library/Caches/openkind-local-suite-2026-10-01/datasets --limit 50 --engine laya-typed-decisions-mlx-fp32 --host 'Apple M4 Max, 14 cores, 36 GiB RAM, macOS arm64' --commit e3cb136f431e817ac4aca475ea381b0840ef2cd0 --output-dir /Users/whit3rabbit/Documents/GitHub/openkind/benchmarks/2026-10-01-local-model-suite/quality/laya-typed-decisions/ag_news --pretty --model-root /tmp/openkind-local-suite-2026-10-01/models/models/laya-typed-decisions:9d28cfa9567902801ed1
[bench] workload /Users/whit3rabbit/Documents/GitHub/openkind/benchmarks/2026-10-01-local-model-suite/quality/laya-typed-decisions/ag_news/workload-ag_news-eval.jsonl: 50 rows (sha256 dc1d8893d535881c1e80eedd7012e8ef0dc8db0daa1ee4cf977a7a0e91dcc998)
[bench] 50 groups over 50 rows (grouping=true)
[bench] engine laya-typed-decisions-mlx-fp32 starting
[bench] strategy laya-typed-decisions-mlx-fp32 warmup complete
[bench] strategy laya-typed-decisions-mlx-fp32 rep 0: 1.119 s
[bench] summary /Users/whit3rabbit/Documents/GitHub/openkind/benchmarks/2026-10-01-local-model-suite/quality/laya-typed-decisions/ag_news/summary-laya-typed-decisions-mlx-fp32.json
{
  "comparability": {
    "forced_none_option": true,
    "note": "Choice rows always carry an injected __none__ option; accuracy includes it, answerable_ranking_accuracy excludes it for external comparison. Request wording follows the pinned template source."
  },
  "dataset": {
    "convert_revision": "4efd5262b756aee7a12710ca78c74aa258660063",
    "description": "News topic classification, 4 classes.",
    "files": 2,
    "gated": "none",
    "hf_repo": "fancyzhx/ag_news",
    "hf_revision": "eb185aade064a813bc0b7f42de02595523103ca4",
    "license": "unstated on the dataset card; internal evaluation only",
    "name": "ag_news",
    "task_family": "text-classification"
  },
  "engine": {
    "bundle_version": null,
    "engine": "laya",
    "model_revision": "1a793eb568e6718f15941d08f85432581df534e3",
    "profile_id": "9d28cfa9567902801ed1",
    "strategy": "laya-typed-decisions-mlx-fp32"
  },
  "evidence_class": "model-quality (public-dataset); no model or policy promotion",
  "limit": 50,
  "metrics": {
    "accuracy": 0.9,
    "accuracy_at_coverage": {
      "0.5": {
        "accuracy": 1.0,
        "answered": 25,
        "coverage": 0.5
      },
      "0.8": {
        "accuracy": 0.975,
        "answered": 40,
        "coverage": 0.8
      }
    },
    "accuracy_bootstrap": {
      "ci_95": [
        0.8,
        0.98
      ],
      "clusters": 50,
      "point": 0.9,
      "replicates": 2000,
      "seed": 29160717
    },
    "answerable_ranking_accuracy": 0.9,
    "aurc": 0.02590848010555529,
    "brier": 0.2171727735397157,
    "ece_10_bins": 0.1937394509010492,
    "false_none_rate": 0.0,
    "macro_f1": 0.8779296906926641,
    "nll": 0.4887201496577019,
    "none_recall": null,
    "per_class_recall": [
      {
        "count": 8,
        "label": "Business",
        "recall": 0.625
      },
      {
        "count": 10,
        "label": "Sci/Tech",
        "recall": 1.0
      },
      {
        "count": 16,
        "label": "Sports",
        "recall": 1.0
      },
      {
        "count": 16,
        "label": "World",
        "recall": 0.875
      }
    ],
    "risk_coverage": [
      {
        "accepted_error": 0.0888888888888889,
        "answered": 45,
        "threshold": 0.5
      },
      {
        "accepted_error": 0.0,
        "answered": 25,
        "threshold": 0.75
      },
      {
        "accepted_error": null,
        "answered": 0,
        "threshold": 0.9
      },
      {
        "accepted_error": null,
        "answered": 0,
        "threshold": 0.98
      }
    ],
    "rows": 50
  },
  "provenance": {
    "commit": "e3cb136f431e817ac4aca475ea381b0840ef2cd0",
    "executable_sha256": "8b66617d7ef7371feea5adc66d6d7b0b4858726656b987c005cc0d184f14ca27",
    "host": "Apple M4 Max, 14 cores, 36 GiB RAM, macOS arm64",
    "predictions_path": "/Users/whit3rabbit/Documents/GitHub/openkind/benchmarks/2026-10-01-local-model-suite/quality/laya-typed-decisions/ag_news/predictions-laya-typed-decisions-mlx-fp32-laya-typed-decisions-mlx-fp32.jsonl",
    "predictions_sha256": "a92a59783f7d679acb03eaabf2fcc510066d5ec25016b7f6b2ec5de508e331f4",
    "summary_sha256": "c881627b0910cf1627511e10f0e9260763f74e92cbdb54a9a037b1e638da41b3",
    "workload_path": "/Users/whit3rabbit/Documents/GitHub/openkind/benchmarks/2026-10-01-local-model-suite/quality/laya-typed-decisions/ag_news/workload-ag_news-eval.jsonl",
    "workload_sha256": "dc1d8893d535881c1e80eedd7012e8ef0dc8db0daa1ee4cf977a7a0e91dcc998"
  },
  "rows": 50,
  "schema": "openkind-dataset-eval/v1",
  "skipped_duplicates": 0,
  "skipped_template_rows": 0,
  "split": "eval",
  "template": {
    "id": "jev-benchmarking",
    "source": "https://github.com/AppliedMachineLearning-Lab/jev-benchmarking@6bbdeb33474849b6de2f0cccc9f5e19756abd67e",
    "version": 1
  }
}
[exit 0] eval laya-typed-decisions/ag_news (laya-typed-decisions-mlx-fp32)

$ /Users/whit3rabbit/Documents/GitHub/openkind/target/release/openkind-bench dataset eval banking77 --datasets-dir /Users/whit3rabbit/Library/Caches/openkind-local-suite-2026-10-01/datasets --limit 50 --engine laya-typed-decisions-mlx-fp32 --host 'Apple M4 Max, 14 cores, 36 GiB RAM, macOS arm64' --commit e3cb136f431e817ac4aca475ea381b0840ef2cd0 --output-dir /Users/whit3rabbit/Documents/GitHub/openkind/benchmarks/2026-10-01-local-model-suite/quality/laya-typed-decisions/banking77 --pretty --model-root /tmp/openkind-local-suite-2026-10-01/models/models/laya-typed-decisions:9d28cfa9567902801ed1
[bench] workload /Users/whit3rabbit/Documents/GitHub/openkind/benchmarks/2026-10-01-local-model-suite/quality/laya-typed-decisions/banking77/workload-banking77-eval.jsonl: 50 rows (sha256 9987b6f82a27ab4a5ddc0124ab4a110945d168858aa1ff1352d371422d657b98)
[bench] 50 groups over 50 rows (grouping=true)
[bench] engine laya-typed-decisions-mlx-fp32 starting
[bench] strategy laya-typed-decisions-mlx-fp32 warmup complete
[bench] strategy laya-typed-decisions-mlx-fp32 rep 0: 2.227 s
[bench] summary /Users/whit3rabbit/Documents/GitHub/openkind/benchmarks/2026-10-01-local-model-suite/quality/laya-typed-decisions/banking77/summary-laya-typed-decisions-mlx-fp32.json
{
  "comparability": {
    "forced_none_option": true,
    "note": "Choice rows always carry an injected __none__ option; accuracy includes it, answerable_ranking_accuracy excludes it for external comparison. Request wording follows the pinned template source."
  },
  "dataset": {
    "convert_revision": "2f7db33fffeec50f4802e51b5ac250340200e85f",
    "description": "Banking customer-query intent, 77 classes.",
    "files": 2,
    "gated": "none",
    "hf_repo": "mteb/banking77",
    "hf_revision": "18072d2685ea682290f7b8924d94c62acc19c0b2",
    "license": "MIT",
    "name": "banking77",
    "task_family": "intent-routing"
  },
  "engine": {
    "bundle_version": null,
    "engine": "laya",
    "model_revision": "1a793eb568e6718f15941d08f85432581df534e3",
    "profile_id": "9d28cfa9567902801ed1",
    "strategy": "laya-typed-decisions-mlx-fp32"
  },
  "evidence_class": "model-quality (public-dataset); no model or policy promotion",
  "limit": 50,
  "metrics": {
    "accuracy": 0.34,
    "accuracy_at_coverage": {
      "0.5": {
        "accuracy": 0.48,
        "answered": 25,
        "coverage": 0.5
      },
      "0.8": {
        "accuracy": 0.4,
        "answered": 40,
        "coverage": 0.8
      }
    },
    "accuracy_bootstrap": {
      "ci_95": [
        0.22,
        0.48
      ],
      "clusters": 50,
      "point": 0.34,
      "replicates": 2000,
      "seed": 29160717
    },
    "answerable_ranking_accuracy": 0.34,
    "aurc": 0.47249994233865583,
    "brier": 0.8837473166508509,
    "ece_10_bins": 0.23012268047758871,
    "false_none_rate": 0.0,
    "macro_f1": 0.26372549019607844,
    "nll": 2.9815063460778624,
    "none_recall": null,
    "per_class_recall": [
      {
        "count": 1,
        "label": "apple_pay_or_google_pay",
        "recall": 0.0
      },
      {
        "count": 1,
        "label": "atm_support",
        "recall": 0.0
      },
      {
        "count": 4,
        "label": "automatic_top_up",
        "recall": 1.0
      },
      {
        "count": 1,
        "label": "balance_not_updated_after_bank_transfer",
        "recall": 0.0
      },
      {
        "count": 4,
        "label": "balance_not_updated_after_cheque_or_cash_deposit",
        "recall": 0.25
      },
      {
        "count": 1,
        "label": "card_delivery_estimate",
        "recall": 0.0
      },
      {
        "count": 2,
        "label": "card_linking",
        "recall": 0.5
      },
      {
        "count": 1,
        "label": "card_not_working",
        "recall": 0.0
      },
      {
        "count": 1,
        "label": "card_swallowed",
        "recall": 0.0
      },
      {
        "count": 1,
        "label": "cash_withdrawal_charge",
        "recall": 0.0
      },
      {
        "count": 3,
        "label": "cash_withdrawal_not_recognised",
        "recall": 0.0
      },
      {
        "count": 1,
        "label": "change_pin",
        "recall": 0.0
      },
      {
        "count": 1,
        "label": "declined_cash_withdrawal",
        "recall": 0.0
      },
      {
        "count": 2,
        "label": "disposable_card_limits",
        "recall": 0.5
      },
      {
        "count": 1,
        "label": "extra_charge_on_statement",
        "recall": 1.0
      },
      {
        "count": 1,
        "label": "fiat_currency_support",
        "recall": 0.0
      },
      {
        "count": 1,
        "label": "getting_spare_card",
        "recall": 0.0
      },
      {
        "count": 1,
        "label": "pending_card_payment",
        "recall": 0.0
      },
      {
        "count": 1,
        "label": "pending_top_up",
        "recall": 1.0
      },
      {
        "count": 1,
        "label": "supported_cards_and_currencies",
        "recall": 0.0
      },
      {
        "count": 2,
        "label": "terminate_account",
        "recall": 1.0
      },
      {
        "count": 2,
        "label": "top_up_by_bank_transfer_charge",
        "recall": 0.0
      },
      {
        "count": 1,
        "label": "top_up_by_cash_or_cheque",
        "recall": 0.0
      },
      {
        "count": 1,
        "label": "top_up_failed",
        "recall": 0.0
      },
      {
        "count": 1,
        "label": "top_up_limits",
        "recall": 0.0
      },
      {
        "count": 1,
        "label": "transfer_fee_charged",
        "recall": 0.0
      },
      {
        "count": 1,
        "label": "transfer_into_account",
        "recall": 1.0
      },
      {
        "count": 1,
        "label": "transfer_not_received_by_recipient",
        "recall": 0.0
      },
      {
        "count": 1,
        "label": "verify_my_identity",
        "recall": 1.0
      },
      {
        "count": 1,
        "label": "verify_source_of_funds",
        "recall": 1.0
      },
      {
        "count": 2,
        "label": "verify_top_up",
        "recall": 0.5
      },
      {
        "count": 3,
        "label": "virtual_card_not_working",
        "recall": 0.3333333333333333
      },
      {
        "count": 2,
        "label": "why_verify_identity",
        "recall": 0.0
      },
      {
        "count": 1,
        "label": "wrong_exchange_rate_for_cash_withdrawal",
        "recall": 1.0
      }
    ],
    "risk_coverage": [
      {
        "accepted_error": 0.5666666666666667,
        "answered": 30,
        "threshold": 0.5
      },
      {
        "accepted_error": 0.4117647058823529,
        "answered": 17,
        "threshold": 0.75
      },
      {
        "accepted_error": 0.2222222222222222,
        "answered": 9,
        "threshold": 0.9
      },
      {
        "accepted_error": null,
        "answered": 0,
        "threshold": 0.98
      }
    ],
    "rows": 50
  },
  "provenance": {
    "commit": "e3cb136f431e817ac4aca475ea381b0840ef2cd0",
    "executable_sha256": "8b66617d7ef7371feea5adc66d6d7b0b4858726656b987c005cc0d184f14ca27",
    "host": "Apple M4 Max, 14 cores, 36 GiB RAM, macOS arm64",
    "predictions_path": "/Users/whit3rabbit/Documents/GitHub/openkind/benchmarks/2026-10-01-local-model-suite/quality/laya-typed-decisions/banking77/predictions-laya-typed-decisions-mlx-fp32-laya-typed-decisions-mlx-fp32.jsonl",
    "predictions_sha256": "4a21e3087ac3b1aa1a229af023530d34bde43503e1d32fbc571899c01ab40c45",
    "summary_sha256": "46ee9354983b71a4bd882bc40bc0481ae752d931011eba47097278fdf80969a7",
    "workload_path": "/Users/whit3rabbit/Documents/GitHub/openkind/benchmarks/2026-10-01-local-model-suite/quality/laya-typed-decisions/banking77/workload-banking77-eval.jsonl",
    "workload_sha256": "9987b6f82a27ab4a5ddc0124ab4a110945d168858aa1ff1352d371422d657b98"
  },
  "rows": 50,
  "schema": "openkind-dataset-eval/v1",
  "skipped_duplicates": 0,
  "skipped_template_rows": 0,
  "split": "eval",
  "template": {
    "id": "jev-benchmarking",
    "source": "https://github.com/AppliedMachineLearning-Lab/jev-benchmarking@6bbdeb33474849b6de2f0cccc9f5e19756abd67e",
    "version": 1
  }
}
[exit 0] eval laya-typed-decisions/banking77 (laya-typed-decisions-mlx-fp32)

$ /Users/whit3rabbit/Documents/GitHub/openkind/target/release/openkind-bench dataset eval clinc150 --datasets-dir /Users/whit3rabbit/Library/Caches/openkind-local-suite-2026-10-01/datasets --limit 50 --engine laya-typed-decisions-mlx-fp32 --host 'Apple M4 Max, 14 cores, 36 GiB RAM, macOS arm64' --commit e3cb136f431e817ac4aca475ea381b0840ef2cd0 --output-dir /Users/whit3rabbit/Documents/GitHub/openkind/benchmarks/2026-10-01-local-model-suite/quality/laya-typed-decisions/clinc150 --pretty --model-root /tmp/openkind-local-suite-2026-10-01/models/models/laya-typed-decisions:9d28cfa9567902801ed1
[bench] workload /Users/whit3rabbit/Documents/GitHub/openkind/benchmarks/2026-10-01-local-model-suite/quality/laya-typed-decisions/clinc150/workload-clinc150-eval.jsonl: 50 rows (sha256 c4fa558b966c0c72618366e1b6b6024566b5de14d3eeba7e0085c260ebdf1701)
[bench] 50 groups over 50 rows (grouping=true)
[bench] engine laya-typed-decisions-mlx-fp32 starting
Error: warmup dispatch failed: backend `laya-typed-decisions/mlx-fp32` does not support this request: question `clinc150/plus/1394` offers 152 options but the profile accepts at most 100
[exit 1] eval laya-typed-decisions/clinc150 (laya-typed-decisions-mlx-fp32)

$ /Users/whit3rabbit/Documents/GitHub/openkind/target/release/openkind-bench dataset eval arc --datasets-dir /Users/whit3rabbit/Library/Caches/openkind-local-suite-2026-10-01/datasets --limit 50 --engine laya-typed-decisions-mlx-fp32 --host 'Apple M4 Max, 14 cores, 36 GiB RAM, macOS arm64' --commit e3cb136f431e817ac4aca475ea381b0840ef2cd0 --output-dir /Users/whit3rabbit/Documents/GitHub/openkind/benchmarks/2026-10-01-local-model-suite/quality/laya-typed-decisions/arc --pretty --model-root /tmp/openkind-local-suite-2026-10-01/models/models/laya-typed-decisions:9d28cfa9567902801ed1
[bench] workload /Users/whit3rabbit/Documents/GitHub/openkind/benchmarks/2026-10-01-local-model-suite/quality/laya-typed-decisions/arc/workload-arc-eval.jsonl: 50 rows (sha256 a075d83ef393eaf6312d06148ced5f742adda040cd5d4b5055592a5925d2608e)
[bench] 50 groups over 50 rows (grouping=true)
[bench] engine laya-typed-decisions-mlx-fp32 starting
[bench] strategy laya-typed-decisions-mlx-fp32 warmup complete
[bench] strategy laya-typed-decisions-mlx-fp32 rep 0: 0.866 s
[bench] summary /Users/whit3rabbit/Documents/GitHub/openkind/benchmarks/2026-10-01-local-model-suite/quality/laya-typed-decisions/arc/summary-laya-typed-decisions-mlx-fp32.json
{
  "comparability": {
    "forced_none_option": true,
    "note": "Choice rows always carry an injected __none__ option; accuracy includes it, answerable_ranking_accuracy excludes it for external comparison. Request wording follows the pinned template source."
  },
  "dataset": {
    "convert_revision": "5a61ed188b8810abf32686fa83eb93787cbc5f25",
    "description": "Grade-school science QA (Challenge + Easy), 3-5 options.",
    "files": 4,
    "gated": "none",
    "hf_repo": "allenai/ai2_arc",
    "hf_revision": "210d026faf9955653af8916fad021475a3f00453",
    "license": "CC-BY-SA-4.0",
    "name": "arc",
    "task_family": "multiple-choice"
  },
  "engine": {
    "bundle_version": null,
    "engine": "laya",
    "model_revision": "1a793eb568e6718f15941d08f85432581df534e3",
    "profile_id": "9d28cfa9567902801ed1",
    "strategy": "laya-typed-decisions-mlx-fp32"
  },
  "evidence_class": "model-quality (public-dataset); no model or policy promotion",
  "limit": 50,
  "metrics": {
    "accuracy": 0.48,
    "accuracy_at_coverage": {
      "0.5": {
        "accuracy": 0.56,
        "answered": 25,
        "coverage": 0.5
      },
      "0.8": {
        "accuracy": 0.525,
        "answered": 40,
        "coverage": 0.8
      }
    },
    "accuracy_bootstrap": {
      "ci_95": [
        0.34,
        0.62
      ],
      "clusters": 50,
      "point": 0.48,
      "replicates": 2000,
      "seed": 29160717
    },
    "answerable_ranking_accuracy": 0.54,
    "aurc": 0.3776730791504344,
    "brier": 0.6598098992115912,
    "ece_10_bins": 0.14290076428511725,
    "false_none_rate": 0.1,
    "macro_f1": 0.49674023769100173,
    "nll": 1.2952381157452242,
    "none_recall": null,
    "per_class_recall": [
      {
        "count": 8,
        "label": "A",
        "recall": 0.5
      },
      {
        "count": 19,
        "label": "B",
        "recall": 0.47368421052631576
      },
      {
        "count": 13,
        "label": "C",
        "recall": 0.46153846153846156
      },
      {
        "count": 10,
        "label": "D",
        "recall": 0.5
      }
    ],
    "risk_coverage": [
      {
        "accepted_error": 0.19999999999999996,
        "answered": 5,
        "threshold": 0.5
      },
      {
        "accepted_error": null,
        "answered": 0,
        "threshold": 0.75
      },
      {
        "accepted_error": null,
        "answered": 0,
        "threshold": 0.9
      },
      {
        "accepted_error": null,
        "answered": 0,
        "threshold": 0.98
      }
    ],
    "rows": 50
  },
  "provenance": {
    "commit": "e3cb136f431e817ac4aca475ea381b0840ef2cd0",
    "executable_sha256": "8b66617d7ef7371feea5adc66d6d7b0b4858726656b987c005cc0d184f14ca27",
    "host": "Apple M4 Max, 14 cores, 36 GiB RAM, macOS arm64",
    "predictions_path": "/Users/whit3rabbit/Documents/GitHub/openkind/benchmarks/2026-10-01-local-model-suite/quality/laya-typed-decisions/arc/predictions-laya-typed-decisions-mlx-fp32-laya-typed-decisions-mlx-fp32.jsonl",
    "predictions_sha256": "feea1280057321c6f7930823f6fb1ec3437752d06fc97fcc3de7570efe1302b9",
    "summary_sha256": "9a50dde9b1974c25e3290553699436dee005a59e6ae2c56b0cf53931cce79e45",
    "workload_path": "/Users/whit3rabbit/Documents/GitHub/openkind/benchmarks/2026-10-01-local-model-suite/quality/laya-typed-decisions/arc/workload-arc-eval.jsonl",
    "workload_sha256": "a075d83ef393eaf6312d06148ced5f742adda040cd5d4b5055592a5925d2608e"
  },
  "rows": 50,
  "schema": "openkind-dataset-eval/v1",
  "skipped_duplicates": 0,
  "skipped_template_rows": 0,
  "split": "eval",
  "template": {
    "id": "jev-benchmarking",
    "source": "https://github.com/AppliedMachineLearning-Lab/jev-benchmarking@6bbdeb33474849b6de2f0cccc9f5e19756abd67e",
    "version": 1
  }
}
[exit 0] eval laya-typed-decisions/arc (laya-typed-decisions-mlx-fp32)

$ /Users/whit3rabbit/Documents/GitHub/openkind/target/release/openkind-bench dataset eval hellaswag --datasets-dir /Users/whit3rabbit/Library/Caches/openkind-local-suite-2026-10-01/datasets --limit 50 --engine laya-typed-decisions-mlx-fp32 --host 'Apple M4 Max, 14 cores, 36 GiB RAM, macOS arm64' --commit e3cb136f431e817ac4aca475ea381b0840ef2cd0 --output-dir /Users/whit3rabbit/Documents/GitHub/openkind/benchmarks/2026-10-01-local-model-suite/quality/laya-typed-decisions/hellaswag --pretty --model-root /tmp/openkind-local-suite-2026-10-01/models/models/laya-typed-decisions:9d28cfa9567902801ed1
[bench] workload /Users/whit3rabbit/Documents/GitHub/openkind/benchmarks/2026-10-01-local-model-suite/quality/laya-typed-decisions/hellaswag/workload-hellaswag-eval.jsonl: 50 rows (sha256 01256c366f308738acba00c48cf7a384e5e4fd433fe7970a4042b04acb0efc7e)
[bench] 50 groups over 50 rows (grouping=true)
[bench] engine laya-typed-decisions-mlx-fp32 starting
[bench] strategy laya-typed-decisions-mlx-fp32 warmup complete
[bench] strategy laya-typed-decisions-mlx-fp32 rep 0: 1.441 s
[bench] summary /Users/whit3rabbit/Documents/GitHub/openkind/benchmarks/2026-10-01-local-model-suite/quality/laya-typed-decisions/hellaswag/summary-laya-typed-decisions-mlx-fp32.json
{
  "comparability": {
    "forced_none_option": true,
    "note": "Choice rows always carry an injected __none__ option; accuracy includes it, answerable_ranking_accuracy excludes it for external comparison. Request wording follows the pinned template source."
  },
  "dataset": {
    "convert_revision": "382ffb520660cc2ba98092cd8aa07cafc9c47f6d",
    "description": "Commonsense sentence completion, 4 options.",
    "files": 2,
    "gated": "none",
    "hf_repo": "Rowan/hellaswag",
    "hf_revision": "218ec52e09a7e7462a5400043bb9a69a41d06b76",
    "license": "MIT (dataset card); underlying corpus terms not detailed",
    "name": "hellaswag",
    "task_family": "multiple-choice"
  },
  "engine": {
    "bundle_version": null,
    "engine": "laya",
    "model_revision": "1a793eb568e6718f15941d08f85432581df534e3",
    "profile_id": "9d28cfa9567902801ed1",
    "strategy": "laya-typed-decisions-mlx-fp32"
  },
  "evidence_class": "model-quality (public-dataset); no model or policy promotion",
  "limit": 50,
  "metrics": {
    "accuracy": 0.28,
    "accuracy_at_coverage": {
      "0.5": {
        "accuracy": 0.36,
        "answered": 25,
        "coverage": 0.5
      },
      "0.8": {
        "accuracy": 0.3,
        "answered": 40,
        "coverage": 0.8
      }
    },
    "accuracy_bootstrap": {
      "ci_95": [
        0.16,
        0.4
      ],
      "clusters": 50,
      "point": 0.28,
      "replicates": 2000,
      "seed": 29160717
    },
    "answerable_ranking_accuracy": 0.3,
    "aurc": 0.5570684937237961,
    "brier": 0.7436423263896852,
    "ece_10_bins": 0.08597310853748605,
    "false_none_rate": 0.1,
    "macro_f1": 0.27785188778397607,
    "nll": 1.4590310298114653,
    "none_recall": null,
    "per_class_recall": [
      {
        "count": 12,
        "label": "A",
        "recall": 0.3333333333333333
      },
      {
        "count": 8,
        "label": "B",
        "recall": 0.125
      },
      {
        "count": 11,
        "label": "C",
        "recall": 0.2727272727272727
      },
      {
        "count": 19,
        "label": "D",
        "recall": 0.3157894736842105
      }
    ],
    "risk_coverage": [
      {
        "accepted_error": 0.0,
        "answered": 2,
        "threshold": 0.5
      },
      {
        "accepted_error": null,
        "answered": 0,
        "threshold": 0.75
      },
      {
        "accepted_error": null,
        "answered": 0,
        "threshold": 0.9
      },
      {
        "accepted_error": null,
        "answered": 0,
        "threshold": 0.98
      }
    ],
    "rows": 50
  },
  "provenance": {
    "commit": "e3cb136f431e817ac4aca475ea381b0840ef2cd0",
    "executable_sha256": "8b66617d7ef7371feea5adc66d6d7b0b4858726656b987c005cc0d184f14ca27",
    "host": "Apple M4 Max, 14 cores, 36 GiB RAM, macOS arm64",
    "predictions_path": "/Users/whit3rabbit/Documents/GitHub/openkind/benchmarks/2026-10-01-local-model-suite/quality/laya-typed-decisions/hellaswag/predictions-laya-typed-decisions-mlx-fp32-laya-typed-decisions-mlx-fp32.jsonl",
    "predictions_sha256": "eb0831eea3e93496dc1ab80028547da48378ef515d7b297b7fb358db3b68e89f",
    "summary_sha256": "aeecf005a1baedc527a967a978c0597bb12e6c715d25dab9d4095c9d2df63e36",
    "workload_path": "/Users/whit3rabbit/Documents/GitHub/openkind/benchmarks/2026-10-01-local-model-suite/quality/laya-typed-decisions/hellaswag/workload-hellaswag-eval.jsonl",
    "workload_sha256": "01256c366f308738acba00c48cf7a384e5e4fd433fe7970a4042b04acb0efc7e"
  },
  "rows": 50,
  "schema": "openkind-dataset-eval/v1",
  "skipped_duplicates": 0,
  "skipped_template_rows": 0,
  "split": "eval",
  "template": {
    "id": "jev-benchmarking",
    "source": "https://github.com/AppliedMachineLearning-Lab/jev-benchmarking@6bbdeb33474849b6de2f0cccc9f5e19756abd67e",
    "version": 1
  }
}
[exit 0] eval laya-typed-decisions/hellaswag (laya-typed-decisions-mlx-fp32)

$ /Users/whit3rabbit/Documents/GitHub/openkind/target/release/openkind-bench dataset eval winogrande --datasets-dir /Users/whit3rabbit/Library/Caches/openkind-local-suite-2026-10-01/datasets --limit 50 --engine laya-typed-decisions-mlx-fp32 --host 'Apple M4 Max, 14 cores, 36 GiB RAM, macOS arm64' --commit e3cb136f431e817ac4aca475ea381b0840ef2cd0 --output-dir /Users/whit3rabbit/Documents/GitHub/openkind/benchmarks/2026-10-01-local-model-suite/quality/laya-typed-decisions/winogrande --pretty --model-root /tmp/openkind-local-suite-2026-10-01/models/models/laya-typed-decisions:9d28cfa9567902801ed1
[bench] workload /Users/whit3rabbit/Documents/GitHub/openkind/benchmarks/2026-10-01-local-model-suite/quality/laya-typed-decisions/winogrande/workload-winogrande-eval.jsonl: 50 rows (sha256 43971ef7f5207f9208acc7b1674b661e2998b24dcc221d2e0de084899d57e4ef)
[bench] 50 groups over 50 rows (grouping=true)
[bench] engine laya-typed-decisions-mlx-fp32 starting
[bench] strategy laya-typed-decisions-mlx-fp32 warmup complete
[bench] strategy laya-typed-decisions-mlx-fp32 rep 0: 0.808 s
[bench] summary /Users/whit3rabbit/Documents/GitHub/openkind/benchmarks/2026-10-01-local-model-suite/quality/laya-typed-decisions/winogrande/summary-laya-typed-decisions-mlx-fp32.json
{
  "comparability": {
    "forced_none_option": true,
    "note": "Choice rows always carry an injected __none__ option; accuracy includes it, answerable_ranking_accuracy excludes it for external comparison. Request wording follows the pinned template source."
  },
  "dataset": {
    "convert_revision": "546d5aa0e42fc0fa9ad2c13260322ec969e083ee",
    "description": "Commonsense pronoun/blank resolution, 2 options.",
    "files": 2,
    "gated": "none",
    "hf_repo": "allenai/winogrande",
    "hf_revision": "01e74176c63542e6b0bcb004dcdea22d94fb67b5",
    "license": "unstated on the dataset card; internal evaluation only",
    "name": "winogrande",
    "task_family": "multiple-choice"
  },
  "engine": {
    "bundle_version": null,
    "engine": "laya",
    "model_revision": "1a793eb568e6718f15941d08f85432581df534e3",
    "profile_id": "9d28cfa9567902801ed1",
    "strategy": "laya-typed-decisions-mlx-fp32"
  },
  "evidence_class": "model-quality (public-dataset); no model or policy promotion",
  "limit": 50,
  "metrics": {
    "accuracy": 0.58,
    "accuracy_at_coverage": {
      "0.5": {
        "accuracy": 0.68,
        "answered": 25,
        "coverage": 0.5
      },
      "0.8": {
        "accuracy": 0.575,
        "answered": 40,
        "coverage": 0.8
      }
    },
    "accuracy_bootstrap": {
      "ci_95": [
        0.44,
        0.72
      ],
      "clusters": 50,
      "point": 0.58,
      "replicates": 2000,
      "seed": 29160717
    },
    "answerable_ranking_accuracy": 0.64,
    "aurc": 0.34257084045942543,
    "brier": 0.5772072305515367,
    "ece_10_bins": 0.06749830011827315,
    "false_none_rate": 0.12,
    "macro_f1": 0.6093240093240093,
    "nll": 0.9801012091458944,
    "none_recall": null,
    "per_class_recall": [
      {
        "count": 25,
        "label": "A",
        "recall": 0.72
      },
      {
        "count": 25,
        "label": "B",
        "recall": 0.44
      }
    ],
    "risk_coverage": [
      {
        "accepted_error": 0.31999999999999995,
        "answered": 25,
        "threshold": 0.5
      },
      {
        "accepted_error": 0.0,
        "answered": 3,
        "threshold": 0.75
      },
      {
        "accepted_error": null,
        "answered": 0,
        "threshold": 0.9
      },
      {
        "accepted_error": null,
        "answered": 0,
        "threshold": 0.98
      }
    ],
    "rows": 50
  },
  "provenance": {
    "commit": "e3cb136f431e817ac4aca475ea381b0840ef2cd0",
    "executable_sha256": "8b66617d7ef7371feea5adc66d6d7b0b4858726656b987c005cc0d184f14ca27",
    "host": "Apple M4 Max, 14 cores, 36 GiB RAM, macOS arm64",
    "predictions_path": "/Users/whit3rabbit/Documents/GitHub/openkind/benchmarks/2026-10-01-local-model-suite/quality/laya-typed-decisions/winogrande/predictions-laya-typed-decisions-mlx-fp32-laya-typed-decisions-mlx-fp32.jsonl",
    "predictions_sha256": "ad5b5463004ea75b458597602e83a2302911c5a76726bc49141be33743461457",
    "summary_sha256": "3c760ca7d49c627636ab7241bc4f87ed1fdc1b0e7926eb7a0e101d24ef43dad4",
    "workload_path": "/Users/whit3rabbit/Documents/GitHub/openkind/benchmarks/2026-10-01-local-model-suite/quality/laya-typed-decisions/winogrande/workload-winogrande-eval.jsonl",
    "workload_sha256": "43971ef7f5207f9208acc7b1674b661e2998b24dcc221d2e0de084899d57e4ef"
  },
  "rows": 50,
  "schema": "openkind-dataset-eval/v1",
  "skipped_duplicates": 0,
  "skipped_template_rows": 0,
  "split": "eval",
  "template": {
    "id": "jev-benchmarking",
    "source": "https://github.com/AppliedMachineLearning-Lab/jev-benchmarking@6bbdeb33474849b6de2f0cccc9f5e19756abd67e",
    "version": 1
  }
}
[exit 0] eval laya-typed-decisions/winogrande (laya-typed-decisions-mlx-fp32)

$ /Users/whit3rabbit/Documents/GitHub/openkind/target/release/openkind-bench dataset eval commonsense_qa --datasets-dir /Users/whit3rabbit/Library/Caches/openkind-local-suite-2026-10-01/datasets --limit 50 --engine laya-typed-decisions-mlx-fp32 --host 'Apple M4 Max, 14 cores, 36 GiB RAM, macOS arm64' --commit e3cb136f431e817ac4aca475ea381b0840ef2cd0 --output-dir /Users/whit3rabbit/Documents/GitHub/openkind/benchmarks/2026-10-01-local-model-suite/quality/laya-typed-decisions/commonsense_qa --pretty --model-root /tmp/openkind-local-suite-2026-10-01/models/models/laya-typed-decisions:9d28cfa9567902801ed1
[bench] workload /Users/whit3rabbit/Documents/GitHub/openkind/benchmarks/2026-10-01-local-model-suite/quality/laya-typed-decisions/commonsense_qa/workload-commonsense_qa-eval.jsonl: 50 rows (sha256 197771028f499cf4daba2c389f99f876c48ebebae094ce528182f504028f72bd)
[bench] 50 groups over 50 rows (grouping=true)
[bench] engine laya-typed-decisions-mlx-fp32 starting
[bench] strategy laya-typed-decisions-mlx-fp32 warmup complete
[bench] strategy laya-typed-decisions-mlx-fp32 rep 0: 0.816 s
[bench] summary /Users/whit3rabbit/Documents/GitHub/openkind/benchmarks/2026-10-01-local-model-suite/quality/laya-typed-decisions/commonsense_qa/summary-laya-typed-decisions-mlx-fp32.json
{
  "comparability": {
    "forced_none_option": true,
    "note": "Choice rows always carry an injected __none__ option; accuracy includes it, answerable_ranking_accuracy excludes it for external comparison. Request wording follows the pinned template source."
  },
  "dataset": {
    "convert_revision": "ae0768efa72432cb9c8e3945bd39f6dad24b2808",
    "description": "Commonsense QA, 5 options.",
    "files": 2,
    "gated": "none",
    "hf_repo": "tau/commonsense_qa",
    "hf_revision": "94630fe30dad47192a8546eb75f094926d47e155",
    "license": "MIT",
    "name": "commonsense_qa",
    "task_family": "multiple-choice"
  },
  "engine": {
    "bundle_version": null,
    "engine": "laya",
    "model_revision": "1a793eb568e6718f15941d08f85432581df534e3",
    "profile_id": "9d28cfa9567902801ed1",
    "strategy": "laya-typed-decisions-mlx-fp32"
  },
  "evidence_class": "model-quality (public-dataset); no model or policy promotion",
  "limit": 50,
  "metrics": {
    "accuracy": 0.42,
    "accuracy_at_coverage": {
      "0.5": {
        "accuracy": 0.4,
        "answered": 25,
        "coverage": 0.5
      },
      "0.8": {
        "accuracy": 0.425,
        "answered": 40,
        "coverage": 0.8
      }
    },
    "accuracy_bootstrap": {
      "ci_95": [
        0.28,
        0.56
      ],
      "clusters": 50,
      "point": 0.42,
      "replicates": 2000,
      "seed": 29160717
    },
    "answerable_ranking_accuracy": 0.56,
    "aurc": 0.5678488177233825,
    "brier": 0.7875948825121264,
    "ece_10_bins": 0.14388675018815422,
    "false_none_rate": 0.3,
    "macro_f1": 0.4619883040935672,
    "nll": 1.6912149394726097,
    "none_recall": null,
    "per_class_recall": [
      {
        "count": 7,
        "label": "A",
        "recall": 0.5714285714285714
      },
      {
        "count": 11,
        "label": "B",
        "recall": 0.45454545454545453
      },
      {
        "count": 14,
        "label": "C",
        "recall": 0.5
      },
      {
        "count": 5,
        "label": "D",
        "recall": 0.2
      },
      {
        "count": 13,
        "label": "E",
        "recall": 0.3076923076923077
      }
    ],
    "risk_coverage": [
      {
        "accepted_error": 0.5555555555555556,
        "answered": 18,
        "threshold": 0.5
      },
      {
        "accepted_error": 0.33333333333333337,
        "answered": 3,
        "threshold": 0.75
      },
      {
        "accepted_error": null,
        "answered": 0,
        "threshold": 0.9
      },
      {
        "accepted_error": null,
        "answered": 0,
        "threshold": 0.98
      }
    ],
    "rows": 50
  },
  "provenance": {
    "commit": "e3cb136f431e817ac4aca475ea381b0840ef2cd0",
    "executable_sha256": "8b66617d7ef7371feea5adc66d6d7b0b4858726656b987c005cc0d184f14ca27",
    "host": "Apple M4 Max, 14 cores, 36 GiB RAM, macOS arm64",
    "predictions_path": "/Users/whit3rabbit/Documents/GitHub/openkind/benchmarks/2026-10-01-local-model-suite/quality/laya-typed-decisions/commonsense_qa/predictions-laya-typed-decisions-mlx-fp32-laya-typed-decisions-mlx-fp32.jsonl",
    "predictions_sha256": "190a16761acd085abf2255ac47912cbc2e1740653e1033ec40fc4d415784f567",
    "summary_sha256": "095394a5bfadf66980377dbfc4fe912b0abb61dc3e506557f97f2ef423564e3e",
    "workload_path": "/Users/whit3rabbit/Documents/GitHub/openkind/benchmarks/2026-10-01-local-model-suite/quality/laya-typed-decisions/commonsense_qa/workload-commonsense_qa-eval.jsonl",
    "workload_sha256": "197771028f499cf4daba2c389f99f876c48ebebae094ce528182f504028f72bd"
  },
  "rows": 50,
  "schema": "openkind-dataset-eval/v1",
  "skipped_duplicates": 0,
  "skipped_template_rows": 0,
  "split": "eval",
  "template": {
    "id": "jev-benchmarking",
    "source": "https://github.com/AppliedMachineLearning-Lab/jev-benchmarking@6bbdeb33474849b6de2f0cccc9f5e19756abd67e",
    "version": 1
  }
}
[exit 0] eval laya-typed-decisions/commonsense_qa (laya-typed-decisions-mlx-fp32)

$ /Users/whit3rabbit/Documents/GitHub/openkind/target/release/openkind-bench dataset eval paws --datasets-dir /Users/whit3rabbit/Library/Caches/openkind-local-suite-2026-10-01/datasets --limit 50 --engine laya-typed-decisions-mlx-fp32 --host 'Apple M4 Max, 14 cores, 36 GiB RAM, macOS arm64' --commit e3cb136f431e817ac4aca475ea381b0840ef2cd0 --output-dir /Users/whit3rabbit/Documents/GitHub/openkind/benchmarks/2026-10-01-local-model-suite/quality/laya-typed-decisions/paws --pretty --model-root /tmp/openkind-local-suite-2026-10-01/models/models/laya-typed-decisions:9d28cfa9567902801ed1 --tune-threshold
[bench] workload /Users/whit3rabbit/Documents/GitHub/openkind/benchmarks/2026-10-01-local-model-suite/quality/laya-typed-decisions/paws/tuning-paws/workload-paws-dev.jsonl: 50 rows (sha256 f9c04db8a2189dc90a3981b384703273ab29fb29778decf3895a80de707c1f75)
[bench] 50 groups over 50 rows (grouping=true)
[bench] engine laya-typed-decisions-mlx-fp32 starting
[bench] strategy laya-typed-decisions-mlx-fp32 warmup complete
[bench] strategy laya-typed-decisions-mlx-fp32 rep 0: 1.000 s
[bench] summary /Users/whit3rabbit/Documents/GitHub/openkind/benchmarks/2026-10-01-local-model-suite/quality/laya-typed-decisions/paws/tuning-paws/summary-laya-typed-decisions-mlx-fp32.json
[bench] workload /Users/whit3rabbit/Documents/GitHub/openkind/benchmarks/2026-10-01-local-model-suite/quality/laya-typed-decisions/paws/workload-paws-eval.jsonl: 50 rows (sha256 36ecb2af4e6c31d6529afaf2a85abbb1581be6ff6544263029794b66a6defc70)
[bench] 50 groups over 50 rows (grouping=true)
[bench] engine laya-typed-decisions-mlx-fp32 starting
[bench] strategy laya-typed-decisions-mlx-fp32 warmup complete
[bench] strategy laya-typed-decisions-mlx-fp32 rep 0: 0.979 s
[bench] summary /Users/whit3rabbit/Documents/GitHub/openkind/benchmarks/2026-10-01-local-model-suite/quality/laya-typed-decisions/paws/summary-laya-typed-decisions-mlx-fp32.json
{
  "comparability": {
    "forced_none_option": false,
    "note": "Choice rows always carry an injected __none__ option; accuracy includes it, answerable_ranking_accuracy excludes it for external comparison. Request wording follows the pinned template source."
  },
  "dataset": {
    "convert_revision": "254f2df8677712ee0972ddb92870dc79fed48aec",
    "description": "Adversarial paraphrase identification (high word overlap).",
    "files": 2,
    "gated": "none",
    "hf_repo": "google-research-datasets/paws",
    "hf_revision": "161ece9501cf0a11f3e48bd356eaa82de46d6a09",
    "license": "custom terms on the dataset card; review before broader use",
    "name": "paws",
    "task_family": "nli"
  },
  "engine": {
    "bundle_version": null,
    "engine": "laya",
    "model_revision": "1a793eb568e6718f15941d08f85432581df534e3",
    "profile_id": "9d28cfa9567902801ed1",
    "strategy": "laya-typed-decisions-mlx-fp32"
  },
  "evidence_class": "model-quality (public-dataset); no model or policy promotion",
  "limit": 50,
  "metrics": {
    "accuracy_at_0.5": 0.94,
    "accuracy_at_coverage": {
      "0.5": {
        "accuracy": 0.96,
        "answered": 25,
        "coverage": 0.5
      },
      "0.8": {
        "accuracy": 0.975,
        "answered": 40,
        "coverage": 0.8
      }
    },
    "accuracy_bootstrap": {
      "ci_95": [
        0.86,
        1.0
      ],
      "clusters": 50,
      "point": 0.94,
      "replicates": 2000,
      "seed": 29160717
    },
    "aurc": 0.032814816652087075,
    "auroc": 0.9516666666666667,
    "brier": 0.0750848806799695,
    "ece_10_bins": 0.542023722734358,
    "negative_recall": 0.9666666666666667,
    "positive_recall": 0.9,
    "rows": 50,
    "tuned_threshold": {
      "dev_rows": 50,
      "eval_accuracy": 0.94,
      "protocol": "threshold selected on dev, applied to eval",
      "threshold": 0.5757366850165686,
      "tuning_accuracy_on_dev": 0.84
    }
  },
  "provenance": {
    "commit": "e3cb136f431e817ac4aca475ea381b0840ef2cd0",
    "executable_sha256": "8b66617d7ef7371feea5adc66d6d7b0b4858726656b987c005cc0d184f14ca27",
    "host": "Apple M4 Max, 14 cores, 36 GiB RAM, macOS arm64",
    "predictions_path": "/Users/whit3rabbit/Documents/GitHub/openkind/benchmarks/2026-10-01-local-model-suite/quality/laya-typed-decisions/paws/predictions-laya-typed-decisions-mlx-fp32-laya-typed-decisions-mlx-fp32.jsonl",
    "predictions_sha256": "91fa2ed14ebd306136a9711ec36301e38accb8d93e02ffa3b2010a6d86f75db7",
    "summary_sha256": "3e0de45659f74923cf3965f635f4f7500f3c255c5194dbab2cede5b4f43f89e2",
    "workload_path": "/Users/whit3rabbit/Documents/GitHub/openkind/benchmarks/2026-10-01-local-model-suite/quality/laya-typed-decisions/paws/workload-paws-eval.jsonl",
    "workload_sha256": "36ecb2af4e6c31d6529afaf2a85abbb1581be6ff6544263029794b66a6defc70"
  },
  "rows": 50,
  "schema": "openkind-dataset-eval/v1",
  "skipped_duplicates": 18,
  "skipped_template_rows": 0,
  "split": "eval",
  "template": {
    "id": "jev-benchmarking",
    "source": "https://github.com/AppliedMachineLearning-Lab/jev-benchmarking@6bbdeb33474849b6de2f0cccc9f5e19756abd67e",
    "version": 1
  }
}
[exit 0] eval laya-typed-decisions/paws (laya-typed-decisions-mlx-fp32)

$ /Users/whit3rabbit/Documents/GitHub/openkind/target/release/openkind-bench dataset eval boolq --datasets-dir /Users/whit3rabbit/Library/Caches/openkind-local-suite-2026-10-01/datasets --limit 50 --engine laya-typed-decisions-mlx-fp32 --host 'Apple M4 Max, 14 cores, 36 GiB RAM, macOS arm64' --commit e3cb136f431e817ac4aca475ea381b0840ef2cd0 --output-dir /Users/whit3rabbit/Documents/GitHub/openkind/benchmarks/2026-10-01-local-model-suite/quality/laya-typed-decisions/boolq --pretty --model-root /tmp/openkind-local-suite-2026-10-01/models/models/laya-typed-decisions:9d28cfa9567902801ed1 --tune-threshold
[bench] workload /Users/whit3rabbit/Documents/GitHub/openkind/benchmarks/2026-10-01-local-model-suite/quality/laya-typed-decisions/boolq/tuning-boolq/workload-boolq-dev.jsonl: 50 rows (sha256 1344c51d3a9d27d9cbf428f2e823b6324a62c5e15d9d4beba09f034c57950ea9)
[bench] 50 groups over 50 rows (grouping=true)
[bench] engine laya-typed-decisions-mlx-fp32 starting
[bench] strategy laya-typed-decisions-mlx-fp32 warmup complete
[bench] strategy laya-typed-decisions-mlx-fp32 rep 0: 1.243 s
[bench] summary /Users/whit3rabbit/Documents/GitHub/openkind/benchmarks/2026-10-01-local-model-suite/quality/laya-typed-decisions/boolq/tuning-boolq/summary-laya-typed-decisions-mlx-fp32.json
[bench] workload /Users/whit3rabbit/Documents/GitHub/openkind/benchmarks/2026-10-01-local-model-suite/quality/laya-typed-decisions/boolq/workload-boolq-eval.jsonl: 50 rows (sha256 449d16d61bdfeba20b1323e394af130cf9e9e70670365f052602e59eed64373c)
[bench] 50 groups over 50 rows (grouping=true)
[bench] engine laya-typed-decisions-mlx-fp32 starting
[bench] strategy laya-typed-decisions-mlx-fp32 warmup complete
[bench] strategy laya-typed-decisions-mlx-fp32 rep 0: 1.375 s
[bench] summary /Users/whit3rabbit/Documents/GitHub/openkind/benchmarks/2026-10-01-local-model-suite/quality/laya-typed-decisions/boolq/summary-laya-typed-decisions-mlx-fp32.json
{
  "comparability": {
    "forced_none_option": false,
    "note": "Choice rows always carry an injected __none__ option; accuracy includes it, answerable_ranking_accuracy excludes it for external comparison. Request wording follows the pinned template source."
  },
  "dataset": {
    "convert_revision": "d89fc6ef4da46f056176dcf941ba670524ab1c87",
    "description": "Yes/no questions over Wikipedia passages.",
    "files": 2,
    "gated": "none",
    "hf_repo": "google/boolq",
    "hf_revision": "35b264d03638db9f4ce671b711558bf7ff0f80d5",
    "license": "CC-BY-SA-3.0",
    "name": "boolq",
    "task_family": "reading-comprehension"
  },
  "engine": {
    "bundle_version": null,
    "engine": "laya",
    "model_revision": "1a793eb568e6718f15941d08f85432581df534e3",
    "profile_id": "9d28cfa9567902801ed1",
    "strategy": "laya-typed-decisions-mlx-fp32"
  },
  "evidence_class": "model-quality (public-dataset); no model or policy promotion",
  "limit": 50,
  "metrics": {
    "accuracy_at_0.5": 0.84,
    "accuracy_at_coverage": {
      "0.5": {
        "accuracy": 0.92,
        "answered": 25,
        "coverage": 0.5
      },
      "0.8": {
        "accuracy": 0.9,
        "answered": 40,
        "coverage": 0.8
      }
    },
    "accuracy_bootstrap": {
      "ci_95": [
        0.74,
        0.94
      ],
      "clusters": 50,
      "point": 0.84,
      "replicates": 2000,
      "seed": 29160717
    },
    "aurc": 0.10224557782263366,
    "auroc": 0.8802083333333334,
    "brier": 0.12822283758171127,
    "ece_10_bins": 0.2694823752952388,
    "negative_recall": 0.7222222222222222,
    "positive_recall": 0.90625,
    "rows": 50,
    "tuned_threshold": {
      "dev_rows": 50,
      "eval_accuracy": 0.84,
      "protocol": "threshold selected on dev, applied to eval",
      "threshold": 0.5,
      "tuning_accuracy_on_dev": 0.98
    }
  },
  "provenance": {
    "commit": "e3cb136f431e817ac4aca475ea381b0840ef2cd0",
    "executable_sha256": "8b66617d7ef7371feea5adc66d6d7b0b4858726656b987c005cc0d184f14ca27",
    "host": "Apple M4 Max, 14 cores, 36 GiB RAM, macOS arm64",
    "predictions_path": "/Users/whit3rabbit/Documents/GitHub/openkind/benchmarks/2026-10-01-local-model-suite/quality/laya-typed-decisions/boolq/predictions-laya-typed-decisions-mlx-fp32-laya-typed-decisions-mlx-fp32.jsonl",
    "predictions_sha256": "3dc751ad1ada673aab1db5585d9acd79ae83ca6f9313ceae8ca420a2a59aa5b7",
    "summary_sha256": "8e4b86a61ae58284f68f58236d7c6898c75b8b372ae4f4ced4c0cb0950142731",
    "workload_path": "/Users/whit3rabbit/Documents/GitHub/openkind/benchmarks/2026-10-01-local-model-suite/quality/laya-typed-decisions/boolq/workload-boolq-eval.jsonl",
    "workload_sha256": "449d16d61bdfeba20b1323e394af130cf9e9e70670365f052602e59eed64373c"
  },
  "rows": 50,
  "schema": "openkind-dataset-eval/v1",
  "skipped_duplicates": 0,
  "skipped_template_rows": 0,
  "split": "eval",
  "template": {
    "id": "jev-benchmarking",
    "source": "https://github.com/AppliedMachineLearning-Lab/jev-benchmarking@6bbdeb33474849b6de2f0cccc9f5e19756abd67e",
    "version": 1
  }
}
[exit 0] eval laya-typed-decisions/boolq (laya-typed-decisions-mlx-fp32)

$ /Users/whit3rabbit/Documents/GitHub/openkind/target/release/openkind-bench dataset eval stsb --datasets-dir /Users/whit3rabbit/Library/Caches/openkind-local-suite-2026-10-01/datasets --limit 50 --engine laya-typed-decisions-mlx-fp32 --host 'Apple M4 Max, 14 cores, 36 GiB RAM, macOS arm64' --commit e3cb136f431e817ac4aca475ea381b0840ef2cd0 --output-dir /Users/whit3rabbit/Documents/GitHub/openkind/benchmarks/2026-10-01-local-model-suite/quality/laya-typed-decisions/stsb --pretty --model-root /tmp/openkind-local-suite-2026-10-01/models/models/laya-typed-decisions:9d28cfa9567902801ed1
[bench] workload /Users/whit3rabbit/Documents/GitHub/openkind/benchmarks/2026-10-01-local-model-suite/quality/laya-typed-decisions/stsb/workload-stsb-eval.jsonl: 50 rows (sha256 fbcbdc284c4c7e1d9f950740770134c5eaab52175a16eaafb059749acf610453)
[bench] 50 groups over 50 rows (grouping=true)
[bench] engine laya-typed-decisions-mlx-fp32 starting
[bench] strategy laya-typed-decisions-mlx-fp32 warmup complete
[bench] strategy laya-typed-decisions-mlx-fp32 rep 0: 1.181 s
[bench] summary /Users/whit3rabbit/Documents/GitHub/openkind/benchmarks/2026-10-01-local-model-suite/quality/laya-typed-decisions/stsb/summary-laya-typed-decisions-mlx-fp32.json
{
  "comparability": {
    "forced_none_option": false,
    "note": "Choice rows always carry an injected __none__ option; accuracy includes it, answerable_ranking_accuracy excludes it for external comparison. Request wording follows the pinned template source."
  },
  "dataset": {
    "convert_revision": "58372e8197f43125a85d75e3c5121ccabc61413a",
    "description": "Semantic textual similarity on a 0-5 scale.",
    "files": 2,
    "gated": "none",
    "hf_repo": "sentence-transformers/stsb",
    "hf_revision": "ab7a5ac0e35aa22088bdcf23e7fd99b220e53308",
    "license": "unstated on the dataset card; internal evaluation only",
    "name": "stsb",
    "task_family": "rubric-scoring"
  },
  "engine": {
    "bundle_version": null,
    "engine": "laya",
    "model_revision": "1a793eb568e6718f15941d08f85432581df534e3",
    "profile_id": "9d28cfa9567902801ed1",
    "strategy": "laya-typed-decisions-mlx-fp32"
  },
  "evidence_class": "model-quality (public-dataset); no model or policy promotion",
  "limit": 50,
  "metrics": {
    "argmax_level_accuracy": 0.32,
    "mae": 0.8806294630577957,
    "nll": 1.463468409944892,
    "pearson": 0.7446451036124129,
    "rows": 50,
    "spearman": 0.7495385999711817
  },
  "provenance": {
    "commit": "e3cb136f431e817ac4aca475ea381b0840ef2cd0",
    "executable_sha256": "8b66617d7ef7371feea5adc66d6d7b0b4858726656b987c005cc0d184f14ca27",
    "host": "Apple M4 Max, 14 cores, 36 GiB RAM, macOS arm64",
    "predictions_path": "/Users/whit3rabbit/Documents/GitHub/openkind/benchmarks/2026-10-01-local-model-suite/quality/laya-typed-decisions/stsb/predictions-laya-typed-decisions-mlx-fp32-laya-typed-decisions-mlx-fp32.jsonl",
    "predictions_sha256": "7401913a0e9c9f7bdea5abcb8d3d8093db142cdf80abac8f7d1c13782451d27a",
    "summary_sha256": "c4804a9ab4871a02b2cc83f516ed539fde308624a7c13ae4dbde76afd4ff6e8a",
    "workload_path": "/Users/whit3rabbit/Documents/GitHub/openkind/benchmarks/2026-10-01-local-model-suite/quality/laya-typed-decisions/stsb/workload-stsb-eval.jsonl",
    "workload_sha256": "fbcbdc284c4c7e1d9f950740770134c5eaab52175a16eaafb059749acf610453"
  },
  "rows": 50,
  "schema": "openkind-dataset-eval/v1",
  "skipped_duplicates": 1,
  "skipped_template_rows": 0,
  "split": "eval",
  "template": {
    "id": "jev-benchmarking",
    "source": "https://github.com/AppliedMachineLearning-Lab/jev-benchmarking@6bbdeb33474849b6de2f0cccc9f5e19756abd67e",
    "version": 1
  }
}
[exit 0] eval laya-typed-decisions/stsb (laya-typed-decisions-mlx-fp32)

$ /Users/whit3rabbit/Documents/GitHub/openkind/target/release/openkind-bench dataset eval sst5 --datasets-dir /Users/whit3rabbit/Library/Caches/openkind-local-suite-2026-10-01/datasets --limit 50 --engine laya-typed-decisions-mlx-fp32 --host 'Apple M4 Max, 14 cores, 36 GiB RAM, macOS arm64' --commit e3cb136f431e817ac4aca475ea381b0840ef2cd0 --output-dir /Users/whit3rabbit/Documents/GitHub/openkind/benchmarks/2026-10-01-local-model-suite/quality/laya-typed-decisions/sst5 --pretty --model-root /tmp/openkind-local-suite-2026-10-01/models/models/laya-typed-decisions:9d28cfa9567902801ed1
[bench] workload /Users/whit3rabbit/Documents/GitHub/openkind/benchmarks/2026-10-01-local-model-suite/quality/laya-typed-decisions/sst5/workload-sst5-eval.jsonl: 50 rows (sha256 6bb721c089a9da937cb5b7f49e671fad585a979df1fc22bacbebefe021d7c2c4)
[bench] 50 groups over 50 rows (grouping=true)
[bench] engine laya-typed-decisions-mlx-fp32 starting
[bench] strategy laya-typed-decisions-mlx-fp32 warmup complete
[bench] strategy laya-typed-decisions-mlx-fp32 rep 0: 0.833 s
[bench] summary /Users/whit3rabbit/Documents/GitHub/openkind/benchmarks/2026-10-01-local-model-suite/quality/laya-typed-decisions/sst5/summary-laya-typed-decisions-mlx-fp32.json
{
  "comparability": {
    "forced_none_option": false,
    "note": "Choice rows always carry an injected __none__ option; accuracy includes it, answerable_ranking_accuracy excludes it for external comparison. Request wording follows the pinned template source."
  },
  "dataset": {
    "convert_revision": "956d888e7bc9c029fd96e3cece49c054ec0ddbd9",
    "description": "Fine-grained sentence sentiment, 5 ordered levels.",
    "files": 2,
    "gated": "none",
    "hf_repo": "SetFit/sst5",
    "hf_revision": "e51bdcd8cd3a30da231967c1a249ba59361279a3",
    "license": "unstated on the dataset card; internal evaluation only",
    "name": "sst5",
    "task_family": "rubric-scoring"
  },
  "engine": {
    "bundle_version": null,
    "engine": "laya",
    "model_revision": "1a793eb568e6718f15941d08f85432581df534e3",
    "profile_id": "9d28cfa9567902801ed1",
    "strategy": "laya-typed-decisions-mlx-fp32"
  },
  "evidence_class": "model-quality (public-dataset); no model or policy promotion",
  "limit": 50,
  "metrics": {
    "argmax_level_accuracy": 0.52,
    "mae": 0.585475696364538,
    "nll": 1.1105844714356368,
    "pearson": 0.8711783939539335,
    "rows": 50,
    "spearman": 0.8390169301661524
  },
  "provenance": {
    "commit": "e3cb136f431e817ac4aca475ea381b0840ef2cd0",
    "executable_sha256": "8b66617d7ef7371feea5adc66d6d7b0b4858726656b987c005cc0d184f14ca27",
    "host": "Apple M4 Max, 14 cores, 36 GiB RAM, macOS arm64",
    "predictions_path": "/Users/whit3rabbit/Documents/GitHub/openkind/benchmarks/2026-10-01-local-model-suite/quality/laya-typed-decisions/sst5/predictions-laya-typed-decisions-mlx-fp32-laya-typed-decisions-mlx-fp32.jsonl",
    "predictions_sha256": "1ae25225e170bf2775cfde7f4cdc5c5a052a02c2f0fb32a9fa3d26f10652023c",
    "summary_sha256": "bfdd8b979f101693496577ba3a36d8e9e5f2d1f89d7b095ac5b2d52a437d9769",
    "workload_path": "/Users/whit3rabbit/Documents/GitHub/openkind/benchmarks/2026-10-01-local-model-suite/quality/laya-typed-decisions/sst5/workload-sst5-eval.jsonl",
    "workload_sha256": "6bb721c089a9da937cb5b7f49e671fad585a979df1fc22bacbebefe021d7c2c4"
  },
  "rows": 50,
  "schema": "openkind-dataset-eval/v1",
  "skipped_duplicates": 0,
  "skipped_template_rows": 0,
  "split": "eval",
  "template": {
    "id": "jev-benchmarking",
    "source": "https://github.com/AppliedMachineLearning-Lab/jev-benchmarking@6bbdeb33474849b6de2f0cccc9f5e19756abd67e",
    "version": 1
  }
}
[exit 0] eval laya-typed-decisions/sst5 (laya-typed-decisions-mlx-fp32)

$ /Users/whit3rabbit/Documents/GitHub/openkind/target/release/openkind-bench score /Users/whit3rabbit/Documents/GitHub/openkind/benchmarks/2026-10-01-local-model-suite/shape-smoke-12.jsonl --engine laya-typed-decisions-mlx-fp32 --output-dir /Users/whit3rabbit/Documents/GitHub/openkind/benchmarks/2026-10-01-local-model-suite/performance/laya-typed-decisions/laya-typed-decisions-mlx-fp32 --reps 1 --host 'Apple M4 Max, 14 cores, 36 GiB RAM, macOS arm64' --commit e3cb136f431e817ac4aca475ea381b0840ef2cd0 --model-root /tmp/openkind-local-suite-2026-10-01/models/models/laya-typed-decisions:9d28cfa9567902801ed1
[bench] workload /Users/whit3rabbit/Documents/GitHub/openkind/benchmarks/2026-10-01-local-model-suite/shape-smoke-12.jsonl: 12 rows (sha256 c2db6b36351d340b4f55343109cf4a41444d56c96868ab7f467381dd791c3905)
[bench] 4 groups over 12 rows (grouping=true)
[bench] engine laya-typed-decisions-mlx-fp32 starting
[bench] strategy laya-typed-decisions-mlx-fp32 warmup complete
[bench] strategy laya-typed-decisions-mlx-fp32 rep 0: 0.345 s
[bench] summary /Users/whit3rabbit/Documents/GitHub/openkind/benchmarks/2026-10-01-local-model-suite/performance/laya-typed-decisions/laya-typed-decisions-mlx-fp32/summary-laya-typed-decisions-mlx-fp32.json
{"bundle_version":null,"commit":"e3cb136f431e817ac4aca475ea381b0840ef2cd0","context":{"head_max_len_tokens":256,"max_sequence_tokens":1024},"cross_strategy_answer_parity_clean":null,"engine":"laya","engine_variant":"laya-typed-decisions-mlx-fp32","fixture":{"groups":4,"path":"/Users/whit3rabbit/Documents/GitHub/openkind/benchmarks/2026-10-01-local-model-suite/shape-smoke-12.jsonl","rows":12,"sha256":"c2db6b36351d340b4f55343109cf4a41444d56c96868ab7f467381dd791c3905"},"grouping":"per-state","history_aba":false,"host":"Apple M4 Max, 14 cores, 36 GiB RAM, macOS arm64","host_hardware":{"cpu_brand":"Apple M4 Max","logical_cores":14,"model":"Mac16,5","total_memory_bytes":38654705664},"measurement_scope":"model_request_path","model_revision":"1a793eb568e6718f15941d08f85432581df534e3","notes":{"cpu_time_seconds":"process-wide user+system CPU time diff across the timed region, excluding warmup and model load; avg_cpu_percent exceeds 100 when multiple threads run","input_tokens_per_second":"total input tokens across all timed repetitions divided by their total wall time","percentiles":"p50 is the median rep total and p95 is the ceil(0.95*n)-1 sample; small rep counts are reported alongside as samples_seconds","request_latency_ms":"latency is per request; grouped rows share their request's latency and are not independent timings; includes request construction through answer extraction"},"peak_resident_bytes":2117402624,"prediction_sha256":{"laya-typed-decisions-mlx-fp32":"949366e9ca9b81baaf073929586f5b9ba844ec6a8612a70161a5716e74676f51"},"profile_id":"9d28cfa9567902801ed1","reps":1,"schema":"openkind-bench/v1","strategies":[{"avg_cpu_percent":52.744739474774256,"backend_id":"laya-typed-decisions/mlx-fp32","cpu_time_seconds":0.18219399999999997,"decisions_per_second":34.73972104994078,"forced":null,"groups":4,"input_tokens_per_second":7115.852861729538,"input_tokens_total":2458,"model_load_seconds":1.84951325,"p50_seconds":0.345425917,"p95_seconds":0.345425917,"reps":1,"rows":12,"samples_seconds":[0.345425917],"strategy":"laya-typed-decisions-mlx-fp32"}],"timing_scope":"request construction, validation, dispatch, and answer extraction; excludes model load (reported per strategy), result writes, and the untimed warmup pass; warm process","warmup":true}
[exit 0] score laya-typed-decisions (laya-typed-decisions-mlx-fp32, 12 rows)

$ /Users/whit3rabbit/Documents/GitHub/openkind/target/release/openkind rm laya-typed-decisions:9d28cfa9567902801ed1
Removed installed model laya-typed-decisions:9d28cfa9567902801ed1
[exit 0] remove laya-typed-decisions:9d28cfa9567902801ed1

