
supplemental profile=clef-flash:dfe12a21a5c9dd5b2fb1
loader=clef-flash
commit=4f49048714c056cf97757de1f5fb2ea126fc87f6
host=Apple M4 Max, 14 cores, 36 GiB RAM, macOS arm64

using pre-existing local checkpoint cache after manifest size and SHA-256 verification: /Users/whit3rabbit/.cache/openkind/models/clef-flash
$ /Users/whit3rabbit/Documents/GitHub/openkind/target/release/openkind-bench dataset eval sst2 --datasets-dir /Users/whit3rabbit/Library/Caches/openkind-local-suite-2026-10-01/datasets --limit 50 --engine clef-flash --host 'Apple M4 Max, 14 cores, 36 GiB RAM, macOS arm64' --commit 4f49048714c056cf97757de1f5fb2ea126fc87f6 --output-dir /Users/whit3rabbit/Documents/GitHub/openkind/benchmarks/2026-10-01-local-model-suite/quality/clef-flash/sst2 --pretty --model-root /Users/whit3rabbit/.cache/openkind/models/clef-flash
[bench] workload /Users/whit3rabbit/Documents/GitHub/openkind/benchmarks/2026-10-01-local-model-suite/quality/clef-flash/sst2/workload-sst2-eval.jsonl: 50 rows (sha256 aec7abbd2b4c0eb841e63b184e85bf2ce6285bd07cc2791db4e5c9eef2e263eb)
[bench] 50 groups over 50 rows (grouping=true)
[bench] engine clef-flash starting
[bench] strategy clef-flash warmup complete
[bench] strategy clef-flash rep 0: 285.365 s
[bench] summary /Users/whit3rabbit/Documents/GitHub/openkind/benchmarks/2026-10-01-local-model-suite/quality/clef-flash/sst2/summary-clef-flash.json
{
  "comparability": {
    "forced_none_option": true,
    "note": "Choice rows always carry an injected __none__ option; accuracy includes it, answerable_ranking_accuracy excludes it for external comparison. Request wording follows the pinned template source."
  },
  "dataset": {
    "convert_revision": "db3daed39bcd33ea25255ab60c1ac86ad52ce79d",
    "description": "Binary sentence sentiment (GLUE SST-2).",
    "files": 2,
    "gated": "none",
    "hf_repo": "stanfordnlp/sst2",
    "hf_revision": "8d51e7e4887a4caaa95b3fbebbf53c0490b58bbb",
    "license": "unstated on the dataset card; internal evaluation only",
    "name": "sst2",
    "task_family": "text-classification"
  },
  "engine": {
    "bundle_version": null,
    "engine": "clef",
    "model_revision": "17f0b0ad64efb65d273590632833508766b2aae6",
    "profile_id": "dfe12a21a5c9dd5b2fb1",
    "strategy": "clef-flash"
  },
  "evidence_class": "model-quality (public-dataset); no model or policy promotion",
  "limit": 50,
  "metrics": {
    "accuracy": 0.96,
    "accuracy_at_coverage": {
      "0.5": {
        "accuracy": 1.0,
        "answered": 25,
        "coverage": 0.5
      },
      "0.8": {
        "accuracy": 0.975,
        "answered": 40,
        "coverage": 0.8
      }
    },
    "accuracy_bootstrap": {
      "ci_95": [
        0.9,
        1.0
      ],
      "clusters": 50,
      "point": 0.96,
      "replicates": 2000,
      "seed": 29160717
    },
    "answerable_ranking_accuracy": 0.96,
    "aurc": 0.005826066500681495,
    "brier": 0.07250109809536215,
    "ece_10_bins": 0.05377723991384584,
    "false_none_rate": 0.0,
    "macro_f1": 0.9575551782682513,
    "nll": 0.1906807501030256,
    "none_recall": null,
    "per_class_recall": [
      {
        "count": 20,
        "label": "negative",
        "recall": 0.9
      },
      {
        "count": 30,
        "label": "positive",
        "recall": 1.0
      }
    ],
    "risk_coverage": [
      {
        "accepted_error": 0.040000000000000036,
        "answered": 50,
        "threshold": 0.5
      },
      {
        "accepted_error": 0.021276595744680882,
        "answered": 47,
        "threshold": 0.75
      },
      {
        "accepted_error": 0.022222222222222254,
        "answered": 45,
        "threshold": 0.9
      },
      {
        "accepted_error": null,
        "answered": 0,
        "threshold": 0.98
      }
    ],
    "rows": 50
  },
  "provenance": {
    "commit": "4f49048714c056cf97757de1f5fb2ea126fc87f6",
    "executable_sha256": "83708aab3f6dceb367c7e1dcf6db7014e43a41fe19d301b2abee6921d42a824d",
    "host": "Apple M4 Max, 14 cores, 36 GiB RAM, macOS arm64",
    "predictions_path": "/Users/whit3rabbit/Documents/GitHub/openkind/benchmarks/2026-10-01-local-model-suite/quality/clef-flash/sst2/predictions-clef-flash-clef-flash.jsonl",
    "predictions_sha256": "93faae860d4e0ab735240d1c8c618a887dc3146ce21c4a7c03a73e4ffdf72aa7",
    "summary_sha256": "170fe88eeaef1cd46e9a364016cc792ce01ac93e2453518fd000c7cbc0b90809",
    "workload_path": "/Users/whit3rabbit/Documents/GitHub/openkind/benchmarks/2026-10-01-local-model-suite/quality/clef-flash/sst2/workload-sst2-eval.jsonl",
    "workload_sha256": "aec7abbd2b4c0eb841e63b184e85bf2ce6285bd07cc2791db4e5c9eef2e263eb"
  },
  "rows": 50,
  "schema": "openkind-dataset-eval/v1",
  "skipped_duplicates": 0,
  "skipped_template_rows": 0,
  "split": "eval",
  "template": {
    "id": "jev-benchmarking",
    "source": "https://github.com/AppliedMachineLearning-Lab/jev-benchmarking@6bbdeb33474849b6de2f0cccc9f5e19756abd67e",
    "version": 1
  }
}
[exit 0] eval clef-flash/sst2 (clef-flash)

$ /Users/whit3rabbit/Documents/GitHub/openkind/target/release/openkind-bench dataset eval ag_news --datasets-dir /Users/whit3rabbit/Library/Caches/openkind-local-suite-2026-10-01/datasets --limit 50 --engine clef-flash --host 'Apple M4 Max, 14 cores, 36 GiB RAM, macOS arm64' --commit 4f49048714c056cf97757de1f5fb2ea126fc87f6 --output-dir /Users/whit3rabbit/Documents/GitHub/openkind/benchmarks/2026-10-01-local-model-suite/quality/clef-flash/ag_news --pretty --model-root /Users/whit3rabbit/.cache/openkind/models/clef-flash
[bench] workload /Users/whit3rabbit/Documents/GitHub/openkind/benchmarks/2026-10-01-local-model-suite/quality/clef-flash/ag_news/workload-ag_news-eval.jsonl: 50 rows (sha256 dc1d8893d535881c1e80eedd7012e8ef0dc8db0daa1ee4cf977a7a0e91dcc998)
[bench] 50 groups over 50 rows (grouping=true)
[bench] engine clef-flash starting
[bench] strategy clef-flash warmup complete
[bench] strategy clef-flash rep 0: 375.013 s
[bench] summary /Users/whit3rabbit/Documents/GitHub/openkind/benchmarks/2026-10-01-local-model-suite/quality/clef-flash/ag_news/summary-clef-flash.json
{
  "comparability": {
    "forced_none_option": true,
    "note": "Choice rows always carry an injected __none__ option; accuracy includes it, answerable_ranking_accuracy excludes it for external comparison. Request wording follows the pinned template source."
  },
  "dataset": {
    "convert_revision": "4efd5262b756aee7a12710ca78c74aa258660063",
    "description": "News topic classification, 4 classes.",
    "files": 2,
    "gated": "none",
    "hf_repo": "fancyzhx/ag_news",
    "hf_revision": "eb185aade064a813bc0b7f42de02595523103ca4",
    "license": "unstated on the dataset card; internal evaluation only",
    "name": "ag_news",
    "task_family": "text-classification"
  },
  "engine": {
    "bundle_version": null,
    "engine": "clef",
    "model_revision": "17f0b0ad64efb65d273590632833508766b2aae6",
    "profile_id": "dfe12a21a5c9dd5b2fb1",
    "strategy": "clef-flash"
  },
  "evidence_class": "model-quality (public-dataset); no model or policy promotion",
  "limit": 50,
  "metrics": {
    "accuracy": 0.9,
    "accuracy_at_coverage": {
      "0.5": {
        "accuracy": 1.0,
        "answered": 25,
        "coverage": 0.5
      },
      "0.8": {
        "accuracy": 0.95,
        "answered": 40,
        "coverage": 0.8
      }
    },
    "accuracy_bootstrap": {
      "ci_95": [
        0.8,
        0.98
      ],
      "clusters": 50,
      "point": 0.9,
      "replicates": 2000,
      "seed": 29160717
    },
    "answerable_ranking_accuracy": 0.9,
    "aurc": 0.02565951248281946,
    "brier": 0.1703352893185696,
    "ece_10_bins": 0.04089017218186074,
    "false_none_rate": 0.0,
    "macro_f1": 0.8861742424242425,
    "nll": 0.37165975316682676,
    "none_recall": null,
    "per_class_recall": [
      {
        "count": 8,
        "label": "Business",
        "recall": 0.75
      },
      {
        "count": 10,
        "label": "Sci/Tech",
        "recall": 0.9
      },
      {
        "count": 16,
        "label": "Sports",
        "recall": 1.0
      },
      {
        "count": 16,
        "label": "World",
        "recall": 0.875
      }
    ],
    "risk_coverage": [
      {
        "accepted_error": 0.09999999999999998,
        "answered": 50,
        "threshold": 0.5
      },
      {
        "accepted_error": 0.08163265306122447,
        "answered": 49,
        "threshold": 0.75
      },
      {
        "accepted_error": 0.05128205128205132,
        "answered": 39,
        "threshold": 0.9
      },
      {
        "accepted_error": 0.0,
        "answered": 2,
        "threshold": 0.98
      }
    ],
    "rows": 50
  },
  "provenance": {
    "commit": "4f49048714c056cf97757de1f5fb2ea126fc87f6",
    "executable_sha256": "83708aab3f6dceb367c7e1dcf6db7014e43a41fe19d301b2abee6921d42a824d",
    "host": "Apple M4 Max, 14 cores, 36 GiB RAM, macOS arm64",
    "predictions_path": "/Users/whit3rabbit/Documents/GitHub/openkind/benchmarks/2026-10-01-local-model-suite/quality/clef-flash/ag_news/predictions-clef-flash-clef-flash.jsonl",
    "predictions_sha256": "dd0af839984de055d3e0ae579b1768123f56d580c137661a4d75f4c67fe61738",
    "summary_sha256": "9bb6e03a9165f7e83a1fe545be015ecf9a0a99d6b6f003b5a0922625c529857f",
    "workload_path": "/Users/whit3rabbit/Documents/GitHub/openkind/benchmarks/2026-10-01-local-model-suite/quality/clef-flash/ag_news/workload-ag_news-eval.jsonl",
    "workload_sha256": "dc1d8893d535881c1e80eedd7012e8ef0dc8db0daa1ee4cf977a7a0e91dcc998"
  },
  "rows": 50,
  "schema": "openkind-dataset-eval/v1",
  "skipped_duplicates": 0,
  "skipped_template_rows": 0,
  "split": "eval",
  "template": {
    "id": "jev-benchmarking",
    "source": "https://github.com/AppliedMachineLearning-Lab/jev-benchmarking@6bbdeb33474849b6de2f0cccc9f5e19756abd67e",
    "version": 1
  }
}
[exit 0] eval clef-flash/ag_news (clef-flash)

$ /Users/whit3rabbit/Documents/GitHub/openkind/target/release/openkind-bench dataset eval banking77 --datasets-dir /Users/whit3rabbit/Library/Caches/openkind-local-suite-2026-10-01/datasets --limit 50 --engine clef-flash --host 'Apple M4 Max, 14 cores, 36 GiB RAM, macOS arm64' --commit 4f49048714c056cf97757de1f5fb2ea126fc87f6 --output-dir /Users/whit3rabbit/Documents/GitHub/openkind/benchmarks/2026-10-01-local-model-suite/quality/clef-flash/banking77 --pretty --model-root /Users/whit3rabbit/.cache/openkind/models/clef-flash
[bench] workload /Users/whit3rabbit/Documents/GitHub/openkind/benchmarks/2026-10-01-local-model-suite/quality/clef-flash/banking77/workload-banking77-eval.jsonl: 50 rows (sha256 9987b6f82a27ab4a5ddc0124ab4a110945d168858aa1ff1352d371422d657b98)
[bench] 50 groups over 50 rows (grouping=true)
[bench] engine clef-flash starting
