
supplemental profile=clef-flash-gguf:c330d9ee7e9cc658ad45
loader=clef-flash-gguf
commit=4f49048714c056cf97757de1f5fb2ea126fc87f6
host=Apple M4 Max, 14 cores, 36 GiB RAM, macOS arm64

using pre-existing local checkpoint cache after manifest size and SHA-256 verification: /Users/whit3rabbit/.cache/openkind/models/clef-flash-gguf-q4
$ /Users/whit3rabbit/Documents/GitHub/openkind/target/release/openkind-bench dataset eval sst2 --datasets-dir /Users/whit3rabbit/Library/Caches/openkind-local-suite-2026-10-01/datasets --limit 50 --engine clef-flash-gguf --host 'Apple M4 Max, 14 cores, 36 GiB RAM, macOS arm64' --commit 4f49048714c056cf97757de1f5fb2ea126fc87f6 --output-dir /Users/whit3rabbit/Documents/GitHub/openkind/benchmarks/2026-10-01-local-model-suite/quality/clef-flash-gguf/sst2 --pretty --model-root /Users/whit3rabbit/.cache/openkind/models/clef-flash-gguf-q4
[bench] workload /Users/whit3rabbit/Documents/GitHub/openkind/benchmarks/2026-10-01-local-model-suite/quality/clef-flash-gguf/sst2/workload-sst2-eval.jsonl: 50 rows (sha256 aec7abbd2b4c0eb841e63b184e85bf2ce6285bd07cc2791db4e5c9eef2e263eb)
[bench] 50 groups over 50 rows (grouping=true)
[bench] engine clef-flash-gguf starting
[bench] strategy clef-flash-gguf warmup complete
[bench] strategy clef-flash-gguf rep 0: 663.327 s
[bench] summary /Users/whit3rabbit/Documents/GitHub/openkind/benchmarks/2026-10-01-local-model-suite/quality/clef-flash-gguf/sst2/summary-clef-flash-gguf.json
{
  "comparability": {
    "forced_none_option": true,
    "note": "Choice rows always carry an injected __none__ option; accuracy includes it, answerable_ranking_accuracy excludes it for external comparison. Request wording follows the pinned template source."
  },
  "dataset": {
    "convert_revision": "db3daed39bcd33ea25255ab60c1ac86ad52ce79d",
    "description": "Binary sentence sentiment (GLUE SST-2).",
    "files": 2,
    "gated": "none",
    "hf_repo": "stanfordnlp/sst2",
    "hf_revision": "8d51e7e4887a4caaa95b3fbebbf53c0490b58bbb",
    "license": "unstated on the dataset card; internal evaluation only",
    "name": "sst2",
    "task_family": "text-classification"
  },
  "engine": {
    "bundle_version": null,
    "engine": "clef",
    "model_revision": "d7f376ea88c05e7bb1014dd5351a93df9dd8029e",
    "profile_id": "c330d9ee7e9cc658ad45",
    "strategy": "clef-flash-gguf"
  },
  "evidence_class": "model-quality (public-dataset); no model or policy promotion",
  "limit": 50,
  "metrics": {
    "accuracy": 0.96,
    "accuracy_at_coverage": {
      "0.5": {
        "accuracy": 1.0,
        "answered": 25,
        "coverage": 0.5
      },
      "0.8": {
        "accuracy": 0.975,
        "answered": 40,
        "coverage": 0.8
      }
    },
    "accuracy_bootstrap": {
      "ci_95": [
        0.9,
        1.0
      ],
      "clusters": 50,
      "point": 0.96,
      "replicates": 2000,
      "seed": 29160717
    },
    "answerable_ranking_accuracy": 0.96,
    "aurc": 0.006234229765987617,
    "brier": 0.082448300125639,
    "ece_10_bins": 0.049608405300210934,
    "false_none_rate": 0.0,
    "macro_f1": 0.9575551782682513,
    "nll": 0.20631460540769017,
    "none_recall": null,
    "per_class_recall": [
      {
        "count": 20,
        "label": "negative",
        "recall": 0.9
      },
      {
        "count": 30,
        "label": "positive",
        "recall": 1.0
      }
    ],
    "risk_coverage": [
      {
        "accepted_error": 0.04081632653061229,
        "answered": 49,
        "threshold": 0.5
      },
      {
        "accepted_error": 0.021276595744680882,
        "answered": 47,
        "threshold": 0.75
      },
      {
        "accepted_error": 0.021739130434782594,
        "answered": 46,
        "threshold": 0.9
      },
      {
        "accepted_error": null,
        "answered": 0,
        "threshold": 0.98
      }
    ],
    "rows": 50
  },
  "provenance": {
    "commit": "4f49048714c056cf97757de1f5fb2ea126fc87f6",
    "executable_sha256": "65d92a24e5a080b38e8c4af435fde1422a1c5a354cb2101b53019093f53f844a",
    "host": "Apple M4 Max, 14 cores, 36 GiB RAM, macOS arm64",
    "predictions_path": "/Users/whit3rabbit/Documents/GitHub/openkind/benchmarks/2026-10-01-local-model-suite/quality/clef-flash-gguf/sst2/predictions-clef-flash-gguf-clef-flash-gguf.jsonl",
    "predictions_sha256": "079e9f8a82195afe9692b6160c7895d3def960e7f6b1570d9ff00b3c569520be",
    "summary_sha256": "c60469a2b7e55f225a925305038623f3666f487c313a03e3506431edfe164ebb",
    "workload_path": "/Users/whit3rabbit/Documents/GitHub/openkind/benchmarks/2026-10-01-local-model-suite/quality/clef-flash-gguf/sst2/workload-sst2-eval.jsonl",
    "workload_sha256": "aec7abbd2b4c0eb841e63b184e85bf2ce6285bd07cc2791db4e5c9eef2e263eb"
  },
  "rows": 50,
  "schema": "openkind-dataset-eval/v1",
  "skipped_duplicates": 0,
  "skipped_template_rows": 0,
  "split": "eval",
  "template": {
    "id": "jev-benchmarking",
    "source": "https://github.com/AppliedMachineLearning-Lab/jev-benchmarking@6bbdeb33474849b6de2f0cccc9f5e19756abd67e",
    "version": 1
  }
}
[exit 0] eval clef-flash-gguf/sst2 (clef-flash-gguf)

$ /Users/whit3rabbit/Documents/GitHub/openkind/target/release/openkind-bench dataset eval ag_news --datasets-dir /Users/whit3rabbit/Library/Caches/openkind-local-suite-2026-10-01/datasets --limit 50 --engine clef-flash-gguf --host 'Apple M4 Max, 14 cores, 36 GiB RAM, macOS arm64' --commit 4f49048714c056cf97757de1f5fb2ea126fc87f6 --output-dir /Users/whit3rabbit/Documents/GitHub/openkind/benchmarks/2026-10-01-local-model-suite/quality/clef-flash-gguf/ag_news --pretty --model-root /Users/whit3rabbit/.cache/openkind/models/clef-flash-gguf-q4
[bench] workload /Users/whit3rabbit/Documents/GitHub/openkind/benchmarks/2026-10-01-local-model-suite/quality/clef-flash-gguf/ag_news/workload-ag_news-eval.jsonl: 50 rows (sha256 dc1d8893d535881c1e80eedd7012e8ef0dc8db0daa1ee4cf977a7a0e91dcc998)
[bench] 50 groups over 50 rows (grouping=true)
[bench] engine clef-flash-gguf starting
[bench] strategy clef-flash-gguf warmup complete
[bench] strategy clef-flash-gguf rep 0: 1033.611 s
[bench] summary /Users/whit3rabbit/Documents/GitHub/openkind/benchmarks/2026-10-01-local-model-suite/quality/clef-flash-gguf/ag_news/summary-clef-flash-gguf.json
{
  "comparability": {
    "forced_none_option": true,
    "note": "Choice rows always carry an injected __none__ option; accuracy includes it, answerable_ranking_accuracy excludes it for external comparison. Request wording follows the pinned template source."
  },
  "dataset": {
    "convert_revision": "4efd5262b756aee7a12710ca78c74aa258660063",
    "description": "News topic classification, 4 classes.",
    "files": 2,
    "gated": "none",
    "hf_repo": "fancyzhx/ag_news",
    "hf_revision": "eb185aade064a813bc0b7f42de02595523103ca4",
    "license": "unstated on the dataset card; internal evaluation only",
    "name": "ag_news",
    "task_family": "text-classification"
  },
  "engine": {
    "bundle_version": null,
    "engine": "clef",
    "model_revision": "d7f376ea88c05e7bb1014dd5351a93df9dd8029e",
    "profile_id": "c330d9ee7e9cc658ad45",
    "strategy": "clef-flash-gguf"
  },
  "evidence_class": "model-quality (public-dataset); no model or policy promotion",
  "limit": 50,
  "metrics": {
    "accuracy": 0.9,
    "accuracy_at_coverage": {
      "0.5": {
        "accuracy": 1.0,
        "answered": 25,
        "coverage": 0.5
      },
      "0.8": {
        "accuracy": 0.95,
        "answered": 40,
        "coverage": 0.8
      }
    },
    "accuracy_bootstrap": {
      "ci_95": [
        0.8,
        0.98
      ],
      "clusters": 50,
      "point": 0.9,
      "replicates": 2000,
      "seed": 29160717
    },
    "answerable_ranking_accuracy": 0.9,
    "aurc": 0.025550115601385807,
    "brier": 0.16975571862377492,
    "ece_10_bins": 0.04188409423511835,
    "false_none_rate": 0.0,
    "macro_f1": 0.8861742424242425,
    "nll": 0.3697658473344457,
    "none_recall": null,
    "per_class_recall": [
      {
        "count": 8,
        "label": "Business",
        "recall": 0.75
      },
      {
        "count": 10,
        "label": "Sci/Tech",
        "recall": 0.9
      },
      {
        "count": 16,
        "label": "Sports",
        "recall": 1.0
      },
      {
        "count": 16,
        "label": "World",
        "recall": 0.875
      }
    ],
    "risk_coverage": [
      {
        "accepted_error": 0.09999999999999998,
        "answered": 50,
        "threshold": 0.5
      },
      {
        "accepted_error": 0.08333333333333337,
        "answered": 48,
        "threshold": 0.75
      },
      {
        "accepted_error": 0.050000000000000044,
        "answered": 40,
        "threshold": 0.9
      },
      {
        "accepted_error": 0.0,
        "answered": 2,
        "threshold": 0.98
      }
    ],
    "rows": 50
  },
  "provenance": {
    "commit": "4f49048714c056cf97757de1f5fb2ea126fc87f6",
    "executable_sha256": "65d92a24e5a080b38e8c4af435fde1422a1c5a354cb2101b53019093f53f844a",
    "host": "Apple M4 Max, 14 cores, 36 GiB RAM, macOS arm64",
    "predictions_path": "/Users/whit3rabbit/Documents/GitHub/openkind/benchmarks/2026-10-01-local-model-suite/quality/clef-flash-gguf/ag_news/predictions-clef-flash-gguf-clef-flash-gguf.jsonl",
    "predictions_sha256": "0c64c2086802a8c9083530e373e70bc0d66032b8475cd159bfa406ef04891a7b",
    "summary_sha256": "28cb8aa73824d7567587287521628df8921f15f6ad85a1aa543ae7c2881b7306",
    "workload_path": "/Users/whit3rabbit/Documents/GitHub/openkind/benchmarks/2026-10-01-local-model-suite/quality/clef-flash-gguf/ag_news/workload-ag_news-eval.jsonl",
    "workload_sha256": "dc1d8893d535881c1e80eedd7012e8ef0dc8db0daa1ee4cf977a7a0e91dcc998"
  },
  "rows": 50,
  "schema": "openkind-dataset-eval/v1",
  "skipped_duplicates": 0,
  "skipped_template_rows": 0,
  "split": "eval",
  "template": {
    "id": "jev-benchmarking",
    "source": "https://github.com/AppliedMachineLearning-Lab/jev-benchmarking@6bbdeb33474849b6de2f0cccc9f5e19756abd67e",
    "version": 1
  }
}
[exit 0] eval clef-flash-gguf/ag_news (clef-flash-gguf)

$ /Users/whit3rabbit/Documents/GitHub/openkind/target/release/openkind-bench dataset eval banking77 --datasets-dir /Users/whit3rabbit/Library/Caches/openkind-local-suite-2026-10-01/datasets --limit 50 --engine clef-flash-gguf --host 'Apple M4 Max, 14 cores, 36 GiB RAM, macOS arm64' --commit 4f49048714c056cf97757de1f5fb2ea126fc87f6 --output-dir /Users/whit3rabbit/Documents/GitHub/openkind/benchmarks/2026-10-01-local-model-suite/quality/clef-flash-gguf/banking77 --pretty --model-root /Users/whit3rabbit/.cache/openkind/models/clef-flash-gguf-q4
[bench] workload /Users/whit3rabbit/Documents/GitHub/openkind/benchmarks/2026-10-01-local-model-suite/quality/clef-flash-gguf/banking77/workload-banking77-eval.jsonl: 50 rows (sha256 9987b6f82a27ab4a5ddc0124ab4a110945d168858aa1ff1352d371422d657b98)
[bench] 50 groups over 50 rows (grouping=true)
[bench] engine clef-flash-gguf starting
[bench] strategy clef-flash-gguf warmup complete
