profile=encoder-embedding:8d9498269ef05d95d93c
loader=encoder-embedding
commit=e3cb136f431e817ac4aca475ea381b0840ef2cd0
host=Apple M4 Max, 14 cores, 36 GiB RAM, macOS arm64

$ /Users/whit3rabbit/Documents/GitHub/openkind/target/release/openkind pull encoder-embedding:8d9498269ef05d95d93c
Downloading model.safetensors (127.3 MiB)
Verifying model.safetensors (SHA-256)
Verified model.safetensors
Downloading config.json (743 B)
Verifying config.json (SHA-256)
Verified config.json
Downloading tokenizer.json (694.7 KiB)
Verifying tokenizer.json (SHA-256)
Verified tokenizer.json
Installed encoder-embedding:8d9498269ef05d95d93c (rust-loadable); 128.0 MiB downloaded
To activate it, restart the daemon with: openkind serve --installed-models encoder-embedding:8d9498269ef05d95d93c
[exit 0] pull encoder-embedding:8d9498269ef05d95d93c

$ /Users/whit3rabbit/Documents/GitHub/openkind/target/release/examples/encoder_embedding_bench --model-root /tmp/openkind-local-suite-2026-10-01/models/models/encoder-embedding:8d9498269ef05d95d93c --backend cpu --host 'Apple M4 Max, 14 cores, 36 GiB RAM, macOS arm64' --commit e3cb136f431e817ac4aca475ea381b0840ef2cd0 --working-tree-dirty true
wrote benchmarks/2026-10-01-local-model-suite/performance/encoder-embedding-cpu.json
{
  "average_input_bytes": 192.33333333333334,
  "backend": "encoder-embedding/candle-fp32",
  "commit": "e3cb136f431e817ac4aca475ea381b0840ef2cd0",
  "embedding_dimensions": 384,
  "embeddings_per_second": 47.093069018229976,
  "encoder_id": "candle-bert:BAAI/bge-small-en-v1.5:cls:256:3c9f3166",
  "host": "Apple M4 Max, 14 cores, 36 GiB RAM, macOS arm64",
  "host_arch": "aarch64",
  "host_os": "macos",
  "input_count": 3,
  "input_sha256": "086c9e1df940316a5935968950f614bab3f2f4f0a860e9029d5e0c9f63ee5b97",
  "model": "BAAI/bge-small-en-v1.5",
  "model_revision": "5c38ec7c405ec4b44b94cc5a9bb96e735b38267a",
  "p50_ms": 22.107833,
  "p95_ms": 25.946542,
  "sample_calls": 30,
  "schema": "openkind-encoder-embedding-bench/v1",
  "warmup_calls": 5,
  "working_tree_dirty": true
}
[exit 0] embedding cpu

$ /Users/whit3rabbit/Documents/GitHub/openkind/target/release/examples/encoder_embedding_bench --model-root /tmp/openkind-local-suite-2026-10-01/models/models/encoder-embedding:8d9498269ef05d95d93c --backend mlx --host 'Apple M4 Max, 14 cores, 36 GiB RAM, macOS arm64' --commit e3cb136f431e817ac4aca475ea381b0840ef2cd0 --working-tree-dirty true
wrote benchmarks/2026-10-01-local-model-suite/performance/encoder-embedding-mlx.json
{
  "average_input_bytes": 192.33333333333334,
  "backend": "encoder-embedding/mlx-fp32",
  "commit": "e3cb136f431e817ac4aca475ea381b0840ef2cd0",
  "embedding_dimensions": 384,
  "embeddings_per_second": 289.9844111146887,
  "encoder_id": "mlx-bert:BAAI/bge-small-en-v1.5:cls:256:3c9f3166",
  "host": "Apple M4 Max, 14 cores, 36 GiB RAM, macOS arm64",
  "host_arch": "aarch64",
  "host_os": "macos",
  "input_count": 3,
  "input_sha256": "086c9e1df940316a5935968950f614bab3f2f4f0a860e9029d5e0c9f63ee5b97",
  "model": "BAAI/bge-small-en-v1.5",
  "model_revision": "5c38ec7c405ec4b44b94cc5a9bb96e735b38267a",
  "p50_ms": 3.3612084999999996,
  "p95_ms": 4.1055,
  "sample_calls": 30,
  "schema": "openkind-encoder-embedding-bench/v1",
  "warmup_calls": 5,
  "working_tree_dirty": true
}
[exit 0] embedding mlx

$ /Users/whit3rabbit/Documents/GitHub/openkind/target/release/openkind rm encoder-embedding:8d9498269ef05d95d93c
Removed installed model encoder-embedding:8d9498269ef05d95d93c
[exit 0] remove encoder-embedding:8d9498269ef05d95d93c
