[transformers] `causal_conv1d_fn` is falling back to its reference PyTorch implementation because `causal_conv1d` is not installed. This is correct but much slower; install `causal_conv1d` for the optimized kernel.
[transformers] `chunk_gated_delta_rule` is falling back to its reference PyTorch implementation because `flash-linear-attention` is not installed. This is correct but much slower; install `flash-linear-attention` for the optimized kernel.
[fp32_strict_math] Directly loading ONE text model as torch.float32; fresh free memory 21.84 GiB.

Fetching 2 files:   0%|          | 0/2 [00:00<?, ?it/s]
Fetching 2 files: 100%|██████████| 2/2 [00:00<00:00, 1389.99it/s]

Loading weights:   0%|          | 0/426 [00:00<?, ?it/s]
Loading weights:   0%|          | 1/426 [00:00<06:23,  1.11it/s]
Loading weights:  10%|▉         | 41/426 [00:01<00:06, 55.24it/s]
Loading weights:  15%|█▌        | 64/426 [00:01<00:04, 75.31it/s]
Loading weights:  19%|█▉        | 83/426 [00:01<00:04, 83.62it/s]
Loading weights:  23%|██▎       | 99/426 [00:01<00:03, 84.40it/s]
Loading weights:  28%|██▊       | 119/426 [00:01<00:02, 102.56it/s]
Loading weights:  31%|███▏      | 134/426 [00:01<00:02, 103.95it/s]
Loading weights:  35%|███▍      | 148/426 [00:01<00:02, 107.83it/s]
Loading weights:  38%|███▊      | 161/426 [00:02<00:02, 111.44it/s]
Loading weights:  41%|████      | 174/426 [00:02<00:02, 115.57it/s]
Loading weights:  44%|████▍     | 187/426 [00:02<00:02, 113.95it/s]
Loading weights:  47%|████▋     | 200/426 [00:02<00:01, 118.05it/s]
Loading weights:  50%|█████     | 213/426 [00:02<00:01, 111.69it/s]
Loading weights:  53%|█████▎    | 226/426 [00:02<00:01, 115.97it/s]
Loading weights:  56%|█████▌    | 239/426 [00:02<00:01, 118.74it/s]
Loading weights:  59%|█████▉    | 253/426 [00:02<00:01, 119.11it/s]
Loading weights:  62%|██████▏   | 266/426 [00:02<00:01, 115.17it/s]
Loading weights:  65%|██████▌   | 279/426 [00:03<00:01, 116.80it/s]
Loading weights:  69%|██████▉   | 293/426 [00:03<00:01, 116.56it/s]
Loading weights:  72%|███████▏  | 307/426 [00:03<00:01, 116.58it/s]
Loading weights:  75%|███████▍  | 319/426 [00:03<00:00, 114.73it/s]
Loading weights:  78%|███████▊  | 332/426 [00:03<00:00, 118.38it/s]
Loading weights:  81%|████████  | 346/426 [00:03<00:00, 118.15it/s]
Loading weights:  85%|████████▍ | 360/426 [00:03<00:00, 118.86it/s]
Loading weights:  89%|████████▉ | 379/426 [00:03<00:00, 115.53it/s]
Loading weights:  92%|█████████▏| 394/426 [00:03<00:00, 123.97it/s]
Loading weights:  96%|█████████▌| 407/426 [00:04<00:00, 119.83it/s]
Loading weights:  99%|█████████▊| 420/426 [00:04<00:00, 114.93it/s]
Loading weights: 100%|██████████| 426/426 [00:04<00:00, 100.14it/s]
[fp32_tf32_allowed] fresh: 1/416
[fp32_tf32_allowed] fresh: 9/416
[fp32_tf32_allowed] fresh: 17/416
[fp32_tf32_allowed] fresh: 25/416
[fp32_tf32_allowed] fresh: 33/416
[fp32_tf32_allowed] fresh: 41/416
[fp32_tf32_allowed] fresh: 49/416
[fp32_tf32_allowed] fresh: 57/416
[fp32_tf32_allowed] fresh: 65/416
[fp32_tf32_allowed] fresh: 73/416
[fp32_tf32_allowed] fresh: 81/416
[fp32_tf32_allowed] fresh: 89/416
[fp32_tf32_allowed] fresh: 97/416
[fp32_tf32_allowed] fresh: 105/416
[fp32_tf32_allowed] fresh: 113/416
[fp32_tf32_allowed] fresh: 121/416
[fp32_tf32_allowed] fresh: 129/416
[fp32_tf32_allowed] fresh: 137/416
[fp32_tf32_allowed] fresh: 145/416
[fp32_tf32_allowed] fresh: 153/416
[fp32_tf32_allowed] fresh: 161/416
[fp32_tf32_allowed] fresh: 169/416
[fp32_tf32_allowed] fresh: 177/416
[fp32_tf32_allowed] fresh: 185/416
[fp32_tf32_allowed] fresh: 193/416
[fp32_tf32_allowed] fresh: 201/416
[fp32_tf32_allowed] fresh: 209/416
[fp32_tf32_allowed] fresh: 217/416
[fp32_tf32_allowed] fresh: 225/416
[fp32_tf32_allowed] fresh: 233/416
[fp32_tf32_allowed] fresh: 241/416
[fp32_tf32_allowed] fresh: 249/416
[fp32_tf32_allowed] fresh: 257/416
[fp32_tf32_allowed] fresh: 265/416
[fp32_tf32_allowed] fresh: 273/416
[fp32_tf32_allowed] fresh: 281/416
[fp32_tf32_allowed] fresh: 289/416
[fp32_tf32_allowed] fresh: 297/416
[fp32_tf32_allowed] fresh: 305/416
[fp32_tf32_allowed] fresh: 313/416
[fp32_tf32_allowed] fresh: 321/416
[fp32_tf32_allowed] fresh: 329/416
[fp32_tf32_allowed] fresh: 337/416
[fp32_tf32_allowed] fresh: 345/416
[fp32_tf32_allowed] fresh: 353/416
[fp32_tf32_allowed] fresh: 361/416
[fp32_tf32_allowed] fresh: 369/416
[fp32_tf32_allowed] fresh: 377/416
[fp32_tf32_allowed] fresh: 385/416
[fp32_tf32_allowed] fresh: 393/416
[fp32_tf32_allowed] fresh: 401/416
[fp32_tf32_allowed] fresh: 409/416
[fp32_tf32_allowed] fresh: 416/416
[fp32_tf32_allowed] context: 1/72
[fp32_tf32_allowed] context: 9/72
[fp32_tf32_allowed] context: 17/72
[fp32_tf32_allowed] context: 25/72
[fp32_tf32_allowed] context: 33/72
[fp32_tf32_allowed] context: 41/72
[fp32_tf32_allowed] context: 49/72
[fp32_tf32_allowed] context: 57/72
[fp32_tf32_allowed] context: 65/72
[fp32_tf32_allowed] context: 72/72
[fp32_tf32_allowed] trace 1/2: gpu_lru_lossless
[fp32_tf32_allowed] trace 1/2: no_persistent
[fp32_tf32_allowed] trace 1/2: gpu_lru_kv_fp16
[fp32_tf32_allowed] trace 2/2: no_persistent
[fp32_tf32_allowed] trace 2/2: gpu_lru_kv_fp16
[fp32_tf32_allowed] trace 2/2: gpu_lru_lossless
