[transformers] `causal_conv1d_fn` is falling back to its reference PyTorch implementation because `causal_conv1d` is not installed. This is correct but much slower; install `causal_conv1d` for the optimized kernel.
[transformers] `chunk_gated_delta_rule` is falling back to its reference PyTorch implementation because `flash-linear-attention` is not installed. This is correct but much slower; install `flash-linear-attention` for the optimized kernel.
[bf16_default] Directly loading ONE text model as torch.bfloat16; fresh free memory 21.84 GiB.

Fetching 2 files:   0%|          | 0/2 [00:00<?, ?it/s]
Fetching 2 files: 100%|██████████| 2/2 [00:00<00:00, 1041.80it/s]

Loading weights:   0%|          | 0/426 [00:00<?, ?it/s]
Loading weights:   0%|          | 1/426 [00:00<01:49,  3.89it/s]
Loading weights:   6%|▋         | 27/426 [00:00<00:04, 92.80it/s]
Loading weights:  11%|█         | 47/426 [00:00<00:03, 125.26it/s]
Loading weights:  18%|█▊        | 77/426 [00:00<00:01, 180.42it/s]
Loading weights:  23%|██▎       | 99/426 [00:00<00:01, 175.42it/s]
Loading weights:  31%|███       | 131/426 [00:00<00:01, 216.91it/s]
Loading weights:  36%|███▋      | 155/426 [00:00<00:01, 204.31it/s]
Loading weights:  43%|████▎     | 184/426 [00:01<00:01, 227.91it/s]
Loading weights:  49%|████▉     | 209/426 [00:01<00:01, 214.96it/s]
Loading weights:  56%|█████▌    | 237/426 [00:01<00:00, 231.36it/s]
Loading weights:  62%|██████▏   | 262/426 [00:01<00:00, 213.68it/s]
Loading weights:  68%|██████▊   | 291/426 [00:01<00:00, 230.80it/s]
Loading weights:  74%|███████▍  | 315/426 [00:01<00:00, 220.41it/s]
Loading weights:  81%|████████  | 343/426 [00:01<00:00, 236.13it/s]
Loading weights:  86%|████████▋ | 368/426 [00:01<00:00, 218.05it/s]
Loading weights:  93%|█████████▎| 395/426 [00:01<00:00, 231.13it/s]
Loading weights:  98%|█████████▊| 419/426 [00:02<00:00, 215.81it/s]
Loading weights: 100%|██████████| 426/426 [00:02<00:00, 200.77it/s]
[bf16_default] Uncompressed reference/parity 1/128
[bf16_default] Uncompressed reference/parity 9/128
[bf16_default] Uncompressed reference/parity 17/128
[bf16_default] Uncompressed reference/parity 25/128
[bf16_default] Uncompressed reference/parity 33/128
[bf16_default] Uncompressed reference/parity 41/128
[bf16_default] Uncompressed reference/parity 49/128
[bf16_default] Uncompressed reference/parity 57/128
[bf16_default] Uncompressed reference/parity 65/128
[bf16_default] Uncompressed reference/parity 73/128
[bf16_default] Uncompressed reference/parity 81/128
[bf16_default] Uncompressed reference/parity 89/128
[bf16_default] Uncompressed reference/parity 97/128
[bf16_default] Uncompressed reference/parity 105/128
[bf16_default] Uncompressed reference/parity 113/128
[bf16_default] Uncompressed reference/parity 121/128
[bf16_default] Uncompressed reference/parity 128/128
[bf16_default] Packed-cache parity 1/32
[bf16_default] Packed-cache parity 5/32
[bf16_default] Packed-cache parity 9/32
[bf16_default] Packed-cache parity 13/32
[bf16_default] Packed-cache parity 17/32
[bf16_default] Packed-cache parity 21/32
[bf16_default] Packed-cache parity 25/32
[bf16_default] Packed-cache parity 29/32
[bf16_default] Packed-cache parity 32/32
[bf16_default] Cold request timing 1/16
[bf16_default] Cold request timing 2/16
[bf16_default] Cold request timing 3/16
[bf16_default] Cold request timing 4/16
[bf16_default] Cold request timing 5/16
[bf16_default] Cold request timing 6/16
[bf16_default] Cold request timing 7/16
[bf16_default] Cold request timing 8/16
[bf16_default] Cold request timing 9/16
[bf16_default] Cold request timing 10/16
[bf16_default] Cold request timing 11/16
[bf16_default] Cold request timing 12/16
[bf16_default] Cold request timing 13/16
[bf16_default] Cold request timing 14/16
[bf16_default] Cold request timing 15/16
[bf16_default] Cold request timing 16/16
[bf16_default] Traffic grouped_locality: no_persistent_cache
[bf16_default] Traffic grouped_locality: gpu_lru_lossless
[bf16_default] Traffic grouped_locality: cpu_lru_lossless
[bf16_default] Traffic grouped_locality: gpu_lru_tq_k3_v4_r32
[bf16_default] Traffic shuffled_same_requests: no_persistent_cache
[bf16_default] Traffic shuffled_same_requests: gpu_lru_lossless
[bf16_default] Traffic shuffled_same_requests: cpu_lru_lossless
[bf16_default] Traffic shuffled_same_requests: gpu_lru_tq_k3_v4_r32
[bf16_default] Long-prefix mechanics: 64
[bf16_default] Long-prefix mechanics: 256
[bf16_default] Long-prefix mechanics: 1024
